<html>
<body>
<pre>
<h1>µVision Build Log</h1>
<h2>Tool Versions:</h2>
IDE-Version: ¦ÌVision V5.25.3.0
Copyright (C) 2018 ARM Ltd and ARM Germany GmbH. All rights reserved.
License Information: 1 Microsoft, Microsoft, LIC=S5ITG-V5G2Q-BXVUY-I5T0J-4HUEL-MI8C5
 
Tool Versions:
Toolchain:       MDK-ARM Professional  Version: 5.25.2.0
Toolchain Path:  D:\Keil_v5\ARM\ARMCC\Bin
C Compiler:      Armcc.exe V5.06 update 6 (build 750)
Assembler:       Armasm.exe V5.06 update 6 (build 750)
Linker/Locator:  ArmLink.exe V5.06 update 6 (build 750)
Library Manager: ArmAr.exe V5.06 update 6 (build 750)
Hex Converter:   FromElf.exe V5.06 update 6 (build 750)
CPU DLL:         SARMCM3.DLL V5.25.2.0
Dialog DLL:      DCM.DLL V1.17.1.0
Target DLL:      Segger\JL2CM3.dll V2.99.29.0
Dialog DLL:      TCM.DLL V1.35.1.0
 
<h2>Project:</h2>
F:\JK508\Project\RVMDK£¨uv5£©\BF-F429.uvprojx
Project File Date:  10/21/2019

<h2>Output:</h2>
*** Using Compiler 'V5.06 update 6 (build 750)', folder: 'D:\Keil_v5\ARM\ARMCC\Bin'
Build target 'LCD'
compiling touchscreen.c...
..\..\User\touchscreen.c(334): warning:  #223-D: function "delay_us" declared implicitly
      delay_us(20);
..\..\User\touchscreen.c(376): warning:  #177-D: variable "temp"  was declared but never referenced
        s32 temp;                        
..\..\User\touchscreen.c(596): warning:  #223-D: function "delay_us" declared implicitly
                delay_ms(10);
..\..\User\touchscreen.c(655): warning:  #223-D: function "focus_on1" declared implicitly
                                        focus_on1();
..\..\User\touchscreen.c(758): warning:  #223-D: function "focus_on1" declared implicitly
                                                                focus_on1();
..\..\User\touchscreen.c(817): warning:  #223-D: function "focus_on1" declared implicitly
                                                                focus_on1();
..\..\User\touchscreen.c(876): warning:  #223-D: function "focus_on1" declared implicitly
                                                                focus_on1();
..\..\User\touchscreen.c(2150): warning:  #223-D: function "plus_year" declared implicitly
                                                                        plus_year();
..\..\User\touchscreen.c(2152): warning:  #223-D: function "plus_day" declared implicitly
                                                                        plus_day();
..\..\User\touchscreen.c(2161): warning:  #223-D: function "plus_hour" declared implicitly
                                                                        plus_hour();                                                    
..\..\User\touchscreen.c(2163): warning:  #223-D: function "plus_sec" declared implicitly
                                                                        plus_sec();
..\..\User\touchscreen.c(2171): warning:  #223-D: function "brt_set" declared implicitly
                                                                brt_set(1);
..\..\User\touchscreen.c(2185): warning:  #223-D: function "touch_set" declared implicitly
                                                                touch_set(1);
..\..\User\touchscreen.c(2219): warning:  #223-D: function "minus_year" declared implicitly
                                                                        minus_year();
..\..\User\touchscreen.c(2221): warning:  #223-D: function "minus_day" declared implicitly
                                                                        minus_day();
..\..\User\touchscreen.c(2230): warning:  #223-D: function "minus_hour" declared implicitly
                                                                        minus_hour();
..\..\User\touchscreen.c(2232): warning:  #223-D: function "minus_sec" declared implicitly
                                                                        minus_sec();
..\..\User\touchscreen.c(2240): warning:  #223-D: function "brt_set" declared implicitly
                                                                brt_set(2);
..\..\User\touchscreen.c(2254): warning:  #223-D: function "touch_set" declared implicitly
                                                                touch_set(2);
..\..\User\touchscreen.c(2276): warning:  #223-D: function "plus_mon" declared implicitly
                                                                        plus_mon();
..\..\User\touchscreen.c(2285): warning:  #223-D: function "plus_min" declared implicitly
                                                                        plus_min();
..\..\User\touchscreen.c(2293): warning:  #223-D: function "brt_set" declared implicitly
                                                                brt_set(3);
..\..\User\touchscreen.c(2321): warning:  #223-D: function "minus_mon" declared implicitly
                                                                        minus_mon();
..\..\User\touchscreen.c(2330): warning:  #223-D: function "minus_min" declared implicitly
                                                                        minus_min();
..\..\User\touchscreen.c(2338): warning:  #223-D: function "brt_set" declared implicitly
                                                                brt_set(4);
..\..\User\touchscreen.c(2407): warning:  #223-D: function "brt_set" declared implicitly
                                                                        brt_set(5);
..\..\User\touchscreen.c(2537): warning:  #223-D: function "focus_off1" declared implicitly
                                                                        focus_off1();
..\..\User\touchscreen.c(2559): warning:  #223-D: function "focus_off1" declared implicitly
                                                                        focus_off1();
..\..\User\touchscreen.c(2600): warning:  #223-D: function "focus_off1" declared implicitly
                                                                        focus_off1();
..\..\User\touchscreen.c(2622): warning:  #223-D: function "focus_off1" declared implicitly
                                                                        focus_off1();
..\..\User\touchscreen.c(2653): warning:  #223-D: function "focus_off1" declared implicitly
                                                                        focus_off1();
..\..\User\touchscreen.c(2673): warning:  #223-D: function "focus_off1" declared implicitly
                                                                        focus_off1();
..\..\User\touchscreen.c(2715): warning:  #223-D: function "focus_off1" declared implicitly
                                                                        focus_off1();
..\..\User\touchscreen.c(2737): warning:  #223-D: function "focus_off1" declared implicitly
                                                                        focus_off1();
..\..\User\touchscreen.c(2788): warning:  #223-D: function "focus_off1" declared implicitly
                                                                        focus_off1();
..\..\User\touchscreen.c(2810): warning:  #223-D: function "focus_off1" declared implicitly
                                                                        focus_off1();
..\..\User\touchscreen.c(2841): warning:  #223-D: function "focus_off1" declared implicitly
                                                                        focus_off1();
..\..\User\touchscreen.c(2871): warning:  #223-D: function "focus_off1" declared implicitly
                                                                        focus_off1();
..\..\User\touchscreen.c(4869): warning:  #1-D: last line of file ends without a newline
  }
..\..\User\touchscreen.c(58): warning:  #177-D: function "set_mid"  was declared but never referenced
  static void set_mid(void){    X_P0;   X_N1;   Y_P1;   Y_N0;}
..\..\User\touchscreen.c: 40 warnings, 0 errors
linking...
Program Size: Code=180296 RO-data=282528 RW-data=820 ZI-data=82988  
FromELF: creating hex file...
After Build - User command #1: D:\Keil_v5\ARM\ARMCC\bin\fromelf.exe --bin -o ..\..\Output\update.bin ..\..\Output\LCD.axf
"..\..\Output\LCD.axf" - 0 Error(s), 40 Warning(s).

<h2>Software Packages used:</h2>

Package Vendor: Keil
                http://www.keil.com/pack/Keil.STM32F4xx_DFP.2.12.0.pack
                Keil.STM32F4xx_DFP.2.12.0
                STMicroelectronics STM32F4 Series Device Support, Drivers and Examples

<h2>Collection of Component include folders:</h2>
  .\RTE\_LCD
  D:\Keil_v5\ARM\PACK\Keil\STM32F4xx_DFP\2.12.0\Drivers\CMSIS\Device\ST\STM32F4xx\Include

<h2>Collection of Component Files used:</h2>
Build Time Elapsed:  00:00:07
</pre>
</body>
</html>
