<html>
<body>
<pre>
<h1>礦ision Build Log</h1>
<h2>Tool Versions:</h2>
IDE-Version: μVision V5.24.2.0
Copyright (C) 2017 ARM Ltd and ARM Germany GmbH. All rights reserved.
License Information: w w, w, LIC=CZLQD-8WV0N-J62Q9-46GMA-Q16VJ-WQP69
 
Tool Versions:
Toolchain:       MDK-ARM Plus  Version: 5.24.1
Toolchain Path:  D:\Keil_v5\ARM\ARMCC\Bin
C Compiler:      Armcc.exe V5.06 update 5 (build 528)
Assembler:       Armasm.exe V5.06 update 5 (build 528)
Linker/Locator:  ArmLink.exe V5.06 update 5 (build 528)
Library Manager: ArmAr.exe V5.06 update 5 (build 528)
Hex Converter:   FromElf.exe V5.06 update 5 (build 528)
CPU DLL:         SARMCM3.DLL V5.24.1
Dialog DLL:      DCM.DLL V1.16.0.0
Target DLL:      Segger\JL2CM3.dll V2.99.26.0
Dialog DLL:      TCM.DLL V1.32.0.0
 
<h2>Project:</h2>
D:\手持表\JK508\Project\RVMDK（uv5）\BF-F429.uvprojx
Project File Date:  09/13/2018

<h2>Output:</h2>
*** Using Compiler 'V5.06 update 5 (build 528)', folder: 'D:\Keil_v5\ARM\ARMCC\Bin'
Build target 'LCD'
compiling main.c...
..\..\User\main.c(222): warning:  #550-D: variable "powerstat"  was set but never used
        static u8 powerstat;
..\..\User\main.c(223): warning:  #177-D: variable "ledstat"  was declared but never referenced
        static u8 ledstat;
..\..\User\main.c(478): warning:  #177-D: variable "i"  was declared but never referenced
        u8 i;
..\..\User\main.c(1333): warning:  #177-D: variable "j"  was declared but never referenced
        u8 j;
..\..\User\main.c(1338): warning:  #177-D: variable "voltage"  was declared but never referenced
                u16 voltage;//电压
..\..\User\main.c(1339): warning:  #177-D: variable "current"  was declared but never referenced
        u16 current;
..\..\User\main.c(1340): warning:  #177-D: variable "power"  was declared but never referenced
        u32 power;  //功率
..\..\User\main.c(1341): warning:  #177-D: variable "frequancy"  was declared but never referenced
        u16 frequancy;
..\..\User\main.c(1342): warning:  #177-D: variable "PF"  was declared but never referenced
        u16 PF;//功率因数
..\..\User\main.c(1976): warning:  #177-D: variable "Check"  was declared but never referenced
        static u8 Check[4096];
..\..\User\main.c: 10 warnings, 0 errors
compiling home.c...
linking...
Program Size: Code=124588 RO-data=98504 RW-data=620 ZI-data=68844  
FromELF: creating hex file...
"..\..\Output\LCD.axf" - 0 Error(s), 10 Warning(s).

<h2>Software Packages used:</h2>

Package Vendor: Keil
                http://www.keil.com/pack/Keil.STM32F4xx_DFP.2.12.0.pack
                Keil.STM32F4xx_DFP.2.12.0
                STMicroelectronics STM32F4 Series Device Support, Drivers and Examples

<h2>Collection of Component include folders:</h2>
  .\RTE\_LCD
  D:\Keil_v5\ARM\PACK\Keil\STM32F4xx_DFP\2.12.0\Drivers\CMSIS\Device\ST\STM32F4xx\Include

<h2>Collection of Component Files used:</h2>
Build Time Elapsed:  00:00:03
</pre>
</body>
</html>
