<html>
<body>
<pre>
<h1>µVision Build Log</h1>
<h2>Tool Versions:</h2>
IDE-Version: ¶ÃVision V5.24.2.0
Copyright (C) 2017 ARM Ltd and ARM Germany GmbH. All rights reserved.
License Information: w w, w, LIC=CZLQD-8WV0N-J62Q9-46GMA-Q16VJ-WQP69
 
Tool Versions:
Toolchain:       MDK-ARM Plus  Version: 5.24.1
Toolchain Path:  D:\Keil_v5\ARM\ARMCC\Bin
C Compiler:      Armcc.exe V5.06 update 5 (build 528)
Assembler:       Armasm.exe V5.06 update 5 (build 528)
Linker/Locator:  ArmLink.exe V5.06 update 5 (build 528)
Library Manager: ArmAr.exe V5.06 update 5 (build 528)
Hex Converter:   FromElf.exe V5.06 update 5 (build 528)
CPU DLL:         SARMCM3.DLL V5.24.1
Dialog DLL:      DCM.DLL V1.16.0.0
Target DLL:      Segger\JL2CM3.dll V2.99.26.0
Dialog DLL:      TCM.DLL V1.32.0.0
 
<h2>Project:</h2>
D:\ ÷≥÷±Ì\JK508\Project\RVMDK£®uv5£©\BF-F429.uvprojx
Project File Date:  09/13/2018

<h2>Output:</h2>
*** Using Compiler 'V5.06 update 5 (build 528)', folder: 'D:\Keil_v5\ARM\ARMCC\Bin'
Build target 'LCD'
compiling touchscreen.c...
..\..\User\touchscreen.c(230): warning:  #1035-D: single-precision operand implicitly converted to double-precision
                XCOOR = (int)(8.49*(float)Xconvert-15.48);
..\..\User\touchscreen.c(237): warning:  #1035-D: single-precision operand implicitly converted to double-precision
                YCOOR = 480 - (int)(6.38*(float)Yconvert-9.16);
..\..\User\touchscreen.c(189): warning:  #177-D: variable "var32"  was declared but never referenced
        u32 var32;
..\..\User\touchscreen.c(266): warning:  #223-D: function "focus_on" declared implicitly
                                                focus_on(CH1_SW);
..\..\User\touchscreen.c(269): warning:  #223-D: function "focus_on" declared implicitly
                                                focus_on(CH9_SW);
..\..\User\touchscreen.c(272): warning:  #223-D: function "focus_on" declared implicitly
                                                focus_on(CH17_SW);
..\..\User\touchscreen.c(275): warning:  #223-D: function "focus_on" declared implicitly
                                                focus_on(CH25_SW);
..\..\User\touchscreen.c(278): warning:  #223-D: function "focus_on" declared implicitly
                                                focus_on(CH33_SW);
..\..\User\touchscreen.c(417): warning:  #1-D: last line of file ends without a newline
  }
..\..\User\touchscreen.c(178): warning:  #177-D: function "set_yz"  was declared but never referenced
  static void set_yz(void){     X_P1;   X_N1;   Y_P0;   Y_N0;}
..\..\User\touchscreen.c(181): warning:  #177-D: function "set_mid"  was declared but never referenced
  static void set_mid(void){    X_P0;   X_N1;   Y_P1;   Y_N0;}
..\..\User\touchscreen.c: 11 warnings, 0 errors
linking...
Program Size: Code=126044 RO-data=98724 RW-data=648 ZI-data=68944  
FromELF: creating hex file...
"..\..\Output\LCD.axf" - 0 Error(s), 11 Warning(s).

<h2>Software Packages used:</h2>

Package Vendor: Keil
                http://www.keil.com/pack/Keil.STM32F4xx_DFP.2.12.0.pack
                Keil.STM32F4xx_DFP.2.12.0
                STMicroelectronics STM32F4 Series Device Support, Drivers and Examples

<h2>Collection of Component include folders:</h2>
  .\RTE\_LCD
  D:\Keil_v5\ARM\PACK\Keil\STM32F4xx_DFP\2.12.0\Drivers\CMSIS\Device\ST\STM32F4xx\Include

<h2>Collection of Component Files used:</h2>
Build Time Elapsed:  00:00:02
</pre>
</body>
</html>
