<html>
<body>
<pre>
<h1>礦ision Build Log</h1>
<h2>Tool Versions:</h2>
IDE-Version: μVision V5.24.2.0
Copyright (C) 2017 ARM Ltd and ARM Germany GmbH. All rights reserved.
License Information: w w, w, LIC=CZLQD-8WV0N-J62Q9-46GMA-Q16VJ-WQP69
 
Tool Versions:
Toolchain:       MDK-ARM Plus  Version: 5.24.1
Toolchain Path:  D:\Keil_v5\ARM\ARMCC\Bin
C Compiler:      Armcc.exe V5.06 update 5 (build 528)
Assembler:       Armasm.exe V5.06 update 5 (build 528)
Linker/Locator:  ArmLink.exe V5.06 update 5 (build 528)
Library Manager: ArmAr.exe V5.06 update 5 (build 528)
Hex Converter:   FromElf.exe V5.06 update 5 (build 528)
CPU DLL:         SARMCM3.DLL V5.24.1
Dialog DLL:      DCM.DLL V1.16.0.0
Target DLL:      Segger\JL2CM3.dll V2.99.26.0
Dialog DLL:      TCM.DLL V1.32.0.0
 
<h2>Project:</h2>
D:\手持表\JK508\Project\RVMDK（uv5）\BF-F429.uvprojx
Project File Date:  09/13/2018

<h2>Output:</h2>
*** Using Compiler 'V5.06 update 5 (build 528)', folder: 'D:\Keil_v5\ARM\ARMCC\Bin'
Build target 'LCD'
compiling main.c...
..\..\User\main.c(327): warning:  #223-D: function "Read_Sflag" declared implicitly
                Read_Sflag();
..\..\User\main.c(473): warning:  #177-D: variable "i"  was declared but never referenced
        u8 i;
..\..\User\main.c(1327): warning:  #177-D: variable "j"  was declared but never referenced
        u8 j;
..\..\User\main.c: 3 warnings, 0 errors
compiling stm32f4xx_it.c...
..\..\User\stm32f4xx_it.c(206): warning:  #177-D: variable "bcount"  was declared but never referenced
        static u8 bcount;
..\..\User\stm32f4xx_it.c(207): warning:  #177-D: variable "btbuff"  was declared but never referenced
        static u16 btbuff;
..\..\User\stm32f4xx_it.c(208): warning:  #177-D: variable "recflag"  was declared but never referenced
        static u8 recflag = 0;
..\..\User\stm32f4xx_it.c: 3 warnings, 0 errors
compiling bsp_lcd.c...
..\..\User\lcd\bsp_lcd.c(930): warning:  #1035-D: single-precision operand implicitly converted to double-precision
                        capercent = (float)(cap-58)/42.0;
..\..\User\lcd\bsp_lcd.c(2044): warning:  #550-D: variable "k"  was set but never used
    float k = 0, rad1 = 0, rad2 = 0;
..\..\User\lcd\bsp_lcd.c(2101): warning:  #550-D: variable "k"  was set but never used
    float k = 0, rad1 = 0, rad2 = 0;
..\..\User\lcd\bsp_lcd.c: 3 warnings, 0 errors
compiling bsp_key.c...
..\..\User\key\bsp_key.c(13018): warning:  #177-D: variable "i"  was declared but never referenced
        u8 i;
..\..\User\key\bsp_key.c: 1 warning, 0 errors
compiling bsp_basic_tim.c...
compiling bsp_rtc.c...
compiling touchscreen.c...
compiling ch376.c...
..\..\User\ch376\ch376.c(238): warning:  #223-D: function "printf" declared implicitly
        
LASH_ERROR("SPI 等待超时!errorCode = %d",errorCode);
..\..\User\ch376\ch376.c: 1 warning, 0 errors
compiling FILESYS.c...
compiling home.c...
compiling system.c...
compiling settings.c...
compiling separation.c...
compiling sysinfo.c...
compiling graph.c...
compiling graphset.c...
..\..\User\APP\graphset.c(25): warning:  #177-D: variable "i"  was declared but never referenced
        u8 i,j;
..\..\User\APP\graphset.c(25): warning:  #177-D: variable "j"  was declared but never referenced
        u8 i,j;
..\..\User\APP\graphset.c(26): warning:  #177-D: variable "buf"  was declared but never referenced
        char buf[5];
..\..\User\APP\graphset.c: 3 warnings, 0 errors
compiling history.c...
compiling calibarate.c...
compiling power_on.c...
linking...
Program Size: Code=121044 RO-data=98388 RW-data=596 ZI-data=68460  
FromELF: creating hex file...
"..\..\Output\LCD.axf" - 0 Error(s), 14 Warning(s).

<h2>Software Packages used:</h2>

Package Vendor: Keil
                http://www.keil.com/pack/Keil.STM32F4xx_DFP.2.12.0.pack
                Keil.STM32F4xx_DFP.2.12.0
                STMicroelectronics STM32F4 Series Device Support, Drivers and Examples

<h2>Collection of Component include folders:</h2>
  .\RTE\_LCD
  D:\Keil_v5\ARM\PACK\Keil\STM32F4xx_DFP\2.12.0\Drivers\CMSIS\Device\ST\STM32F4xx\Include

<h2>Collection of Component Files used:</h2>
Build Time Elapsed:  00:00:23
</pre>
</body>
</html>
