<html>
<body>
<pre>
<h1>µVision Build Log</h1>
<h2>Tool Versions:</h2>
IDE-Version: ¦ÌVision V5.25.3.0
Copyright (C) 2018 ARM Ltd and ARM Germany GmbH. All rights reserved.
License Information: 1 Microsoft, Microsoft, LIC=S5ITG-V5G2Q-BXVUY-I5T0J-4HUEL-MI8C5
 
Tool Versions:
Toolchain:       MDK-ARM Professional  Version: 5.25.2.0
Toolchain Path:  D:\Keil_v5\ARM\ARMCC\Bin
C Compiler:      Armcc.exe V5.06 update 6 (build 750)
Assembler:       Armasm.exe V5.06 update 6 (build 750)
Linker/Locator:  ArmLink.exe V5.06 update 6 (build 750)
Library Manager: ArmAr.exe V5.06 update 6 (build 750)
Hex Converter:   FromElf.exe V5.06 update 6 (build 750)
CPU DLL:         SARMCM3.DLL V5.25.2.0
Dialog DLL:      DCM.DLL V1.17.1.0
Target DLL:      Segger\JL2CM3.dll V2.99.29.0
Dialog DLL:      TCM.DLL V1.35.1.0
 
<h2>Project:</h2>
F:\JK508\Project\RVMDK£¨uv5£©\BF-F429.uvprojx
Project File Date:  01/10/2019

<h2>Output:</h2>
*** Using Compiler 'V5.06 update 6 (build 750)', folder: 'D:\Keil_v5\ARM\ARMCC\Bin'
Build target 'LCD'
compiling main.c...
..\..\User\main.c(229): warning:  #177-D: variable "buf"  was declared but never referenced
        uint8_t  buf[0x40];
..\..\User\main.c(231): warning:  #177-D: variable "test"  was declared but never referenced
        u8 test[9] = {0X01,0X03,0X02,0X58,0X00,0X01,0X02,0X00,0X05};
..\..\User\main.c(233): warning:  #177-D: variable "reqtempcount"  was declared but never referenced
        static u8 reqtempcount;
..\..\User\main.c(237): warning:  #177-D: variable "sendcount"  was declared but never referenced
        static u16 sendcount;
..\..\User\main.c(501): warning:  #1035-D: single-precision operand implicitly converted to double-precision
                                G_Data[i][count] = (graphbuf[i][0]/MULTI * 256 + graphbuf[i][1]/MULTI)/10.0 - Correction[i];                                                    
..\..\User\main.c(438): warning:  #177-D: variable "ucTemp"  was declared but never referenced
        static uint8_t ucTemp;
..\..\User\main.c(439): warning:  #177-D: variable "Total_Len"  was declared but never referenced
        static u8 Total_Len = 0;
..\..\User\main.c(440): warning:  #177-D: variable "uinitflag"  was declared but never referenced
        static u8 uinitflag = 0;
..\..\User\main.c(450): warning:  #177-D: variable "usave"  was declared but never referenced
        static u8 usave;
..\..\User\main.c: 9 warnings, 0 errors
linking...
Program Size: Code=157212 RO-data=99408 RW-data=696 ZI-data=68928  
FromELF: creating hex file...
"..\..\Output\LCD.axf" - 0 Error(s), 9 Warning(s).

<h2>Software Packages used:</h2>

Package Vendor: Keil
                http://www.keil.com/pack/Keil.STM32F4xx_DFP.2.12.0.pack
                Keil.STM32F4xx_DFP.2.12.0
                STMicroelectronics STM32F4 Series Device Support, Drivers and Examples

<h2>Collection of Component include folders:</h2>
  .\RTE\_LCD
  D:\Keil_v5\ARM\PACK\Keil\STM32F4xx_DFP\2.12.0\Drivers\CMSIS\Device\ST\STM32F4xx\Include

<h2>Collection of Component Files used:</h2>
Build Time Elapsed:  00:00:05
</pre>
</body>
</html>
