<html>
<body>
<pre>
<h1>µVision Build Log</h1>
<h2>Tool Versions:</h2>
IDE-Version: ¦ÌVision V5.38.0.0
Copyright (C) 2022 ARM Ltd and ARM Germany GmbH. All rights reserved.
License Information: lj Administrator, JK, LIC=WHYH9-4ZW6G-TG17T-R739D-ZWPZ5-PK2TP
 
Tool Versions:
Toolchain:       MDK-ARM Plus  Version: 5.38.0.0
Toolchain Path:  C:\Keil_v5\ARM\ARMCC\Bin
C Compiler:      Armcc.exe V5.06 update 4 (build 422)
Assembler:       Armasm.exe V5.06 update 4 (build 422)
Linker/Locator:  ArmLink.exe V5.06 update 4 (build 422)
Library Manager: ArmAr.exe V5.06 update 4 (build 422)
Hex Converter:   FromElf.exe V5.06 update 4 (build 422)
CPU DLL:         SARMCM3.DLL V5.38.0.0
Dialog DLL:      DCM.DLL V1.17.5.0
Target DLL:      Segger\JL2CM3.dll V2.99.42.0
Dialog DLL:      TCM.DLL V1.56.4.0
 
<h2>Project:</h2>
H:\JK508\Project\RVMDK£¨uv5£©\BF-F429.uvprojx
Project File Date:  10/11/2023

<h2>Output:</h2>
*** Using Compiler 'V5.06 update 4 (build 422)', folder: 'C:\Keil_v5\ARM\ARMCC\Bin'
Build target 'LCD'
compiling main.c...
..\..\User\main.c(303): warning:  #177-D: variable "reqtempcount"  was declared but never referenced
  		static u8 reqtempcount;
..\..\User\main.c(307): warning:  #177-D: variable "sendcount"  was declared but never referenced
  	static u16 sendcount;
..\..\User\main.c(309): warning:  #177-D: variable "buf"  was declared but never referenced
  	uint8_t  buf[0x40];
..\..\User\main.c(311): warning:  #177-D: variable "test"  was declared but never referenced
  	u8 test[9] = {0X01,0X03,0X02,0X58,0X00,0X01,0X02,0X00,0X05};
..\..\User\main.c(750): warning:  #177-D: variable "ucTemp"  was declared but never referenced
  	static uint8_t ucTemp;
..\..\User\main.c(751): warning:  #177-D: variable "Total_Len"  was declared but never referenced
  	static u8 Total_Len = 0;
..\..\User\main.c(752): warning:  #177-D: variable "uinitflag"  was declared but never referenced
  	static u8 uinitflag = 0;
..\..\User\main.c(757): warning:  #177-D: variable "hisconv"  was declared but never referenced
  	static u16 hisconv;
..\..\User\main.c(758): warning:  #177-D: variable "corconv"  was declared but never referenced
  	static u16 corconv;
..\..\User\main.c(762): warning:  #177-D: variable "usave"  was declared but never referenced
  	static u8 usave;
..\..\User\main.c(4011): warning:  #177-D: variable "offflag"  was declared but never referenced
  	static u8 offflag;
..\..\User\main.c: 11 warnings, 0 errors
linking...
Program Size: Code=194764 RO-data=284172 RW-data=1076 ZI-data=166476  
FromELF: creating hex file...
After Build - User command #1: C:\Keil_v5\ARM\ARMCC\bin\fromelf.exe --bin -o ..\..\Output\update.bin ..\..\Output\LCD.axf
"..\..\Output\LCD.axf" - 0 Error(s), 11 Warning(s).

<h2>Software Packages used:</h2>

Package Vendor: Keil
                https://www.keil.com/pack/Keil.STM32F4xx_DFP.2.17.0.pack
                Keil.STM32F4xx_DFP.2.17.0
                STMicroelectronics STM32F4 Series Device Support, Drivers and Examples

<h2>Collection of Component include folders:</h2>
  C:/Keil_v5/ARM/PACK/Keil/STM32F4xx_DFP/2.17.0/Drivers/CMSIS/Device/ST/STM32F4xx/Include

<h2>Collection of Component Files used:</h2>
Build Time Elapsed:  00:00:04
</pre>
</body>
</html>
