<html>
<body>
<pre>
<h1>µVision Build Log</h1>
<h2>Tool Versions:</h2>
IDE-Version: ¶ÃVision V5.24.2.0
Copyright (C) 2017 ARM Ltd and ARM Germany GmbH. All rights reserved.
License Information: w w, w, LIC=BL2SB-2CS3T-IKAB7-EH8V2-EIBF8-975FA
 
Tool Versions:
Toolchain:       MDK-ARM Professional  Version: 5.24.1
Toolchain Path:  D:\Keil_v5\ARM\ARMCC\Bin
C Compiler:      Armcc.exe V5.06 update 5 (build 528)
Assembler:       Armasm.exe V5.06 update 5 (build 528)
Linker/Locator:  ArmLink.exe V5.06 update 5 (build 528)
Library Manager: ArmAr.exe V5.06 update 5 (build 528)
Hex Converter:   FromElf.exe V5.06 update 5 (build 528)
CPU DLL:         SARMCM3.DLL V5.24.1
Dialog DLL:      DCM.DLL V1.16.0.0
Target DLL:      Segger\JL2CM3.dll V2.99.26.0
Dialog DLL:      TCM.DLL V1.32.0.0
 
<h2>Project:</h2>
D:\ ÷≥÷±Ì\JK508\Project\RVMDK£®uv5£©\BF-F429.uvprojx
Project File Date:  12/11/2018

<h2>Output:</h2>
*** Using Compiler 'V5.06 update 5 (build 528)', folder: 'D:\Keil_v5\ARM\ARMCC\Bin'
Build target 'LCD'
compiling main.c...
..\..\User\main.c(226): warning:  #177-D: variable "buf"  was declared but never referenced
        uint8_t  buf[0x40];
..\..\User\main.c(228): warning:  #177-D: variable "test"  was declared but never referenced
        u8 test[9] = {0X01,0X03,0X02,0X58,0X00,0X01,0X02,0X00,0X05};
..\..\User\main.c(230): warning:  #177-D: variable "reqtempcount"  was declared but never referenced
        static u8 reqtempcount;
..\..\User\main.c(386): warning:  #177-D: variable "ucTemp"  was declared but never referenced
        static uint8_t ucTemp;
..\..\User\main.c(387): warning:  #177-D: variable "Total_Len"  was declared but never referenced
        static u8 Total_Len = 0;
..\..\User\main.c(388): warning:  #177-D: variable "uinitflag"  was declared but never referenced
        static u8 uinitflag = 0;
..\..\User\main.c(389): warning:  #177-D: variable "multicount"  was declared but never referenced
        static u8 multicount = 0;
..\..\User\main.c(391): warning:  #177-D: variable "graphbuf"  was declared but never referenced
        static u8 graphbuf[16][2];
..\..\User\main.c(392): warning:  #177-D: variable "hisbuf"  was declared but never referenced
        static u8 hisbuf[16][2];
..\..\User\main.c(393): warning:  #177-D: variable "hisconv"  was declared but never referenced
        static u16 hisconv;
..\..\User\main.c(394): warning:  #177-D: variable "corconv"  was declared but never referenced
        static u16 corconv;
..\..\User\main.c(395): warning:  #177-D: variable "i"  was declared but never referenced
        u8 i;
..\..\User\main.c(396): warning:  #177-D: variable "buf"  was declared but never referenced
        char buf[10];
..\..\User\main.c(397): warning:  #177-D: variable "tempbuf"  was declared but never referenced
        static int16_t tempbuf;
..\..\User\main.c(398): warning:  #177-D: variable "usave"  was declared but never referenced
        static u8 usave;
..\..\User\main.c: 15 warnings, 0 errors
linking...
Program Size: Code=150768 RO-data=99020 RW-data=684 ZI-data=68924  
FromELF: creating hex file...
"..\..\Output\LCD.axf" - 0 Error(s), 15 Warning(s).

<h2>Software Packages used:</h2>

Package Vendor: Keil
                http://www.keil.com/pack/Keil.STM32F4xx_DFP.2.13.0.pack
                Keil.STM32F4xx_DFP.2.13.0
                STMicroelectronics STM32F4 Series Device Support, Drivers and Examples

<h2>Collection of Component include folders:</h2>
  .\RTE\_LCD
  D:\Keil_v5\ARM\PACK\Keil\STM32F4xx_DFP\2.13.0\Drivers\CMSIS\Device\ST\STM32F4xx\Include

<h2>Collection of Component Files used:</h2>
Build Time Elapsed:  00:00:02
</pre>
</body>
</html>
