<html>
<body>
<pre>
<h1>µVision Build Log</h1>
<h2>Tool Versions:</h2>
IDE-Version: ¦ÌVision V5.25.3.0
Copyright (C) 2018 ARM Ltd and ARM Germany GmbH. All rights reserved.
License Information: 1 Microsoft, Microsoft, LIC=S5ITG-V5G2Q-BXVUY-I5T0J-4HUEL-MI8C5
 
Tool Versions:
Toolchain:       MDK-ARM Professional  Version: 5.25.2.0
Toolchain Path:  D:\Keil_v5\ARM\ARMCC\Bin
C Compiler:      Armcc.exe V5.06 update 6 (build 750)
Assembler:       Armasm.exe V5.06 update 6 (build 750)
Linker/Locator:  ArmLink.exe V5.06 update 6 (build 750)
Library Manager: ArmAr.exe V5.06 update 6 (build 750)
Hex Converter:   FromElf.exe V5.06 update 6 (build 750)
CPU DLL:         SARMCM3.DLL V5.25.2.0
Dialog DLL:      DCM.DLL V1.17.1.0
Target DLL:      Segger\JL2CM3.dll V2.99.29.0
Dialog DLL:      TCM.DLL V1.35.1.0
 
<h2>Project:</h2>
F:\JK508\Project\RVMDK£¨uv5£©\BF-F429.uvprojx
Project File Date:  06/28/2020

<h2>Output:</h2>
*** Using Compiler 'V5.06 update 6 (build 750)', folder: 'D:\Keil_v5\ARM\ARMCC\Bin'
Build target 'LCD'
compiling home.c...
..\..\User\APP\home.c(1076): warning:  #223-D: function "DISP_AVG" declared implicitly
        DISP_AVG(420+2,400-5,"AVG");
..\..\User\APP\home.c(1102): warning:  #223-D: function "DISP_AVG" declared implicitly
                        DISP_AVG(120,270,"    ");
..\..\User\APP\home.c(1132): warning:  #223-D: function "DISP_AVG" declared implicitly
                        DISP_AVG(120,270,"    ");
..\..\User\APP\home.c(1151): warning:  #223-D: function "DISP_AVG" declared implicitly
                        DISP_AVG(112,187,"   ");
..\..\User\APP\home.c(1191): warning:  #223-D: function "DISP_AVG" declared implicitly
                        DISP_AVG(104,115,"  ");
..\..\User\APP\home.c(1233): warning:  #1-D: last line of file ends without a newline
  }
..\..\User\APP\home.c: 6 warnings, 0 errors
compiling system.c...
compiling settings.c...
compiling separation.c...
compiling sysinfo.c...
compiling graph.c...
compiling graphset.c...
..\..\User\APP\graphset.c(25): warning:  #177-D: variable "i"  was declared but never referenced
        u8 i,j;
..\..\User\APP\graphset.c(25): warning:  #177-D: variable "j"  was declared but never referenced
        u8 i,j;
..\..\User\APP\graphset.c(26): warning:  #177-D: variable "buf"  was declared but never referenced
        char buf[5];
..\..\User\APP\graphset.c: 3 warnings, 0 errors
compiling history.c...
..\..\User\APP\history.c(61): warning:  #177-D: variable "i"  was declared but never referenced
        u8 i;
..\..\User\APP\history.c(62): warning:  #177-D: variable "j"  was declared but never referenced
        u16 j;
..\..\User\APP\history.c: 2 warnings, 0 errors
compiling calibarate.c...
compiling power_on.c...
..\..\User\APP\power_on.c(27): warning:  #177-D: variable "i"  was declared but never referenced
        u8 i;
..\..\User\APP\power_on.c(616): warning:  #1-D: last line of file ends without a newline
  }
..\..\User\APP\power_on.c: 2 warnings, 0 errors
compiling factory.c...
..\..\User\APP\factory.c(65): warning:  #177-D: variable "buf"  was declared but never referenced
        char buf[10];
..\..\User\APP\factory.c(112): warning:  #1-D: last line of file ends without a newline
  }
..\..\User\APP\factory.c: 2 warnings, 0 errors
compiling main.c...
..\..\User\main.c(298): warning:  #177-D: variable "buf"  was declared but never referenced
        uint8_t  buf[0x40];
..\..\User\main.c(300): warning:  #177-D: variable "test"  was declared but never referenced
        u8 test[9] = {0X01,0X03,0X02,0X58,0X00,0X01,0X02,0X00,0X05};
..\..\User\main.c(302): warning:  #177-D: variable "reqtempcount"  was declared but never referenced
        static u8 reqtempcount;
..\..\User\main.c(306): warning:  #177-D: variable "sendcount"  was declared but never referenced
        static u16 sendcount;
..\..\User\main.c(759): warning:  #1035-D: single-precision operand implicitly converted to double-precision
                                G_Data[i][count] = (graphbuf[i][0]/MULTI * 256 + graphbuf[i][1]/MULTI)/10.0 - Correction[i];    
..\..\User\main.c(682): warning:  #177-D: variable "ucTemp"  was declared but never referenced
        static uint8_t ucTemp;
..\..\User\main.c(683): warning:  #177-D: variable "Total_Len"  was declared but never referenced
        static u8 Total_Len = 0;
..\..\User\main.c(684): warning:  #177-D: variable "uinitflag"  was declared but never referenced
        static u8 uinitflag = 0;
..\..\User\main.c(689): warning:  #177-D: variable "hisconv"  was declared but never referenced
        static u16 hisconv;
..\..\User\main.c(690): warning:  #177-D: variable "corconv"  was declared but never referenced
        static u16 corconv;
..\..\User\main.c(694): warning:  #177-D: variable "usave"  was declared but never referenced
        static u8 usave;
..\..\User\main.c: 11 warnings, 0 errors
compiling fileoperate.c...
..\..\User\fileoperate.c(72): warning:  #177-D: variable "i"  was declared but never referenced
        u16 i;
..\..\User\fileoperate.c(123): warning:  #177-D: variable "j"  was declared but never referenced
        u16 i,j;
..\..\User\fileoperate.c: 2 warnings, 0 errors
compiling stm32f4xx_it.c...
compiling touchscreen.c...
..\..\User\touchscreen.c(334): warning:  #223-D: function "delay_us" declared implicitly
      delay_us(20);
..\..\User\touchscreen.c(376): warning:  #177-D: variable "temp"  was declared but never referenced
        s32 temp;                        
..\..\User\touchscreen.c(596): warning:  #223-D: function "delay_us" declared implicitly
                delay_ms(10);
..\..\User\touchscreen.c(655): warning:  #223-D: function "focus_on1" declared implicitly
                                        focus_on1();
..\..\User\touchscreen.c(758): warning:  #223-D: function "focus_on1" declared implicitly
                                                                focus_on1();
..\..\User\touchscreen.c(817): warning:  #223-D: function "focus_on1" declared implicitly
                                                                focus_on1();
..\..\User\touchscreen.c(876): warning:  #223-D: function "focus_on1" declared implicitly
                                                                focus_on1();
..\..\User\touchscreen.c(2150): warning:  #223-D: function "plus_year" declared implicitly
                                                                        plus_year();
..\..\User\touchscreen.c(2152): warning:  #223-D: function "plus_day" declared implicitly
                                                                        plus_day();
..\..\User\touchscreen.c(2161): warning:  #223-D: function "plus_hour" declared implicitly
                                                                        plus_hour();                                                    
..\..\User\touchscreen.c(2163): warning:  #223-D: function "plus_sec" declared implicitly
                                                                        plus_sec();
..\..\User\touchscreen.c(2171): warning:  #223-D: function "brt_set" declared implicitly
                                                                brt_set(1);
..\..\User\touchscreen.c(2185): warning:  #223-D: function "touch_set" declared implicitly
                                                                touch_set(1);
..\..\User\touchscreen.c(2219): warning:  #223-D: function "minus_year" declared implicitly
                                                                        minus_year();
..\..\User\touchscreen.c(2221): warning:  #223-D: function "minus_day" declared implicitly
                                                                        minus_day();
..\..\User\touchscreen.c(2230): warning:  #223-D: function "minus_hour" declared implicitly
                                                                        minus_hour();
..\..\User\touchscreen.c(2232): warning:  #223-D: function "minus_sec" declared implicitly
                                                                        minus_sec();
..\..\User\touchscreen.c(2240): warning:  #223-D: function "brt_set" declared implicitly
                                                                brt_set(2);
..\..\User\touchscreen.c(2254): warning:  #223-D: function "touch_set" declared implicitly
                                                                touch_set(2);
..\..\User\touchscreen.c(2276): warning:  #223-D: function "plus_mon" declared implicitly
                                                                        plus_mon();
..\..\User\touchscreen.c(2285): warning:  #223-D: function "plus_min" declared implicitly
                                                                        plus_min();
..\..\User\touchscreen.c(2293): warning:  #223-D: function "brt_set" declared implicitly
                                                                brt_set(3);
..\..\User\touchscreen.c(2321): warning:  #223-D: function "minus_mon" declared implicitly
                                                                        minus_mon();
..\..\User\touchscreen.c(2330): warning:  #223-D: function "minus_min" declared implicitly
                                                                        minus_min();
..\..\User\touchscreen.c(2338): warning:  #223-D: function "brt_set" declared implicitly
                                                                brt_set(4);
..\..\User\touchscreen.c(2407): warning:  #223-D: function "brt_set" declared implicitly
                                                                        brt_set(5);
..\..\User\touchscreen.c(2537): warning:  #223-D: function "focus_off1" declared implicitly
                                                                        focus_off1();
..\..\User\touchscreen.c(2559): warning:  #223-D: function "focus_off1" declared implicitly
                                                                        focus_off1();
..\..\User\touchscreen.c(2600): warning:  #223-D: function "focus_off1" declared implicitly
                                                                        focus_off1();
..\..\User\touchscreen.c(2622): warning:  #223-D: function "focus_off1" declared implicitly
                                                                        focus_off1();
..\..\User\touchscreen.c(2653): warning:  #223-D: function "focus_off1" declared implicitly
                                                                        focus_off1();
..\..\User\touchscreen.c(2673): warning:  #223-D: function "focus_off1" declared implicitly
                                                                        focus_off1();
..\..\User\touchscreen.c(2715): warning:  #223-D: function "focus_off1" declared implicitly
                                                                        focus_off1();
..\..\User\touchscreen.c(2737): warning:  #223-D: function "focus_off1" declared implicitly
                                                                        focus_off1();
..\..\User\touchscreen.c(2788): warning:  #223-D: function "focus_off1" declared implicitly
                                                                        focus_off1();
..\..\User\touchscreen.c(2810): warning:  #223-D: function "focus_off1" declared implicitly
                                                                        focus_off1();
..\..\User\touchscreen.c(2841): warning:  #223-D: function "focus_off1" declared implicitly
                                                                        focus_off1();
..\..\User\touchscreen.c(2871): warning:  #223-D: function "focus_off1" declared implicitly
                                                                        focus_off1();
..\..\User\touchscreen.c(4869): warning:  #1-D: last line of file ends without a newline
  }
..\..\User\touchscreen.c(58): warning:  #177-D: function "set_mid"  was declared but never referenced
  static void set_mid(void){    X_P0;   X_N1;   Y_P1;   Y_N0;}
..\..\User\touchscreen.c: 40 warnings, 0 errors
compiling bsp_lcd.c...
..\..\User\./battery/battery.h(46): warning:  #1-D: last line of file ends without a newline
  #endif
..\..\User\lcd\bsp_lcd.c(2300): warning:  #550-D: variable "k"  was set but never used
    float k = 0, rad1 = 0, rad2 = 0;
..\..\User\lcd\bsp_lcd.c(2357): warning:  #550-D: variable "k"  was set but never used
    float k = 0, rad1 = 0, rad2 = 0;
..\..\User\lcd\bsp_lcd.c: 3 warnings, 0 errors
compiling bsp_key.c...
..\..\User\key\bsp_key.c(1563): warning:  #177-D: variable "ymd"  was declared but never referenced
        u32 ymd;
..\..\User\key\bsp_key.c(1564): warning:  #177-D: variable "y3"  was declared but never referenced
        u8 y1,y2,y3,m1,d1;
..\..\User\key\bsp_key.c(1569): warning:  #177-D: variable "timetemp"  was declared but never referenced
        char timetemp[100];
..\..\User\key\bsp_key.c(3923): warning:  #223-D: function "TP_Adjust" declared implicitly
                                TP_Adjust();
..\..\User\key\bsp_key.c(4015): warning:  #223-D: function "Draw_His_Graph" declared implicitly
                                Draw_His_Graph();
..\..\User\key\bsp_key.c(4464): warning:  #223-D: function "Draw_His_Graph" declared implicitly
                                Draw_His_Graph();
..\..\User\key\bsp_key.c(4477): warning:  #177-D: variable "i"  was declared but never referenced
        static u16 i;
..\..\User\key\bsp_key.c(8640): warning:  #223-D: function "Search_Handle" declared implicitly
                                Search_Handle();
..\..\User\key\bsp_key.c(8649): warning:  #223-D: function "page_factory" declared implicitly
                                page_factory();
..\..\User\key\bsp_key.c(14652): warning:  #223-D: function "Draw_His_Graph" declared implicitly
                                Draw_His_Graph();
..\..\User\key\bsp_key.c(15831): warning:  #223-D: function "Draw_His_Graph" declared implicitly
                                Draw_His_Graph();
..\..\User\key\bsp_key.c(15839): warning:  #177-D: variable "i"  was declared but never referenced
        u8 i;
..\..\User\key\bsp_key.c(16445): warning:  #223-D: function "page_factory" declared implicitly
                        page_factory();
..\..\User\key\bsp_key.c(16449): warning:  #223-D: function "TP_Adjust" declared implicitly
                        TP_Adjust();
..\..\User\key\bsp_key.c(16479): warning:  #167-D: argument of type "u8 *" is incompatible with parameter of type "const char *restrict"
                strcpy((char *)TarName,filename);
..\..\User\key\bsp_key.c(16571): warning:  #167-D: argument of type "u8 *" is incompatible with parameter of type "const char *restrict"
        strcpy((char *)TarName,filename);
..\..\User\key\bsp_key.c(16584): warning:  #167-D: argument of type "u8 *" is incompatible with parameter of type "char *restrict"
        sprintf(buf, "\n%d\t20%02d-%02d-%02d\t%02d:%02d:%02d"
..\..\User\key\bsp_key.c(16603): warning:  #167-D: argument of type "u8 *" is incompatible with parameter of type "char *restrict"
                        strcpy(buf,"\tN/A");
..\..\User\key\bsp_key.c(16605): warning:  #167-D: argument of type "u8 *" is incompatible with parameter of type "char *restrict"
                        sprintf(buf,"\t%.1f",ch_temp[i]);
..\..\User\key\bsp_key.c: 19 warnings, 0 errors
compiling bsp_basic_tim.c...
..\..\User\tim\bsp_basic_tim.c(257): warning:  #177-D: variable "TIM_BDTRInitStructure"  was declared but never referenced
        TIM_BDTRInitTypeDef TIM_BDTRInitStructure;
..\..\User\tim\bsp_basic_tim.c(516): warning:  #127-D: expected a statement
  }
..\..\User\tim\bsp_basic_tim.c(479): warning:  #550-D: variable "testi"  was set but never used
        static u32 testi;
..\..\User\tim\bsp_basic_tim.c(586): warning:  #1035-D: single-precision operand implicitly converted to double-precision
                                        G_Data[i][count] = (graphbuf[i][0]/MULTI * 256 + graphbuf[i][1]/MULTI)/10.0 - Correction[i];                                                    
..\..\User\tim\bsp_basic_tim.c(520): warning:  #177-D: variable "ucTemp"  was declared but never referenced
        static uint8_t ucTemp;
..\..\User\tim\bsp_basic_tim.c(521): warning:  #177-D: variable "Total_Len"  was declared but never referenced
        static u8 Total_Len = 0;
..\..\User\tim\bsp_basic_tim.c(522): warning:  #177-D: variable "uinitflag"  was declared but never referenced
        static u8 uinitflag = 0;
..\..\User\tim\bsp_basic_tim.c(109): warning:  #177-D: function "TIM_7_Config"  was declared but never referenced
  static void TIM_7_Config(void)
..\..\User\tim\bsp_basic_tim.c: 8 warnings, 0 errors
compiling bsp_rtc.c...
compiling ch376.c...
..\..\User\ch376\ch376.c(238): warning:  #223-D: function "printf" declared implicitly
        FLASH_ERROR("SPI µÈ´ý³¬Ê±!errorCode = %d",errorCode);
..\..\User\ch376\ch376.c: 1 warning, 0 errors
compiling FILESYS.c...
linking...
Program Size: Code=179796 RO-data=106844 RW-data=848 ZI-data=143120  
FromELF: creating hex file...
After Build - User command #1: D:\Keil_v5\ARM\ARMCC\bin\fromelf.exe --bin -o ..\..\Output\update.bin ..\..\Output\LCD.axf
"..\..\Output\LCD.axf" - 0 Error(s), 99 Warning(s).

<h2>Software Packages used:</h2>

Package Vendor: Keil
                http://www.keil.com/pack/Keil.STM32F4xx_DFP.2.12.0.pack
                Keil.STM32F4xx_DFP.2.12.0
                STMicroelectronics STM32F4 Series Device Support, Drivers and Examples

<h2>Collection of Component include folders:</h2>
  .\RTE\_LCD
  D:\Keil_v5\ARM\PACK\Keil\STM32F4xx_DFP\2.12.0\Drivers\CMSIS\Device\ST\STM32F4xx\Include

<h2>Collection of Component Files used:</h2>
Build Time Elapsed:  00:00:30
</pre>
</body>
</html>
