<html>
<body>
<pre>
<h1>µVision Build Log</h1>
<h2>Tool Versions:</h2>
IDE-Version: ¦ÌVision V5.25.2.0
Copyright (C) 2018 ARM Ltd and ARM Germany GmbH. All rights reserved.
License Information: 1 Microsoft, Microsoft, LIC=S5ITG-V5G2Q-BXVUY-I5T0J-4HUEL-MI8C5
 
Tool Versions:
Toolchain:       MDK-ARM Professional  Version: 5.25.2.0
Toolchain Path:  D:\Keil_v5\ARM\ARMCC\Bin
C Compiler:      Armcc.exe V5.06 update 6 (build 750)
Assembler:       Armasm.exe V5.06 update 6 (build 750)
Linker/Locator:  ArmLink.exe V5.06 update 6 (build 750)
Library Manager: ArmAr.exe V5.06 update 6 (build 750)
Hex Converter:   FromElf.exe V5.06 update 6 (build 750)
CPU DLL:         SARMCM3.DLL V5.25.2.0
Dialog DLL:      DCM.DLL V1.17.1.0
Target DLL:      Segger\JL2CM3.dll V2.99.29.0
Dialog DLL:      TCM.DLL V1.35.1.0
 
<h2>Project:</h2>
F:\JK508\Project\RVMDK£¨uv5£©\BF-F429.uvprojx
Project File Date:  01/10/2019

<h2>Output:</h2>
*** Using Compiler 'V5.06 update 6 (build 750)', folder: 'D:\Keil_v5\ARM\ARMCC\Bin'
Build target 'LCD'
compiling touchscreen.c...
..\..\User\touchscreen.c(240): warning:  #1035-D: single-precision operand implicitly converted to double-precision
                                XCOOR = (int)(8.49*(float)Xconvert-15.48);
..\..\User\touchscreen.c(247): warning:  #1035-D: single-precision operand implicitly converted to double-precision
                                YCOOR = 480 - (int)(6.38*(float)Yconvert-9.16);
..\..\User\touchscreen.c(188): warning:  #177-D: variable "j"  was declared but never referenced
        static u8 i,j,k;
..\..\User\touchscreen.c(188): warning:  #177-D: variable "k"  was declared but never referenced
        static u8 i,j,k;
..\..\User\touchscreen.c(189): warning:  #177-D: variable "ADX"  was declared but never referenced
        static u16 ADX[5];
..\..\User\touchscreen.c(190): warning:  #177-D: variable "ADY"  was declared but never referenced
        static u16 ADY[5];
..\..\User\touchscreen.c(192): warning:  #177-D: variable "var32"  was declared but never referenced
        u32 var32;
..\..\User\touchscreen.c(381): warning:  #223-D: function "focus_on1" declared implicitly
                                                                focus_on1();
..\..\User\touchscreen.c(439): warning:  #223-D: function "focus_on1" declared implicitly
                                                                focus_on1();
..\..\User\touchscreen.c(497): warning:  #223-D: function "focus_on1" declared implicitly
                                                                focus_on1();
..\..\User\touchscreen.c(1756): warning:  #223-D: function "plus_year" declared implicitly
                                                                        plus_year();
..\..\User\touchscreen.c(1758): warning:  #223-D: function "plus_day" declared implicitly
                                                                        plus_day();
..\..\User\touchscreen.c(1766): warning:  #223-D: function "plus_hour" declared implicitly
                                                                        plus_hour();                                                    
..\..\User\touchscreen.c(1768): warning:  #223-D: function "plus_sec" declared implicitly
                                                                        plus_sec();
..\..\User\touchscreen.c(1775): warning:  #223-D: function "brt_set" declared implicitly
                                                                brt_set(1);
..\..\User\touchscreen.c(1787): warning:  #223-D: function "touch_set" declared implicitly
                                                                touch_set(1);
..\..\User\touchscreen.c(1818): warning:  #223-D: function "minus_year" declared implicitly
                                                                        minus_year();
..\..\User\touchscreen.c(1820): warning:  #223-D: function "minus_day" declared implicitly
                                                                        minus_day();
..\..\User\touchscreen.c(1828): warning:  #223-D: function "minus_hour" declared implicitly
                                                                        minus_hour();
..\..\User\touchscreen.c(1830): warning:  #223-D: function "minus_sec" declared implicitly
                                                                        minus_sec();
..\..\User\touchscreen.c(1837): warning:  #223-D: function "brt_set" declared implicitly
                                                                brt_set(2);
..\..\User\touchscreen.c(1849): warning:  #223-D: function "touch_set" declared implicitly
                                                                touch_set(2);
..\..\User\touchscreen.c(1869): warning:  #223-D: function "plus_mon" declared implicitly
                                                                        plus_mon();
..\..\User\touchscreen.c(1877): warning:  #223-D: function "plus_min" declared implicitly
                                                                        plus_min();
..\..\User\touchscreen.c(1884): warning:  #223-D: function "brt_set" declared implicitly
                                                                brt_set(3);
..\..\User\touchscreen.c(1909): warning:  #223-D: function "minus_mon" declared implicitly
                                                                        minus_mon();
..\..\User\touchscreen.c(1917): warning:  #223-D: function "minus_min" declared implicitly
                                                                        minus_min();
..\..\User\touchscreen.c(1924): warning:  #223-D: function "brt_set" declared implicitly
                                                                brt_set(4);
..\..\User\touchscreen.c(1988): warning:  #223-D: function "brt_set" declared implicitly
                                                                        brt_set(5);
..\..\User\touchscreen.c(2108): warning:  #223-D: function "focus_off1" declared implicitly
                                                                        focus_off1();
..\..\User\touchscreen.c(2130): warning:  #223-D: function "focus_off1" declared implicitly
                                                                        focus_off1();
..\..\User\touchscreen.c(2171): warning:  #223-D: function "focus_off1" declared implicitly
                                                                        focus_off1();
..\..\User\touchscreen.c(2193): warning:  #223-D: function "focus_off1" declared implicitly
                                                                        focus_off1();
..\..\User\touchscreen.c(2222): warning:  #223-D: function "focus_off1" declared implicitly
                                                                        focus_off1();
..\..\User\touchscreen.c(2242): warning:  #223-D: function "focus_off1" declared implicitly
                                                                        focus_off1();
..\..\User\touchscreen.c(2284): warning:  #223-D: function "focus_off1" declared implicitly
                                                                        focus_off1();
..\..\User\touchscreen.c(2306): warning:  #223-D: function "focus_off1" declared implicitly
                                                                        focus_off1();
..\..\User\touchscreen.c(2356): warning:  #223-D: function "focus_off1" declared implicitly
                                                                        focus_off1();
..\..\User\touchscreen.c(2378): warning:  #223-D: function "focus_off1" declared implicitly
                                                                        focus_off1();
..\..\User\touchscreen.c(2408): warning:  #223-D: function "focus_off1" declared implicitly
                                                                        focus_off1();
..\..\User\touchscreen.c(2436): warning:  #223-D: function "focus_off1" declared implicitly
                                                                        focus_off1();
..\..\User\touchscreen.c(3973): warning:  #1-D: last line of file ends without a newline
  }
..\..\User\touchscreen.c(180): warning:  #177-D: function "set_yz"  was declared but never referenced
  static void set_yz(void){     X_P1;   X_N1;   Y_P0;   Y_N0;}
..\..\User\touchscreen.c(183): warning:  #177-D: function "set_mid"  was declared but never referenced
  static void set_mid(void){    X_P0;   X_N1;   Y_P1;   Y_N0;}
..\..\User\touchscreen.c: 44 warnings, 0 errors
linking...
Program Size: Code=153436 RO-data=99020 RW-data=680 ZI-data=68928  
FromELF: creating hex file...
"..\..\Output\LCD.axf" - 0 Error(s), 44 Warning(s).

<h2>Software Packages used:</h2>

Package Vendor: Keil
                http://www.keil.com/pack/Keil.STM32F4xx_DFP.2.12.0.pack
                Keil.STM32F4xx_DFP.2.12.0
                STMicroelectronics STM32F4 Series Device Support, Drivers and Examples

<h2>Collection of Component include folders:</h2>
  .\RTE\_LCD
  D:\Keil_v5\ARM\PACK\Keil\STM32F4xx_DFP\2.12.0\Drivers\CMSIS\Device\ST\STM32F4xx\Include

<h2>Collection of Component Files used:</h2>
Build Time Elapsed:  00:00:03
</pre>
</body>
</html>
