<html>
<body>
<pre>
<h1>µVision Build Log</h1>
<h2>Tool Versions:</h2>
IDE-Version: ¦ÌVision V5.25.3.0
Copyright (C) 2018 ARM Ltd and ARM Germany GmbH. All rights reserved.
License Information: 1 Microsoft, Microsoft, LIC=03C6R-KIDXE-2Z1W4-FI5SL-E8BHU-R7F4D
 
Tool Versions:
Toolchain:       MDK-ARM Plus  Version: 5.25.2.0
Toolchain Path:  E:\Keil_v5\ARM\ARMCC\Bin
C Compiler:      Armcc.exe V5.06 update 6 (build 750)
Assembler:       Armasm.exe V5.06 update 6 (build 750)
Linker/Locator:  ArmLink.exe V5.06 update 6 (build 750)
Library Manager: ArmAr.exe V5.06 update 6 (build 750)
Hex Converter:   FromElf.exe V5.06 update 6 (build 750)
CPU DLL:         SARMCM3.DLL V5.25.2.0
Dialog DLL:      DCM.DLL V1.17.1.0
Target DLL:      Segger\JL2CM3.dll V2.99.29.0
Dialog DLL:      TCM.DLL V1.35.1.0
 
<h2>Project:</h2>
F:\JK508\Project\RVMDK£¨uv5£©\BF-F429.uvprojx
Project File Date:  05/18/2021

<h2>Output:</h2>
*** Using Compiler 'V5.06 update 6 (build 750)', folder: 'E:\Keil_v5\ARM\ARMCC\Bin'
Build target 'LCD'
compiling bsp_lcd.c...
..\..\User\./battery/battery.h(46): warning:  #1-D: last line of file ends without a newline
  #endif
..\..\User\lcd\bsp_lcd.c(1112): warning:  #177-D: variable "capercent"  was declared but never referenced
        static float capercent;
..\..\User\lcd\bsp_lcd.c(1115): warning:  #177-D: variable "barlen"  was declared but never referenced
        static u8 barlen;
..\..\User\lcd\bsp_lcd.c(2408): warning:  #550-D: variable "k"  was set but never used
    float k = 0, rad1 = 0, rad2 = 0;
..\..\User\lcd\bsp_lcd.c(2465): warning:  #550-D: variable "k"  was set but never used
    float k = 0, rad1 = 0, rad2 = 0;
..\..\User\lcd\bsp_lcd.c: 5 warnings, 0 errors
linking...
Program Size: Code=178232 RO-data=101656 RW-data=860 ZI-data=143268  
FromELF: creating hex file...
After Build - User command #1: E:\Keil_v5\ARM\ARMCC\bin\fromelf.exe --bin -o ..\..\Output\update.bin ..\..\Output\LCD.axf
"..\..\Output\LCD.axf" - 0 Error(s), 5 Warning(s).

<h2>Software Packages used:</h2>

Package Vendor: Keil
                http://www.keil.com/pack/Keil.STM32F4xx_DFP.2.13.0.pack
                Keil.STM32F4xx_DFP.2.13.0
                STMicroelectronics STM32F4 Series Device Support, Drivers and Examples

<h2>Collection of Component include folders:</h2>
  .\RTE\_LCD
  D:\Keil_v5\ARM\PACK\Keil\STM32F4xx_DFP\2.13.0\Drivers\CMSIS\Device\ST\STM32F4xx\Include

<h2>Collection of Component Files used:</h2>
Build Time Elapsed:  00:00:05
</pre>
</body>
</html>
