<html>
<body>
<pre>
<h1>µVision Build Log</h1>
<h2>Tool Versions:</h2>
IDE-Version: ¦ÌVision V5.25.3.0
Copyright (C) 2018 ARM Ltd and ARM Germany GmbH. All rights reserved.
License Information: 1 Microsoft, Microsoft, LIC=03C6R-KIDXE-2Z1W4-FI5SL-E8BHU-R7F4D
 
Tool Versions:
Toolchain:       MDK-ARM Plus  Version: 5.25.2.0
Toolchain Path:  E:\Keil_v5\ARM\ARMCC\Bin
C Compiler:      Armcc.exe V5.06 update 6 (build 750)
Assembler:       Armasm.exe V5.06 update 6 (build 750)
Linker/Locator:  ArmLink.exe V5.06 update 6 (build 750)
Library Manager: ArmAr.exe V5.06 update 6 (build 750)
Hex Converter:   FromElf.exe V5.06 update 6 (build 750)
CPU DLL:         SARMCM3.DLL V5.25.2.0
Dialog DLL:      DCM.DLL V1.17.1.0
Target DLL:      Segger\JL2CM3.dll V2.99.29.0
Dialog DLL:      TCM.DLL V1.35.1.0
 
<h2>Project:</h2>
F:\JK508\Project\RVMDK£¨uv5£©\BF-F429.uvprojx
Project File Date:  05/18/2021

<h2>Output:</h2>
*** Using Compiler 'V5.06 update 6 (build 750)', folder: 'E:\Keil_v5\ARM\ARMCC\Bin'
Build target 'LCD'
compiling main.c...
..\..\User\main.c(302): warning:  #177-D: variable "buf"  was declared but never referenced
        uint8_t  buf[0x40];
..\..\User\main.c(304): warning:  #177-D: variable "test"  was declared but never referenced
        u8 test[9] = {0X01,0X03,0X02,0X58,0X00,0X01,0X02,0X00,0X05};
..\..\User\main.c(306): warning:  #177-D: variable "reqtempcount"  was declared but never referenced
        static u8 reqtempcount;
..\..\User\main.c(310): warning:  #177-D: variable "sendcount"  was declared but never referenced
        static u16 sendcount;
..\..\User\main.c(691): warning:  #177-D: variable "ucTemp"  was declared but never referenced
        static uint8_t ucTemp;
..\..\User\main.c(692): warning:  #177-D: variable "Total_Len"  was declared but never referenced
        static u8 Total_Len = 0;
..\..\User\main.c(693): warning:  #177-D: variable "uinitflag"  was declared but never referenced
        static u8 uinitflag = 0;
..\..\User\main.c(698): warning:  #177-D: variable "hisconv"  was declared but never referenced
        static u16 hisconv;
..\..\User\main.c(699): warning:  #177-D: variable "corconv"  was declared but never referenced
        static u16 corconv;
..\..\User\main.c(703): warning:  #177-D: variable "usave"  was declared but never referenced
        static u8 usave;
..\..\User\main.c(3952): warning:  #177-D: variable "offflag"  was declared but never referenced
        static u8 offflag;
..\..\User\main.c: 11 warnings, 0 errors
linking...
Program Size: Code=185852 RO-data=107736 RW-data=868 ZI-data=143268  
FromELF: creating hex file...
After Build - User command #1: E:\Keil_v5\ARM\ARMCC\bin\fromelf.exe --bin -o ..\..\Output\update.bin ..\..\Output\LCD.axf
"..\..\Output\LCD.axf" - 0 Error(s), 11 Warning(s).

<h2>Software Packages used:</h2>

Package Vendor: Keil
                http://www.keil.com/pack/Keil.STM32F4xx_DFP.2.13.0.pack
                Keil.STM32F4xx_DFP.2.13.0
                STMicroelectronics STM32F4 Series Device Support, Drivers and Examples

<h2>Collection of Component include folders:</h2>
  .\RTE\_LCD
  D:\Keil_v5\ARM\PACK\Keil\STM32F4xx_DFP\2.13.0\Drivers\CMSIS\Device\ST\STM32F4xx\Include

<h2>Collection of Component Files used:</h2>
Build Time Elapsed:  00:00:07
</pre>
</body>
</html>
