<html>
<body>
<pre>
<h1>µVision Build Log</h1>
<h2>Tool Versions:</h2>
IDE-Version: ¦ÌVision V5.25.3.0
Copyright (C) 2018 ARM Ltd and ARM Germany GmbH. All rights reserved.
License Information: 1 Microsoft, Microsoft, LIC=S5ITG-V5G2Q-BXVUY-I5T0J-4HUEL-MI8C5
 
Tool Versions:
Toolchain:       MDK-ARM Professional  Version: 5.25.2.0
Toolchain Path:  D:\Keil_v5\ARM\ARMCC\Bin
C Compiler:      Armcc.exe V5.06 update 6 (build 750)
Assembler:       Armasm.exe V5.06 update 6 (build 750)
Linker/Locator:  ArmLink.exe V5.06 update 6 (build 750)
Library Manager: ArmAr.exe V5.06 update 6 (build 750)
Hex Converter:   FromElf.exe V5.06 update 6 (build 750)
CPU DLL:         SARMCM3.DLL V5.25.2.0
Dialog DLL:      DCM.DLL V1.17.1.0
Target DLL:      Segger\JL2CM3.dll V2.99.29.0
Dialog DLL:      TCM.DLL V1.35.1.0
 
<h2>Project:</h2>
F:\JK508\Project\RVMDK£¨uv5£©\BF-F429.uvprojx
Project File Date:  01/10/2019

<h2>Output:</h2>
*** Using Compiler 'V5.06 update 6 (build 750)', folder: 'D:\Keil_v5\ARM\ARMCC\Bin'
Build target 'LCD'
compiling bsp_key.c...
..\..\User\key\bsp_key.c(1281): warning:  #177-D: variable "ymd"  was declared but never referenced
        u32 ymd;
..\..\User\key\bsp_key.c(1282): warning:  #177-D: variable "y3"  was declared but never referenced
        u8 y1,y2,y3,m1,d1;
..\..\User\key\bsp_key.c(1287): warning:  #177-D: variable "timetemp"  was declared but never referenced
        char timetemp[100];
..\..\User\key\bsp_key.c(2721): warning:  #177-D: variable "i"  was declared but never referenced
        static u16 i;
..\..\User\key\bsp_key.c(13268): warning:  #177-D: variable "i"  was declared but never referenced
        u8 i;
..\..\User\key\bsp_key.c(13748): warning:  #167-D: argument of type "u8 *" is incompatible with parameter of type "const char *restrict"
                strcpy((char *)TarName,filename);
..\..\User\key\bsp_key.c(13835): warning:  #167-D: argument of type "u8 *" is incompatible with parameter of type "const char *restrict"
        strcpy((char *)TarName,filename);
..\..\User\key\bsp_key.c(13848): warning:  #167-D: argument of type "u8 *" is incompatible with parameter of type "char *restrict"
        sprintf(buf, "\n%d\t20%02d-%02d-%02d\t%02d:%02d:%02d"
..\..\User\key\bsp_key.c(13867): warning:  #167-D: argument of type "u8 *" is incompatible with parameter of type "char *restrict"
                        strcpy(buf,"\tN/A");
..\..\User\key\bsp_key.c(13869): warning:  #167-D: argument of type "u8 *" is incompatible with parameter of type "char *restrict"
                        sprintf(buf,"\t%.1f",ch_temp[i]);
..\..\User\key\bsp_key.c: 10 warnings, 0 errors
linking...
Program Size: Code=157656 RO-data=99760 RW-data=688 ZI-data=68928  
FromELF: creating hex file...
"..\..\Output\LCD.axf" - 0 Error(s), 10 Warning(s).

<h2>Software Packages used:</h2>

Package Vendor: Keil
                http://www.keil.com/pack/Keil.STM32F4xx_DFP.2.12.0.pack
                Keil.STM32F4xx_DFP.2.12.0
                STMicroelectronics STM32F4 Series Device Support, Drivers and Examples

<h2>Collection of Component include folders:</h2>
  .\RTE\_LCD
  D:\Keil_v5\ARM\PACK\Keil\STM32F4xx_DFP\2.12.0\Drivers\CMSIS\Device\ST\STM32F4xx\Include

<h2>Collection of Component Files used:</h2>
Build Time Elapsed:  00:00:05
</pre>
</body>
</html>
