<html>
<body>
<pre>
<h1>µVision Build Log</h1>
<h2>Tool Versions:</h2>
IDE-Version: ¶ÃVision V5.24.2.0
Copyright (C) 2017 ARM Ltd and ARM Germany GmbH. All rights reserved.
License Information: w w, w, LIC=CZLQD-8WV0N-J62Q9-46GMA-Q16VJ-WQP69
 
Tool Versions:
Toolchain:       MDK-ARM Plus  Version: 5.24.1
Toolchain Path:  D:\Keil_v5\ARM\ARMCC\Bin
C Compiler:      Armcc.exe V5.06 update 5 (build 528)
Assembler:       Armasm.exe V5.06 update 5 (build 528)
Linker/Locator:  ArmLink.exe V5.06 update 5 (build 528)
Library Manager: ArmAr.exe V5.06 update 5 (build 528)
Hex Converter:   FromElf.exe V5.06 update 5 (build 528)
CPU DLL:         SARMCM3.DLL V5.24.1
Dialog DLL:      DCM.DLL V1.16.0.0
Target DLL:      Segger\JL2CM3.dll V2.99.26.0
Dialog DLL:      TCM.DLL V1.32.0.0
 
<h2>Project:</h2>
D:\ ÷≥÷±Ì\JK508\Project\RVMDK£®uv5£©\BF-F429.uvprojx
Project File Date:  09/13/2018

<h2>Output:</h2>
*** Using Compiler 'V5.06 update 5 (build 528)', folder: 'D:\Keil_v5\ARM\ARMCC\Bin'
Build target 'LCD'
compiling main.c...
..\..\User\main.c(222): warning:  #550-D: variable "powerstat"  was set but never used
        static u8 powerstat;
..\..\User\main.c: 1 warning, 0 errors
compiling stm32f4xx_it.c...
..\..\User\stm32f4xx_it.c(314): warning:  #1035-D: single-precision operand implicitly converted to double-precision
                                                        G_Data[i][count] = (graphbuf[i][0]/
ULTI * 256 + graphbuf[i][1]/
ULTI)/10.0 - Correction[i];                                                     
..\..\User\stm32f4xx_it.c: 1 warning, 0 errors
compiling bsp_basic_tim.c...
..\..\User\tim\bsp_basic_tim.c(197): warning:  #223-D: function "Touch_Scan" declared implicitly
                Touch_Scan();//¥•√˛…®√Ë
..\..\User\tim\bsp_basic_tim.c(205): warning:  #236-D: controlling expression is constant
                if(sendcount == 20*4 && PowerOffDetect)
..\..\User\tim\bsp_basic_tim.c: 2 warnings, 0 errors
compiling usb_dcd_int.c...
compiling usbd_core.c...
compiling usbd_ioreq.c...
compiling usbd_req.c...
compiling usbd_usr.c...
compiling usbd_hid_core.c...
compiling usbd_desc.c...
compiling usb_bsp.c...
linking...
Program Size: Code=137180 RO-data=98724 RW-data=664 ZI-data=68928  
FromELF: creating hex file...
"..\..\Output\LCD.axf" - 0 Error(s), 4 Warning(s).

<h2>Software Packages used:</h2>

Package Vendor: Keil
                http://www.keil.com/pack/Keil.STM32F4xx_DFP.2.12.0.pack
                Keil.STM32F4xx_DFP.2.12.0
                STMicroelectronics STM32F4 Series Device Support, Drivers and Examples

<h2>Collection of Component include folders:</h2>
  .\RTE\_LCD
  D:\Keil_v5\ARM\PACK\Keil\STM32F4xx_DFP\2.12.0\Drivers\CMSIS\Device\ST\STM32F4xx\Include

<h2>Collection of Component Files used:</h2>
Build Time Elapsed:  00:00:10
</pre>
</body>
</html>
