Component: ARM Compiler 5.06 update 6 (build 750) Tool: armlink [4d35ed]

==============================================================================

Section Cross References

    startup_stm32f429_439xx.o(RESET) refers to startup_stm32f429_439xx.o(STACK) for __initial_sp
    startup_stm32f429_439xx.o(RESET) refers to startup_stm32f429_439xx.o(.text) for Reset_Handler
    startup_stm32f429_439xx.o(RESET) refers to stm32f4xx_it.o(i.NMI_Handler) for NMI_Handler
    startup_stm32f429_439xx.o(RESET) refers to stm32f4xx_it.o(i.HardFault_Handler) for HardFault_Handler
    startup_stm32f429_439xx.o(RESET) refers to stm32f4xx_it.o(i.MemManage_Handler) for MemManage_Handler
    startup_stm32f429_439xx.o(RESET) refers to stm32f4xx_it.o(i.BusFault_Handler) for BusFault_Handler
    startup_stm32f429_439xx.o(RESET) refers to stm32f4xx_it.o(i.UsageFault_Handler) for UsageFault_Handler
    startup_stm32f429_439xx.o(RESET) refers to stm32f4xx_it.o(i.SVC_Handler) for SVC_Handler
    startup_stm32f429_439xx.o(RESET) refers to stm32f4xx_it.o(i.DebugMon_Handler) for DebugMon_Handler
    startup_stm32f429_439xx.o(RESET) refers to stm32f4xx_it.o(i.PendSV_Handler) for PendSV_Handler
    startup_stm32f429_439xx.o(RESET) refers to stm32f4xx_it.o(i.SysTick_Handler) for SysTick_Handler
    startup_stm32f429_439xx.o(RESET) refers to stm32f4xx_it.o(i.USART1_IRQHandler) for USART1_IRQHandler
    startup_stm32f429_439xx.o(RESET) refers to bsp_sdio_sd.o(i.SDIO_IRQHandler) for SDIO_IRQHandler
    startup_stm32f429_439xx.o(RESET) refers to bsp_basic_tim.o(i.TIM6_DAC_IRQHandler) for TIM6_DAC_IRQHandler
    startup_stm32f429_439xx.o(RESET) refers to bsp_sdio_sd.o(i.DMA2_Stream3_IRQHandler) for DMA2_Stream3_IRQHandler
    startup_stm32f429_439xx.o(RESET) refers to stm32f4xx_it.o(i.OTG_FS_IRQHandler) for OTG_FS_IRQHandler
    startup_stm32f429_439xx.o(RESET) refers to usb_bsp.o(i.OTG_HS_EP1_OUT_IRQHandler) for OTG_HS_EP1_OUT_IRQHandler
    startup_stm32f429_439xx.o(RESET) refers to usb_bsp.o(i.OTG_HS_EP1_IN_IRQHandler) for OTG_HS_EP1_IN_IRQHandler
    startup_stm32f429_439xx.o(RESET) refers to usb_bsp.o(i.OTG_HS_IRQHandler) for OTG_HS_IRQHandler
    startup_stm32f429_439xx.o(.text) refers to system_stm32f4xx.o(i.SystemInit) for SystemInit
    startup_stm32f429_439xx.o(.text) refers to entry.o(.ARM.Collect$$$$00000000) for __main
    system_stm32f4xx.o(i.SystemCoreClockUpdate) refers to system_stm32f4xx.o(.data) for .data
    system_stm32f4xx.o(i.SystemInit) refers to system_stm32f4xx.o(i.SetSysClock) for SetSysClock
    stm32f4xx_adc.o(i.ADC_DeInit) refers to stm32f4xx_rcc.o(i.RCC_APB2PeriphResetCmd) for RCC_APB2PeriphResetCmd
    stm32f4xx_can.o(i.CAN_DeInit) refers to stm32f4xx_rcc.o(i.RCC_APB1PeriphResetCmd) for RCC_APB1PeriphResetCmd
    stm32f4xx_can.o(i.CAN_GetITStatus) refers to stm32f4xx_can.o(i.CheckITStatus) for CheckITStatus
    stm32f4xx_cryp.o(i.CRYP_DeInit) refers to stm32f4xx_rcc.o(i.RCC_AHB2PeriphResetCmd) for RCC_AHB2PeriphResetCmd
    stm32f4xx_cryp_aes.o(i.CRYP_AES_CBC) refers to stm32f4xx_cryp.o(i.CRYP_KeyStructInit) for CRYP_KeyStructInit
    stm32f4xx_cryp_aes.o(i.CRYP_AES_CBC) refers to stm32f4xx_cryp.o(i.CRYP_KeyInit) for CRYP_KeyInit
    stm32f4xx_cryp_aes.o(i.CRYP_AES_CBC) refers to stm32f4xx_cryp.o(i.CRYP_Init) for CRYP_Init
    stm32f4xx_cryp_aes.o(i.CRYP_AES_CBC) refers to stm32f4xx_cryp.o(i.CRYP_IVInit) for CRYP_IVInit
    stm32f4xx_cryp_aes.o(i.CRYP_AES_CBC) refers to stm32f4xx_cryp.o(i.CRYP_FIFOFlush) for CRYP_FIFOFlush
    stm32f4xx_cryp_aes.o(i.CRYP_AES_CBC) refers to stm32f4xx_cryp.o(i.CRYP_Cmd) for CRYP_Cmd
    stm32f4xx_cryp_aes.o(i.CRYP_AES_CBC) refers to stm32f4xx_cryp.o(i.CRYP_GetCmdStatus) for CRYP_GetCmdStatus
    stm32f4xx_cryp_aes.o(i.CRYP_AES_CBC) refers to stm32f4xx_cryp.o(i.CRYP_GetFlagStatus) for CRYP_GetFlagStatus
    stm32f4xx_cryp_aes.o(i.CRYP_AES_CBC) refers to stm32f4xx_cryp.o(i.CRYP_DataIn) for CRYP_DataIn
    stm32f4xx_cryp_aes.o(i.CRYP_AES_CBC) refers to stm32f4xx_cryp.o(i.CRYP_DataOut) for CRYP_DataOut
    stm32f4xx_cryp_aes.o(i.CRYP_AES_CCM) refers to stm32f4xx_cryp.o(i.CRYP_KeyStructInit) for CRYP_KeyStructInit
    stm32f4xx_cryp_aes.o(i.CRYP_AES_CCM) refers to stm32f4xx_cryp.o(i.CRYP_FIFOFlush) for CRYP_FIFOFlush
    stm32f4xx_cryp_aes.o(i.CRYP_AES_CCM) refers to stm32f4xx_cryp.o(i.CRYP_KeyInit) for CRYP_KeyInit
    stm32f4xx_cryp_aes.o(i.CRYP_AES_CCM) refers to stm32f4xx_cryp.o(i.CRYP_IVInit) for CRYP_IVInit
    stm32f4xx_cryp_aes.o(i.CRYP_AES_CCM) refers to stm32f4xx_cryp.o(i.CRYP_Init) for CRYP_Init
    stm32f4xx_cryp_aes.o(i.CRYP_AES_CCM) refers to stm32f4xx_cryp.o(i.CRYP_PhaseConfig) for CRYP_PhaseConfig
    stm32f4xx_cryp_aes.o(i.CRYP_AES_CCM) refers to stm32f4xx_cryp.o(i.CRYP_DataIn) for CRYP_DataIn
    stm32f4xx_cryp_aes.o(i.CRYP_AES_CCM) refers to stm32f4xx_cryp.o(i.CRYP_Cmd) for CRYP_Cmd
    stm32f4xx_cryp_aes.o(i.CRYP_AES_CCM) refers to stm32f4xx_cryp.o(i.CRYP_GetCmdStatus) for CRYP_GetCmdStatus
[...]
    C_Font16x20                              0x2000013c   Data           8  fonts.o(.data)
    count_flag                               0x20000148   Data           1  bsp_key.o(.data)
    bit_flag                                 0x20000149   Data           1  bsp_key.o(.data)
    dot_flag                                 0x2000014a   Data           1  bsp_key.o(.data)
    neg_flag                                 0x2000014b   Data           1  bsp_key.o(.data)
    input_flag                               0x2000014c   Data           1  bsp_key.o(.data)
    tcflag                                   0x2000014d   Data           1  bsp_key.o(.data)
    key_value                                0x20000151   Data           1  bsp_key.o(.data)
    page_flag                                0x20000152   Data           1  bsp_key.o(.data)
    op_flag                                  0x20000153   Data           1  bsp_key.o(.data)
    ch_page                                  0x20000154   Data           1  bsp_key.o(.data)
    op_sw                                    0x20000155   Data           1  bsp_key.o(.data)
    spt_page                                 0x20000156   Data           1  bsp_key.o(.data)
    cor_page                                 0x20000157   Data           1  bsp_key.o(.data)
    date_page                                0x20000158   Data           1  bsp_key.o(.data)
    time_page                                0x20000159   Data           1  bsp_key.o(.data)
    keystat                                  0x2000015a   Data           1  bsp_key.o(.data)
    tcpage                                   0x2000015b   Data           1  bsp_key.o(.data)
    fileflag                                 0x2000015c   Data           1  bsp_key.o(.data)
    hpage                                    0x2000015e   Data           2  bsp_key.o(.data)
    date_time                                0x20000164   Data           6  bsp_key.o(.data)
    brightness                               0x20000170   Data           1  bsp_basic_tim.o(.data)
    Tick_10ms                                0x2000017c   Data           4  bsp_basic_tim.o(.data)
    OldTick                                  0x20000188   Data           4  bsp_basic_tim.o(.data)
    tempreq                                  0x2000018c   Data           9  bsp_basic_tim.o(.data)
    trigflag                                 0x20000198   Data           1  bsp_rtc.o(.data)
    rec_num                                  0x2000019c   Data           4  bsp_rtc.o(.data)
    usbreadtime                              0x200001a0   Data           7  bsp_rtc.o(.data)
    CMD_RDX                                  0x200001a8   Data           1  touchscreen.o(.data)
    CMD_RDY                                  0x200001a9   Data           1  touchscreen.o(.data)
    touchflag                                0x200001aa   Data           1  touchscreen.o(.data)
    press                                    0x200001ab   Data           1  touchscreen.o(.data)
    Xconvert                                 0x200001ac   Data           2  touchscreen.o(.data)
    Yconvert                                 0x200001ae   Data           2  touchscreen.o(.data)
    ADC_Converted                            0x200001b0   Data           4  touchscreen.o(.data)
    tp_dev                                   0x200001cc   Data          52  touchscreen.o(.data)
    TransferError                            0x20000204   Data           1  bsp_sdio_sd.o(.data)
    StopCondition                            0x20000210   Data           4  bsp_sdio_sd.o(.data)
    TransferEnd                              0x20000214   Data           4  bsp_sdio_sd.o(.data)
    DMAEndOfTransfer                         0x20000218   Data           4  bsp_sdio_sd.o(.data)
    range                                    0x2000021c   Data           4  graph.o(.data)
    enrate                                   0x20000220   Data           4  graph.o(.data)
    passverify                               0x20000224   Data           1  factory.o(.data)
    SN                                       0x20000225   Data           8  factory.o(.data)
    USBD_DCD_INT_cb                          0x20000230   Data          44  usbd_core.o(.data)
    USBD_DCD_INT_fops                        0x2000025c   Data           4  usbd_core.o(.data)
    SET_TEST_MODE                            0x20000260   Data           4  usbd_core.o(.data)
    USBD_ep_status                           0x20000268   Data           4  usbd_req.o(.data)
    USBD_default_cfg                         0x2000026c   Data           4  usbd_req.o(.data)
    USBD_cfg_status                          0x20000270   Data           4  usbd_req.o(.data)
    USR_cb                                   0x20000274   Data          28  usbd_usr.o(.data)
    USBD_HID_cb                              0x20000290   Data          48  usbd_hid_core.o(.data)
    UsbHidReceiveComplete                    0x200002c0   Data           1  usbd_hid_core.o(.data)
    USR_desc                                 0x2000031c   Data          28  usbd_desc.o(.data)
    USBD_LangIDDesc                          0x20000338   Data           4  usbd_desc.o(.data)
    USBD_DeviceDesc                          0x2000033c   Data          18  usbd_desc.o(.data)
    USBD_DeviceQualifierDesc                 0x2000034e   Data          10  usbd_desc.o(.data)
    __stdout                                 0x20000364   Data           4  stdout.o(.data)
    __microlib_freelist                      0x20000368   Data           4  mvars.o(.data)
    __microlib_freelist_initialised          0x2000036c   Data           4  mvars.o(.data)
    usbbuf                                   0x20000488   Data          64  main.o(.bss)
    usbsendbuf                               0x200004c8   Data          64  main.o(.bss)
    savedata                                 0x20000508   Data          80  main.o(.bss)
    chcomp                                   0x20000558   Data          40  main.o(.bss)
    filename                                 0x20000580   Data          20  main.o(.bss)
    foldername                               0x20000594   Data          20  main.o(.bss)
    hisinfo                                  0x200005a8   Data          32  main.o(.bss)
    dirname                                  0x200005c8   Data         130  main.o(.bss)
    dir                                      0x2000064c   Data          36  main.o(.bss)
    fs                                       0x20000670   Data        4144  main.o(.bss)
    fnew                                     0x200016a0   Data        4132  main.o(.bss)
    USB_OTG_dev                              0x200026c4   Data        1524  main.o(.bss)
    ch_temp                                  0x20002cb8   Data         160  main.o(.bss)
    avg_data                                 0x20002d58   Data          12  main.o(.bss)
    RecBuff                                  0x20002d64   Data          39  stm32f4xx_it.o(.bss)
    data                                     0x20002e0b   Data          17  bsp_key.o(.bss)
    time_buf                                 0x20002e1c   Data          70  bsp_rtc.o(.bss)
    corpara                                  0x20002e64   Data          80  touchscreen.o(.bss)
    Touch_save                               0x20002eb4   Data          16  touchscreen.o(.bss)
    SDCardInfo                               0x20002ef8   Data          88  bsp_sdio_sd.o(.bss)
    SDIO_InitStructure                       0x20002f50   Data          24  bsp_sdio_sd.o(.bss)
    SDIO_CmdInitStructure                    0x20002f68   Data          20  bsp_sdio_sd.o(.bss)
    SDIO_DataInitStructure                   0x20002f7c   Data          24  bsp_sdio_sd.o(.bss)
    TempHLimits                              0x20002f94   Data         160  separation.o(.bss)
    TempLLimits                              0x20003034   Data         160  separation.o(.bss)
    G_Data                                   0x200030d4   Data       32000  graph.o(.bss)
    Data_buf                                 0x2000add4   Data         256  history.o(.bss)
    hisdata                                  0x2000aed4   Data       32000  history.o(.bss)
    histime                                  0x20012bd4   Data          70  history.o(.bss)
    YLIMIT                                   0x20012c1c   Data          12  history.o(.bss)
    his_config                               0x20012c28   Data          20  history.o(.bss)
    Correction                               0x20012c3c   Data         160  calibarate.o(.bss)
    USBD_StrDesc                             0x20012cdc   Data         255  usbd_req.o(.bss)
    __heap_base                              0x20012de0   Data           0  startup_stm32f429_439xx.o(HEAP)
    __heap_limit                             0x20012fe0   Data           0  startup_stm32f429_439xx.o(HEAP)
    __initial_sp                             0x200133e0   Data           0  startup_stm32f429_439xx.o(STACK)



==============================================================================

Memory Map of the image

  Image Entry point : 0x080001ad

  Load Region LR_IROM1 (Base: 0x08000000, Size: 0x0007199c, Max: 0x00100000, ABSOLUTE, COMPRESSED[0x000717dc])

    Execution Region ER_IROM1 (Exec base: 0x08000000, Load base: 0x08000000, Size: 0x00071628, Max: 0x00100000, ABSOLUTE)

    Exec Addr    Load Addr    Size         Type   Attr      Idx    E Section Name        Object

    0x08000000   0x08000000   0x000001ac   Data   RO            3    RESET               startup_stm32f429_439xx.o
    0x080001ac   0x080001ac   0x00000000   Code   RO         9629  * .ARM.Collect$$$$00000000  mc_w.l(entry.o)
    0x080001ac   0x080001ac   0x00000004   Code   RO         9959    .ARM.Collect$$$$00000001  mc_w.l(entry2.o)
    0x080001b0   0x080001b0   0x00000004   Code   RO         9962    .ARM.Collect$$$$00000004  mc_w.l(entry5.o)
    0x080001b4   0x080001b4   0x00000000   Code   RO         9964    .ARM.Collect$$$$00000008  mc_w.l(entry7b.o)
    0x080001b4   0x080001b4   0x00000000   Code   RO         9966    .ARM.Collect$$$$0000000A  mc_w.l(entry8b.o)
    0x080001b4   0x080001b4   0x00000008   Code   RO         9967    .ARM.Collect$$$$0000000B  mc_w.l(entry9a.o)
    0x080001bc   0x080001bc   0x00000000   Code   RO         9969    .ARM.Collect$$$$0000000D  mc_w.l(entry10a.o)
    0x080001bc   0x080001bc   0x00000000   Code   RO         9971    .ARM.Collect$$$$0000000F  mc_w.l(entry11a.o)
    0x080001bc   0x080001bc   0x00000004   Code   RO         9960    .ARM.Collect$$$$00002712  mc_w.l(entry2.o)
    0x080001c0   0x080001c0   0x00000024   Code   RO            4    .text               startup_stm32f429_439xx.o
    0x080001e4   0x080001e4   0x00000062   Code   RO         9632    .text               mc_w.l(uldiv.o)
    0x08000246   0x08000246   0x00000024   Code   RO         9634    .text               mc_w.l(memcpya.o)
    0x0800026a   0x0800026a   0x00000024   Code   RO         9636    .text               mc_w.l(memseta.o)
    0x0800028e   0x0800028e   0x00000018   Code   RO         9638    .text               mc_w.l(strcat.o)
    0x080002a6   0x080002a6   0x00000018   Code   RO         9640    .text               mc_w.l(strncpy.o)
    0x080002be   0x080002be   0x0000000e   Code   RO         9642    .text               mc_w.l(strlen.o)
    0x080002cc   0x080002cc   0x0000001c   Code   RO         9644    .text               mc_w.l(strcmp.o)
    0x080002e8   0x080002e8   0x00000012   Code   RO         9646    .text               mc_w.l(strcpy.o)
    0x080002fa   0x080002fa   0x0000001a   Code   RO         9939    .text               mc_w.l(atoi.o)
    0x08000314   0x08000314   0x0000014e   Code   RO         9941    .text               mf_w.l(dadd.o)
    0x08000462   0x08000462   0x000000e4   Code   RO         9943    .text               mf_w.l(dmul.o)
    0x08000546   0x08000546   0x000000de   Code   RO         9945    .text               mf_w.l(ddiv.o)
    0x08000624   0x08000624   0x0000001a   Code   RO         9947    .text               mf_w.l(dfltui.o)
    0x0800063e   0x0800063e   0x00000032   Code   RO         9949    .text               mf_w.l(dfixui.o)
    0x08000670   0x08000670   0x00000026   Code   RO         9951    .text               mf_w.l(f2d.o)
    0x08000696   0x08000696   0x00000002   PAD
    0x08000698   0x08000698   0x00000030   Code   RO         9953    .text               mf_w.l(cdcmple.o)
    0x080006c8   0x080006c8   0x00000030   Code   RO         9955    .text               mf_w.l(cdrcmple.o)
    0x080006f8   0x080006f8   0x00000038   Code   RO         9957    .text               mf_w.l(d2f.o)
    0x08000730   0x08000730   0x0000002c   Code   RO         9974    .text               mc_w.l(uidiv.o)
    0x0800075c   0x0800075c   0x0000001e   Code   RO         9976    .text               mc_w.l(llshl.o)
    0x0800077a   0x0800077a   0x00000020   Code   RO         9978    .text               mc_w.l(llushr.o)
    0x0800079a   0x0800079a   0x00000024   Code   RO         9980    .text               mc_w.l(llsshr.o)
    0x080007be   0x080007be   0x00000002   PAD
    0x080007c0   0x080007c0   0x0000009c   Code   RO         9991    .text               mc_w.l(strtod.o)
    0x0800085c   0x0800085c   0x00000070   Code   RO         9993    .text               mc_w.l(strtol.o)
    0x080008cc   0x080008cc   0x00000000   Code   RO         9995    .text               mc_w.l(iusefp.o)
    0x080008cc   0x080008cc   0x0000006e   Code   RO         9996    .text               mf_w.l(fepilogue.o)
    0x0800093a   0x0800093a   0x000000ba   Code   RO         9998    .text               mf_w.l(depilogue.o)
    0x080009f4   0x080009f4   0x000000a2   Code   RO        10000    .text               mf_w.l(dsqrt.o)
    0x08000a96   0x08000a96   0x00000030   Code   RO        10002    .text               mf_w.l(dfixul.o)
    0x08000ac6   0x08000ac6   0x00000002   PAD
    0x08000ac8   0x08000ac8   0x00000024   Code   RO        10004    .text               mc_w.l(init.o)
    0x08000aec   0x08000aec   0x00000008   Code   RO        10008    .text               mc_w.l(ctype_o.o)
    0x08000af4   0x08000af4   0x00000012   Code   RO        10030    .text               mc_w.l(isspace_o.o)
    0x08000b06   0x08000b06   0x00000002   PAD
    0x08000b08   0x08000b08   0x00000360   Code   RO        10036    .text               mc_w.l(scanf_fp.o)
    0x08000e68   0x08000e68   0x00000040   Code   RO        10040    .text               mc_w.l(_sgetc.o)
    0x08000ea8   0x08000ea8   0x0000009e   Code   RO        10042    .text               mc_w.l(_strtoul.o)
    0x08000f46   0x08000f46   0x0000001c   Code   RO        10047    .text               mc_w.l(_chval.o)
    0x08000f62   0x08000f62   0x00000018   Code   RO        10049    .text               mf_w.l(dfltul.o)
    0x08000f7a   0x08000f7a   0x00000056   Code   RO        10059    .text               mc_w.l(__dczerorl2.o)
    0x08000fd0   0x08000fd0   0x00000070   Code   RO         6472    i.ACC_HANDLE        bsp_key.o
    0x08001040   0x08001040   0x00000014   Code   RO          222    i.ADC_Cmd           stm32f4xx_adc.o
    0x08001054   0x08001054   0x0000002c   Code   RO          223    i.ADC_CommonInit    stm32f4xx_adc.o
    0x08001080   0x08001080   0x00000014   Code   RO          226    i.ADC_DMACmd        stm32f4xx_adc.o
    0x08001094   0x08001094   0x00000014   Code   RO          227    i.ADC_DMARequestAfterLastTransferCmd  stm32f4xx_adc.o
    0x080010a8   0x080010a8   0x0000004c   Code   RO          242    i.ADC_Init          stm32f4xx_adc.o
    0x080010f4   0x080010f4   0x00000074   Code   RO          247    i.ADC_RegularChannelConfig  stm32f4xx_adc.o
    0x08001168   0x08001168   0x0000000a   Code   RO          249    i.ADC_SoftwareStartConv  stm32f4xx_adc.o
    0x08001172   0x08001172   0x00000002   PAD
    0x08001174   0x08001174   0x000000dc   Code   RO         5146    i.AVGCAL            main.o
    0x08001250   0x08001250   0x00000038   Code   RO         6473    i.BACK_HANDLE       bsp_key.o
    0x08001288   0x08001288   0x00000044   Code   RO         5147    i.BEEPCHECK         main.o
    0x080012cc   0x080012cc   0x0000002c   Code   RO         6994    i.Beep_GPIO_Config  bsp_beep.o
    0x080012f8   0x080012f8   0x00000002   Code   RO         5467    i.BusFault_Handler  stm32f4xx_it.o
    0x080012fa   0x080012fa   0x00000002   PAD
    0x080012fc   0x080012fc   0x00000024   Code   RO         6474    i.ButtonSound       bsp_key.o
    0x08001320   0x08001320   0x00000032   Code   RO         7432    i.CH376ByteLocate   filesys.o
    0x08001352   0x08001352   0x0000004e   Code   RO         7434    i.CH376ByteWrite    filesys.o
    0x080013a0   0x080013a0   0x00000016   Code   RO         7439    i.CH376DiskConnect  filesys.o
    0x080013b6   0x080013b6   0x00000006   Code   RO         7440    i.CH376DiskMount    filesys.o
    0x080013bc   0x080013bc   0x00000008   Code   RO         7444    i.CH376FileClose    filesys.o
    0x080013c4   0x080013c4   0x00000012   Code   RO         7445    i.CH376FileCreate   filesys.o
    0x080013d6   0x080013d6   0x00000032   Code   RO         7446    i.CH376FileCreatePath  filesys.o
    0x08001408   0x08001408   0x00000024   Code   RO         7448    i.CH376FileOpen     filesys.o
    0x0800142c   0x0800142c   0x0000004c   Code   RO         7449    i.CH376FileOpenDir  filesys.o
    0x08001478   0x08001478   0x00000006   Code   RO         7450    i.CH376FileOpenPath  filesys.o
    0x0800147e   0x0800147e   0x0000001c   Code   RO         7453    i.CH376GetIntStatus  filesys.o
    0x0800149a   0x0800149a   0x00000030   Code   RO         7454    i.CH376Read32bitDat  filesys.o
    0x080014ca   0x080014ca   0x00000018   Code   RO         7456    i.CH376ReadVar32    filesys.o
    0x080014e2   0x080014e2   0x0000001e   Code   RO         7457    i.CH376ReadVar8     filesys.o
    0x08001500   0x08001500   0x0000001a   Code   RO         7459    i.CH376SendCmdDatWaitInt  filesys.o
    0x0800151a   0x0800151a   0x00000012   Code   RO         7460    i.CH376SendCmdWaitInt  filesys.o
    0x0800152c   0x0800152c   0x0000002a   Code   RO         7461    i.CH376SeparatePath  filesys.o
    0x08001556   0x08001556   0x0000008e   Code   RO         7462    i.CH376SetFileName  filesys.o
    0x080015e4   0x080015e4   0x0000002c   Code   RO         7465    i.CH376WriteReqBlock  filesys.o
    0x08001610   0x08001610   0x00000036   Code   RO         7466    i.CH376WriteVar32   filesys.o
    0x08001646   0x08001646   0x00000002   PAD
    0x08001648   0x08001648   0x000000ec   Code   RO         7344    i.CH376_GPIO_Init   ch376.o
    0x08001734   0x08001734   0x00000046   Code   RO         5148    i.CRC16             main.o
    0x0800177a   0x0800177a   0x00000002   PAD
    0x0800177c   0x0800177c   0x00000740   Code   RO         7189    i.ChannelSwtichBig  touchscreen.o
    0x08001ebc   0x08001ebc   0x000007b4   Code   RO         7190    i.ChannelSwtichMid  touchscreen.o
    0x08002670   0x08002670   0x000007c8   Code   RO         7191    i.ChannelSwtichSml  touchscreen.o
    0x08002e38   0x08002e38   0x00000084   Code   RO         5149    i.Check_limits      main.o
    0x08002ebc   0x08002ebc   0x000000e8   Code   RO         7707    i.CmdResp1Error     bsp_sdio_sd.o
    0x08002fa4   0x08002fa4   0x00000034   Code   RO         7708    i.CmdResp2Error     bsp_sdio_sd.o
    0x08002fd8   0x08002fd8   0x00000070   Code   RO         7709    i.CmdResp6Error     bsp_sdio_sd.o
    0x08003048   0x08003048   0x000000c4   Code   RO         5150    i.Creat_New_Folder  main.o
    0x0800310c   0x0800310c   0x0000002c   Code   RO         8570    i.DCD_EP_Close      usb_dcd.o
    0x08003138   0x08003138   0x00000038   Code   RO         8571    i.DCD_EP_ClrStall   usb_dcd.o
    0x08003170   0x08003170   0x00000018   Code   RO         8572    i.DCD_EP_Flush      usb_dcd.o
    0x08003188   0x08003188   0x0000003c   Code   RO         8573    i.DCD_EP_Open       usb_dcd.o
    0x080031c4   0x080031c4   0x00000044   Code   RO         8574    i.DCD_EP_PrepareRx  usb_dcd.o
    0x08003208   0x08003208   0x00000010   Code   RO         8575    i.DCD_EP_SetAddress  usb_dcd.o
    0x08003218   0x08003218   0x00000038   Code   RO         8576    i.DCD_EP_Stall      usb_dcd.o
    0x08003250   0x08003250   0x0000003e   Code   RO         8577    i.DCD_EP_Tx         usb_dcd.o
    0x0800328e   0x0800328e   0x00000002   PAD
    0x08003290   0x08003290   0x000000cc   Code   RO         8664    i.DCD_HandleInEP_ISR  usb_dcd_int.o
    0x0800335c   0x0800335c   0x000000ac   Code   RO         8665    i.DCD_HandleOutEP_ISR  usb_dcd_int.o
    0x08003408   0x08003408   0x0000007c   Code   RO         8666    i.DCD_HandleRxStatusQueueLevel_ISR  usb_dcd_int.o
    0x08003484   0x08003484   0x00000070   Code   RO         8667    i.DCD_HandleUSBSuspend_ISR  usb_dcd_int.o
    0x080034f4   0x080034f4   0x00000090   Code   RO         8668    i.DCD_HandleUsbReset_ISR  usb_dcd_int.o
    0x08003584   0x08003584   0x00000092   Code   RO         8579    i.DCD_Init          usb_dcd.o
    0x08003616   0x08003616   0x0000008a   Code   RO         8669    i.DCD_WriteEmptyTxFifo  usb_dcd_int.o
    0x080036a0   0x080036a0   0x0000006c   Code   RO         5644    i.DISP_AVG          bsp_lcd.o
    0x0800370c   0x0800370c   0x0000006c   Code   RO         5645    i.DISP_CNL_M        bsp_lcd.o
    0x08003778   0x08003778   0x0000006c   Code   RO         5646    i.DISP_CNL_S        bsp_lcd.o
    0x080037e4   0x080037e4   0x00000120   Code   RO         5154    i.DISP_HIS_FOLDER   main.o
    0x08003904   0x08003904   0x00000048   Code   RO         5647    i.DISP_INPUT        bsp_lcd.o
    0x0800394c   0x0800394c   0x0000006c   Code   RO         5648    i.DISP_INS          bsp_lcd.o
    0x080039b8   0x080039b8   0x00000044   Code   RO         5649    i.DISP_SINS         bsp_lcd.o
    0x080039fc   0x080039fc   0x0000006c   Code   RO         5650    i.DISP_SYS          bsp_lcd.o
    0x08003a68   0x08003a68   0x00000094   Code   RO         5651    i.DISP_TEMP_L       bsp_lcd.o
    0x08003afc   0x08003afc   0x00000094   Code   RO         5652    i.DISP_TEMP_M       bsp_lcd.o
    0x08003b90   0x08003b90   0x00000094   Code   RO         5653    i.DISP_TEMP_S       bsp_lcd.o
    0x08003c24   0x08003c24   0x00000018   Code   RO         1358    i.DMA2D_DeInit      stm32f4xx_dma2d.o
    0x08003c3c   0x08003c3c   0x00000014   Code   RO         1363    i.DMA2D_GetFlagStatus  stm32f4xx_dma2d.o
    0x08003c50   0x08003c50   0x000000b4   Code   RO         1366    i.DMA2D_Init        stm32f4xx_dma2d.o
    0x08003d04   0x08003d04   0x00000010   Code   RO         1368    i.DMA2D_StartTransfer  stm32f4xx_dma2d.o
    0x08003d14   0x08003d14   0x00000004   Code   RO         7710    i.DMA2_Stream3_IRQHandler  bsp_sdio_sd.o
    0x08003d18   0x08003d18   0x0000002c   Code   RO         1220    i.DMA_ClearFlag     stm32f4xx_dma.o
    0x08003d44   0x08003d44   0x00000014   Code   RO         1222    i.DMA_Cmd           stm32f4xx_dma.o
    0x08003d58   0x08003d58   0x00000124   Code   RO         1223    i.DMA_DeInit        stm32f4xx_dma.o
    0x08003e7c   0x08003e7c   0x00000014   Code   RO         1226    i.DMA_FlowControllerConfig  stm32f4xx_dma.o
    0x08003e90   0x08003e90   0x0000002c   Code   RO         1233    i.DMA_ITConfig      stm32f4xx_dma.o
    0x08003ebc   0x08003ebc   0x00000054   Code   RO         1234    i.DMA_Init          stm32f4xx_dma.o
    0x08003f10   0x08003f10   0x00000020   Code   RO         6475    i.DOT_HANDLE        bsp_key.o
    0x08003f30   0x08003f30   0x0000298c   Code   RO         6476    i.DOWN_HANDLE       bsp_key.o
    0x080068bc   0x080068bc   0x00000002   Code   RO         5468    i.DebugMon_Handler  stm32f4xx_it.o
    0x080068be   0x080068be   0x00000002   PAD
    0x080068c0   0x080068c0   0x000000c4   Code   RO         6291    i.Debug_USART_Config  bsp_debug_usart.o
    0x08006984   0x08006984   0x00000010   Code   RO         5155    i.Delay             main.o
    0x08006994   0x08006994   0x00000044   Code   RO         8299    i.Disp_Factory      factory.o
    0x080069d8   0x080069d8   0x00000582   Code   RO         7958    i.Disp_Type         home.o
    0x08006f5a   0x08006f5a   0x00000002   PAD
    0x08006f5c   0x08006f5c   0x00000124   Code   RO         5654    i.DrawBattery       bsp_lcd.o
    0x08007080   0x08007080   0x00000068   Code   RO         5655    i.DrawBrt           bsp_lcd.o
    0x080070e8   0x080070e8   0x00000076   Code   RO         5657    i.DrawCharge        bsp_lcd.o
    0x0800715e   0x0800715e   0x00000002   PAD
    0x08007160   0x08007160   0x00000094   Code   RO         5658    i.DrawDim           bsp_lcd.o
    0x080071f4   0x080071f4   0x000000bc   Code   RO         5659    i.DrawGridLine      bsp_lcd.o
    0x080072b0   0x080072b0   0x0000003c   Code   RO         5660    i.DrawInstruction   bsp_lcd.o
    0x080072ec   0x080072ec   0x00001bf2   Code   RO         8269    i.DrawLogo          power_on.o
    0x08008ede   0x08008ede   0x00000002   PAD
    0x08008ee0   0x08008ee0   0x00000084   Code   RO         5661    i.DrawMenu          bsp_lcd.o
    0x08008f64   0x08008f64   0x00000154   Code   RO         5662    i.DrawPowOff        bsp_lcd.o
    0x080090b8   0x080090b8   0x00000130   Code   RO         7104    i.DrawTime          bsp_rtc.o
    0x080091e8   0x080091e8   0x00000070   Code   RO         5665    i.DrawTouch         bsp_lcd.o
    0x08009258   0x08009258   0x0000013c   Code   RO         6477    i.DrawType          bsp_key.o
    0x08009394   0x08009394   0x000000b8   Code   RO         5666    i.DrawUdisk1        bsp_lcd.o
    0x0800944c   0x0800944c   0x000000b2   Code   RO         5667    i.DrawUdisk2        bsp_lcd.o
    0x080094fe   0x080094fe   0x00000002   PAD
    0x08009500   0x08009500   0x00000060   Code   RO         5668    i.DrawUnit          bsp_lcd.o
    0x08009560   0x08009560   0x00000f0a   Code   RO         8099    i.Draw_graph        graph.o
    0x0800a46a   0x0800a46a   0x00000002   PAD
    0x0800a46c   0x0800a46c   0x000000e4   Code   RO         5669    i.Drawcalmenu       bsp_lcd.o
    0x0800a550   0x0800a550   0x000000d4   Code   RO         5670    i.Drawdate          bsp_lcd.o
    0x0800a624   0x0800a624   0x0000008c   Code   RO         5671    i.Drawdate2         bsp_lcd.o
    0x0800a6b0   0x0800a6b0   0x000000e8   Code   RO         5673    i.Drawgraphmenu     bsp_lcd.o
    0x0800a798   0x0800a798   0x000000bc   Code   RO         5674    i.Drawgsethmenu     bsp_lcd.o
    0x0800a854   0x0800a854   0x000000e4   Code   RO         5675    i.Drawhishmenu      bsp_lcd.o
    0x0800a938   0x0800a938   0x000000e8   Code   RO         5676    i.Drawhomemenu      bsp_lcd.o
    0x0800aa20   0x0800aa20   0x00000038   Code   RO         5677    i.Drawlang          bsp_lcd.o
    0x0800aa58   0x0800aa58   0x000000e4   Code   RO         5678    i.Drawsetmenu       bsp_lcd.o
    0x0800ab3c   0x0800ab3c   0x000000e4   Code   RO         5679    i.Drawsptmenu       bsp_lcd.o
    0x0800ac20   0x0800ac20   0x000000e8   Code   RO         5680    i.Drawsysinfomenu   bsp_lcd.o
    0x0800ad08   0x0800ad08   0x000000f0   Code   RO         5681    i.Drawsysmenu       bsp_lcd.o
    0x0800adf8   0x0800adf8   0x000000d4   Code   RO         5682    i.Drawtime          bsp_lcd.o
    0x0800aecc   0x0800aecc   0x0000008c   Code   RO         5683    i.Drawtime2         bsp_lcd.o
    0x0800af58   0x0800af58   0x000028e4   Code   RO         6478    i.ENTER_HANDLE      bsp_key.o
    0x0800d83c   0x0800d83c   0x00000048   Code   RO         6479    i.ESC_HANDLE        bsp_key.o
    0x0800d884   0x0800d884   0x00000024   Code   RO         1486    i.EXTI_DeInit       stm32f4xx_exti.o
    0x0800d8a8   0x0800d8a8   0x00000036   Code   RO         1844    i.FMC_GetFlagStatus  stm32f4xx_fmc.o
    0x0800d8de   0x0800d8de   0x00000022   Code   RO         1861    i.FMC_SDRAMCmdConfig  stm32f4xx_fmc.o
    0x0800d900   0x0800d900   0x00000120   Code   RO         1863    i.FMC_SDRAMInit     stm32f4xx_fmc.o
    0x0800da20   0x0800da20   0x00000012   Code   RO         1867    i.FMC_SetRefreshCount  stm32f4xx_fmc.o
    0x0800da32   0x0800da32   0x00000002   PAD
    0x0800da34   0x0800da34   0x00000704   Code   RO         6480    i.FUNC1_HANDLE      bsp_key.o
    0x0800e138   0x0800e138   0x000006c8   Code   RO         6481    i.FUNC2_HANDLE      bsp_key.o
    0x0800e800   0x0800e800   0x00000534   Code   RO         6482    i.FUNC3_HANDLE      bsp_key.o
    0x0800ed34   0x0800ed34   0x00000450   Code   RO         6483    i.FUNC4_HANDLE      bsp_key.o
    0x0800f184   0x0800f184   0x00001ff8   Code   RO         6484    i.FUNC5_HANDLE      bsp_key.o
    0x0801117c   0x0801117c   0x00000138   Code   RO         7711    i.FindSCR           bsp_sdio_sd.o
    0x080112b4   0x080112b4   0x00000078   Code   RO         2046    i.GPIO_Init         stm32f4xx_gpio.o
    0x0801132c   0x0801132c   0x00000020   Code   RO         2047    i.GPIO_PinAFConfig  stm32f4xx_gpio.o
    0x0801134c   0x0801134c   0x0000000e   Code   RO         2050    i.GPIO_ReadInputDataBit  stm32f4xx_gpio.o
    0x0801135a   0x0801135a   0x00000004   Code   RO         2053    i.GPIO_ResetBits    stm32f4xx_gpio.o
    0x0801135e   0x0801135e   0x00000004   Code   RO         2054    i.GPIO_SetBits      stm32f4xx_gpio.o
    0x08011362   0x08011362   0x00000002   PAD
    0x08011364   0x08011364   0x0000001c   Code   RO         5469    i.HardFault_Handler  stm32f4xx_it.o
    0x08011380   0x08011380   0x00000038   Code   RO         5159    i.InitBrt           main.o
    0x080113b8   0x080113b8   0x0000006c   Code   RO         7345    i.Init_CH376        ch376.o
    0x08011424   0x08011424   0x000000b0   Code   RO         6486    i.Input_end         bsp_key.o
    0x080114d4   0x080114d4   0x000000b0   Code   RO         6487    i.Input_start       bsp_key.o
    0x08011584   0x08011584   0x000000c8   Code   RO         5160    i.JumpBoot          main.o
    0x0801164c   0x0801164c   0x00000054   Code   RO         6488    i.KEY0_HANDLE       bsp_key.o
    0x080116a0   0x080116a0   0x0000005c   Code   RO         6489    i.KEY1_HANDLE       bsp_key.o
    0x080116fc   0x080116fc   0x0000005c   Code   RO         6490    i.KEY2_HANDLE       bsp_key.o
    0x08011758   0x08011758   0x0000005c   Code   RO         6491    i.KEY3_HANDLE       bsp_key.o
    0x080117b4   0x080117b4   0x00000058   Code   RO         6492    i.KEY4_HANDLE       bsp_key.o
    0x0801180c   0x0801180c   0x00000058   Code   RO         6493    i.KEY5_HANDLE       bsp_key.o
    0x08011864   0x08011864   0x00000058   Code   RO         6494    i.KEY6_HANDLE       bsp_key.o
    0x080118bc   0x080118bc   0x00000058   Code   RO         6495    i.KEY7_HANDLE       bsp_key.o
    0x08011914   0x08011914   0x00000058   Code   RO         6496    i.KEY8_HANDLE       bsp_key.o
    0x0801196c   0x0801196c   0x00000054   Code   RO         6497    i.KEY9_HANDLE       bsp_key.o
    0x080119c0   0x080119c0   0x00000010   Code   RO         6498    i.Key_Delay         bsp_key.o
    0x080119d0   0x080119d0   0x000000e8   Code   RO         6499    i.Key_Function      bsp_key.o
    0x08011ab8   0x08011ab8   0x00000084   Code   RO         6500    i.Key_GPIO_Config   bsp_key.o
    0x08011b3c   0x08011b3c   0x00000588   Code   RO         6501    i.Key_Scan          bsp_key.o
    0x080120c4   0x080120c4   0x00000058   Code   RO         5684    i.LCD_Clear         bsp_lcd.o
    0x0801211c   0x0801211c   0x0000002c   Code   RO         5692    i.LCD_DisplayChar_48  bsp_lcd.o
    0x08012148   0x08012148   0x00000048   Code   RO         5693    i.LCD_DisplayChinese  bsp_lcd.o
    0x08012190   0x08012190   0x0000006c   Code   RO         5694    i.LCD_DisplayStringLine  bsp_lcd.o
    0x080121fc   0x080121fc   0x0000006c   Code   RO         5696    i.LCD_DisplayStringLine_48  bsp_lcd.o
    0x08012268   0x08012268   0x00000078   Code   RO         5698    i.LCD_DrawChar      bsp_lcd.o
    0x080122e0   0x080122e0   0x00000078   Code   RO         5700    i.LCD_DrawChinese   bsp_lcd.o
    0x08012358   0x08012358   0x0000009c   Code   RO         5701    i.LCD_DrawCircle    bsp_lcd.o
    0x080123f4   0x080123f4   0x00000068   Code   RO         5705    i.LCD_DrawFullRect  bsp_lcd.o
    0x0801245c   0x0801245c   0x00000080   Code   RO         5706    i.LCD_DrawLine      bsp_lcd.o
    0x080124dc   0x080124dc   0x0000003e   Code   RO         5708    i.LCD_DrawRect      bsp_lcd.o
    0x0801251a   0x0801251a   0x000000b4   Code   RO         5709    i.LCD_DrawUniLine   bsp_lcd.o
    0x080125ce   0x080125ce   0x00000002   PAD
    0x080125d0   0x080125d0   0x000002b4   Code   RO         5712    i.LCD_GPIO_Config   bsp_lcd.o
    0x08012884   0x08012884   0x00000088   Code   RO         5715    i.LCD_Init          bsp_lcd.o
    0x0801290c   0x0801290c   0x00000094   Code   RO         5716    i.LCD_LayerInit     bsp_lcd.o
    0x080129a0   0x080129a0   0x0000000c   Code   RO         5721    i.LCD_SetBackColor  bsp_lcd.o
    0x080129ac   0x080129ac   0x0000000c   Code   RO         5723    i.LCD_SetColors     bsp_lcd.o
    0x080129b8   0x080129b8   0x00000020   Code   RO         5727    i.LCD_SetLayer      bsp_lcd.o
    0x080129d8   0x080129d8   0x0000000c   Code   RO         5728    i.LCD_SetTextColor  bsp_lcd.o
    0x080129e4   0x080129e4   0x0000002c   Code   RO         5729    i.LCD_SetTransparency  bsp_lcd.o
    0x08012a10   0x08012a10   0x000015bc   Code   RO         6502    i.LEFT_HANDLE       bsp_key.o
    0x08013fcc   0x08013fcc   0x0000001c   Code   RO         2620    i.LTDC_Cmd          stm32f4xx_ltdc.o
    0x08013fe8   0x08013fe8   0x000000a8   Code   RO         2631    i.LTDC_Init         stm32f4xx_ltdc.o
    0x08014090   0x08014090   0x00000004   Code   RO         2634    i.LTDC_LayerAlpha   stm32f4xx_ltdc.o
    0x08014094   0x08014094   0x00000014   Code   RO         2635    i.LTDC_LayerCmd     stm32f4xx_ltdc.o
    0x080140a8   0x080140a8   0x00000096   Code   RO         2636    i.LTDC_LayerInit    stm32f4xx_ltdc.o
    0x0801413e   0x0801413e   0x00000002   PAD
    0x08014140   0x08014140   0x0000000c   Code   RO         2643    i.LTDC_ReloadConfig  stm32f4xx_ltdc.o
    0x0801414c   0x0801414c   0x00000002   Code   RO         5470    i.MemManage_Handler  stm32f4xx_it.o
    0x0801414e   0x0801414e   0x00000002   Code   RO         5471    i.NMI_Handler       stm32f4xx_it.o
    0x08014150   0x08014150   0x00000016   Code   RO         5161    i.NVIC_DisableIRQ   main.o
    0x08014166   0x08014166   0x00000002   PAD
    0x08014168   0x08014168   0x00000064   Code   RO          164    i.NVIC_Init         misc.o
    0x080141cc   0x080141cc   0x00000014   Code   RO          165    i.NVIC_PriorityGroupConfig  misc.o
    0x080141e0   0x080141e0   0x00000014   Code   RO          166    i.NVIC_SetVectorTable  misc.o
    0x080141f4   0x080141f4   0x0000000c   Code   RO         5472    i.OTG_FS_IRQHandler  stm32f4xx_it.o
    0x08014200   0x08014200   0x0000000c   Code   RO         9181    i.OTG_HS_EP1_IN_IRQHandler  usb_bsp.o
    0x0801420c   0x0801420c   0x0000000c   Code   RO         9182    i.OTG_HS_EP1_OUT_IRQHandler  usb_bsp.o
    0x08014218   0x08014218   0x0000000c   Code   RO         9183    i.OTG_HS_IRQHandler  usb_bsp.o
    0x08014224   0x08014224   0x0000000c   Code   RO         2813    i.PWR_BackupAccessCmd  stm32f4xx_pwr.o
    0x08014230   0x08014230   0x00000002   Code   RO         5473    i.PendSV_Handler    stm32f4xx_it.o
    0x08014232   0x08014232   0x00000002   PAD
    0x08014234   0x08014234   0x0000004c   Code   RO         5163    i.PowerOffHandle    main.o
    0x08014280   0x08014280   0x00000030   Code   RO         5734    i.PutPixel          bsp_lcd.o
    0x080142b0   0x080142b0   0x00000018   Code   RO         7346    i.Query376Interrupt  ch376.o
    0x080142c8   0x080142c8   0x00000018   Code   RO         2960    i.RCC_AHB1PeriphClockCmd  stm32f4xx_rcc.o
    0x080142e0   0x080142e0   0x00000018   Code   RO         2962    i.RCC_AHB1PeriphResetCmd  stm32f4xx_rcc.o
    0x080142f8   0x080142f8   0x00000018   Code   RO         2966    i.RCC_AHB3PeriphClockCmd  stm32f4xx_rcc.o
    0x08014310   0x08014310   0x00000018   Code   RO         2969    i.RCC_APB1PeriphClockCmd  stm32f4xx_rcc.o
    0x08014328   0x08014328   0x00000018   Code   RO         2971    i.RCC_APB1PeriphResetCmd  stm32f4xx_rcc.o
    0x08014340   0x08014340   0x00000018   Code   RO         2972    i.RCC_APB2PeriphClockCmd  stm32f4xx_rcc.o
    0x08014358   0x08014358   0x00000018   Code   RO         2974    i.RCC_APB2PeriphResetCmd  stm32f4xx_rcc.o
    0x08014370   0x08014370   0x00000054   Code   RO         2980    i.RCC_DeInit        stm32f4xx_rcc.o
    0x080143c4   0x080143c4   0x00000094   Code   RO         2981    i.RCC_GetClocksFreq  stm32f4xx_rcc.o
    0x08014458   0x08014458   0x00000034   Code   RO         2982    i.RCC_GetFlagStatus  stm32f4xx_rcc.o
    0x0801448c   0x0801448c   0x0000001c   Code   RO         2990    i.RCC_LSEConfig     stm32f4xx_rcc.o
    0x080144a8   0x080144a8   0x00000014   Code   RO         2993    i.RCC_LTDCCLKDivConfig  stm32f4xx_rcc.o
    0x080144bc   0x080144bc   0x0000000c   Code   RO         3002    i.RCC_PLLSAICmd     stm32f4xx_rcc.o
    0x080144c8   0x080144c8   0x00000014   Code   RO         3003    i.RCC_PLLSAIConfig  stm32f4xx_rcc.o
    0x080144dc   0x080144dc   0x0000000c   Code   RO         3004    i.RCC_RTCCLKCmd     stm32f4xx_rcc.o
    0x080144e8   0x080144e8   0x00000030   Code   RO         3005    i.RCC_RTCCLKConfig  stm32f4xx_rcc.o
    0x08014518   0x08014518   0x000015cc   Code   RO         6503    i.RIGHT_HANDLE      bsp_key.o
    0x08015ae4   0x08015ae4   0x00000012   Code   RO         3367    i.RTC_Bcd2ToByte    stm32f4xx_rtc.o
    0x08015af6   0x08015af6   0x00000018   Code   RO         3369    i.RTC_ByteToBcd2    stm32f4xx_rtc.o
    0x08015b0e   0x08015b0e   0x00000002   PAD
    0x08015b10   0x08015b10   0x0000006c   Code   RO         7105    i.RTC_CLK_Config    bsp_rtc.o
    0x08015b7c   0x08015b7c   0x000000b0   Code   RO         3378    i.RTC_DeInit        stm32f4xx_rtc.o
    0x08015c2c   0x08015c2c   0x0000003c   Code   RO         3379    i.RTC_EnterInitMode  stm32f4xx_rtc.o
    0x08015c68   0x08015c68   0x00000010   Code   RO         3380    i.RTC_ExitInitMode  stm32f4xx_rtc.o
    0x08015c78   0x08015c78   0x0000004c   Code   RO         3383    i.RTC_GetDate       stm32f4xx_rtc.o
    0x08015cc4   0x08015cc4   0x00000050   Code   RO         3388    i.RTC_GetTime       stm32f4xx_rtc.o
    0x08015d14   0x08015d14   0x00000040   Code   RO         3392    i.RTC_ITConfig      stm32f4xx_rtc.o
    0x08015d54   0x08015d54   0x00000050   Code   RO         3393    i.RTC_Init          stm32f4xx_rtc.o
    0x08015da4   0x08015da4   0x00000014   Code   RO         3396    i.RTC_ReadBackupRegister  stm32f4xx_rtc.o
    0x08015db8   0x08015db8   0x00000098   Code   RO         3399    i.RTC_SetDate       stm32f4xx_rtc.o
    0x08015e50   0x08015e50   0x000000a0   Code   RO         3400    i.RTC_SetTime       stm32f4xx_rtc.o
    0x08015ef0   0x08015ef0   0x00000060   Code   RO         7107    i.RTC_TimeAndDate_Set  bsp_rtc.o
    0x08015f50   0x08015f50   0x000002cc   Code   RO         7108    i.RTC_TimeAndDate_Show  bsp_rtc.o
    0x0801621c   0x0801621c   0x0000004c   Code   RO         3416    i.RTC_WaitForSynchro  stm32f4xx_rtc.o
    0x08016268   0x08016268   0x00000058   Code   RO         3418    i.RTC_WakeUpCmd     stm32f4xx_rtc.o
    0x080162c0   0x080162c0   0x00000014   Code   RO         3419    i.RTC_WriteBackupRegister  stm32f4xx_rtc.o
    0x080162d4   0x080162d4   0x000000cc   Code   RO         5164    i.Read_Flash_Init_Handle  main.o
    0x080163a0   0x080163a0   0x00000010   Code   RO         8163    i.Read_Sflag        history.o
    0x080163b0   0x080163b0   0x00000088   Code   RO         5165    i.Read_flag         main.o
    0x08016438   0x08016438   0x000000a4   Code   RO         8164    i.Read_history      history.o
    0x080164dc   0x080164dc   0x00000018   Code   RO         8165    i.Read_time         history.o
    0x080164f4   0x080164f4   0x000000d4   Code   RO         7193    i.Rheostat_ADC_Mode_Config  touchscreen.o
    0x080165c8   0x080165c8   0x000000c0   Code   RO         7713    i.SDEnWideBus       bsp_sdio_sd.o
    0x08016688   0x08016688   0x0000000c   Code   RO         3891    i.SDIO_ClearFlag    stm32f4xx_sdio.o
    0x08016694   0x08016694   0x0000000c   Code   RO         3892    i.SDIO_ClearITPendingBit  stm32f4xx_sdio.o
    0x080166a0   0x080166a0   0x0000000c   Code   RO         3893    i.SDIO_ClockCmd     stm32f4xx_sdio.o
    0x080166ac   0x080166ac   0x0000000c   Code   RO         3896    i.SDIO_DMACmd       stm32f4xx_sdio.o
    0x080166b8   0x080166b8   0x00000030   Code   RO         3897    i.SDIO_DataConfig   stm32f4xx_sdio.o
    0x080166e8   0x080166e8   0x00000018   Code   RO         3899    i.SDIO_DeInit       stm32f4xx_sdio.o
    0x08016700   0x08016700   0x0000000c   Code   RO         3900    i.SDIO_GetCommandResponse  stm32f4xx_sdio.o
    0x0801670c   0x0801670c   0x00000014   Code   RO         3903    i.SDIO_GetFlagStatus  stm32f4xx_sdio.o
    0x08016720   0x08016720   0x00000014   Code   RO         3904    i.SDIO_GetITStatus  stm32f4xx_sdio.o
    0x08016734   0x08016734   0x00000010   Code   RO         3905    i.SDIO_GetPowerState  stm32f4xx_sdio.o
    0x08016744   0x08016744   0x00000010   Code   RO         3906    i.SDIO_GetResponse  stm32f4xx_sdio.o
    0x08016754   0x08016754   0x00000004   Code   RO         7714    i.SDIO_IRQHandler   bsp_sdio_sd.o
    0x08016758   0x08016758   0x00000018   Code   RO         3907    i.SDIO_ITConfig     stm32f4xx_sdio.o
    0x08016770   0x08016770   0x0000002c   Code   RO         3908    i.SDIO_Init         stm32f4xx_sdio.o
    0x0801679c   0x0801679c   0x0000000c   Code   RO         3909    i.SDIO_ReadData     stm32f4xx_sdio.o
    0x080167a8   0x080167a8   0x00000028   Code   RO         3911    i.SDIO_SendCommand  stm32f4xx_sdio.o
    0x080167d0   0x080167d0   0x0000000c   Code   RO         3913    i.SDIO_SetPowerState  stm32f4xx_sdio.o
    0x080167dc   0x080167dc   0x00000388   Code   RO         5592    i.SDRAM_GPIO_Config  bsp_sdram.o
    0x08016b64   0x08016b64   0x0000005e   Code   RO         5593    i.SDRAM_Init        bsp_sdram.o
    0x08016bc2   0x08016bc2   0x00000002   PAD
    0x08016bc4   0x08016bc4   0x000000b4   Code   RO         5594    i.SDRAM_InitSequence  bsp_sdram.o
    0x08016c78   0x08016c78   0x00000074   Code   RO         7717    i.SD_EnableWideBusOperation  bsp_sdio_sd.o
    0x08016cec   0x08016cec   0x00000264   Code   RO         7719    i.SD_GetCardInfo    bsp_sdio_sd.o
    0x08016f50   0x08016f50   0x00000028   Code   RO         7721    i.SD_GetState       bsp_sdio_sd.o
    0x08016f78   0x08016f78   0x0000001a   Code   RO         7722    i.SD_GetStatus      bsp_sdio_sd.o
    0x08016f92   0x08016f92   0x00000002   PAD
    0x08016f94   0x08016f94   0x000000b4   Code   RO         7725    i.SD_Init           bsp_sdio_sd.o
    0x08017048   0x08017048   0x000000fc   Code   RO         7726    i.SD_InitializeCards  bsp_sdio_sd.o
    0x08017144   0x08017144   0x00000088   Code   RO         7727    i.SD_LowLevel_DMA_RxConfig  bsp_sdio_sd.o
    0x080171cc   0x080171cc   0x0000008c   Code   RO         7728    i.SD_LowLevel_DMA_TxConfig  bsp_sdio_sd.o
    0x08017258   0x08017258   0x000000a4   Code   RO         7730    i.SD_LowLevel_Init  bsp_sdio_sd.o
    0x080172fc   0x080172fc   0x00000208   Code   RO         7732    i.SD_PowerON        bsp_sdio_sd.o
    0x08017504   0x08017504   0x00000028   Code   RO         7733    i.SD_ProcessDMAIRQ  bsp_sdio_sd.o
    0x0801752c   0x0801752c   0x00000090   Code   RO         7734    i.SD_ProcessIRQSrc  bsp_sdio_sd.o
    0x080175bc   0x080175bc   0x000000c8   Code   RO         7736    i.SD_ReadMultiBlocks  bsp_sdio_sd.o
    0x08017684   0x08017684   0x0000002c   Code   RO         7737    i.SD_SelectDeselect  bsp_sdio_sd.o
    0x080176b0   0x080176b0   0x00000048   Code   RO         7739    i.SD_SendStatus     bsp_sdio_sd.o
    0x080176f8   0x080176f8   0x00000028   Code   RO         7740    i.SD_StopTransfer   bsp_sdio_sd.o
    0x08017720   0x08017720   0x00000068   Code   RO         7741    i.SD_WaitReadOperation  bsp_sdio_sd.o
    0x08017788   0x08017788   0x00000068   Code   RO         7742    i.SD_WaitWriteOperation  bsp_sdio_sd.o
    0x080177f0   0x080177f0   0x00000110   Code   RO         7744    i.SD_WriteMultiBlocks  bsp_sdio_sd.o
    0x08017900   0x08017900   0x00000014   Code   RO         4115    i.SPI_Cmd           stm32f4xx_spi.o
    0x08017914   0x08017914   0x0000004c   Code   RO         6345    i.SPI_FLASH_BufferRead  bsp_spi_flash.o
    0x08017960   0x08017960   0x000000b8   Code   RO         6346    i.SPI_FLASH_BufferWrite  bsp_spi_flash.o
    0x08017a18   0x08017a18   0x000000d4   Code   RO         6348    i.SPI_FLASH_Init    bsp_spi_flash.o
    0x08017aec   0x08017aec   0x00000094   Code   RO         6349    i.SPI_FLASH_PageWrite  bsp_spi_flash.o
    0x08017b80   0x08017b80   0x00000034   Code   RO         6351    i.SPI_FLASH_ReadDeviceID  bsp_spi_flash.o
    0x08017bb4   0x08017bb4   0x0000003c   Code   RO         6352    i.SPI_FLASH_ReadID  bsp_spi_flash.o
    0x08017bf0   0x08017bf0   0x00000040   Code   RO         6354    i.SPI_FLASH_SectorErase  bsp_spi_flash.o
    0x08017c30   0x08017c30   0x00000064   Code   RO         6355    i.SPI_FLASH_SendByte  bsp_spi_flash.o
    0x08017c94   0x08017c94   0x00000040   Code   RO         6358    i.SPI_FLASH_WaitForWriteEnd  bsp_spi_flash.o
    0x08017cd4   0x08017cd4   0x0000001c   Code   RO         6359    i.SPI_FLASH_WriteEnable  bsp_spi_flash.o
    0x08017cf0   0x08017cf0   0x0000000e   Code   RO         4123    i.SPI_I2S_GetFlagStatus  stm32f4xx_spi.o
    0x08017cfe   0x08017cfe   0x00000004   Code   RO         4126    i.SPI_I2S_ReceiveData  stm32f4xx_spi.o
    0x08017d02   0x08017d02   0x00000004   Code   RO         4127    i.SPI_I2S_SendData  stm32f4xx_spi.o
    0x08017d06   0x08017d06   0x00000038   Code   RO         4128    i.SPI_Init          stm32f4xx_spi.o
    0x08017d3e   0x08017d3e   0x00000002   PAD
    0x08017d40   0x08017d40   0x00000040   Code   RO         6362    i.SPI_TIMEOUT_UserCallback  bsp_spi_flash.o
    0x08017d80   0x08017d80   0x00000040   Code   RO         7347    i.SPI_TIMEOUT_UserCallback  ch376.o
    0x08017dc0   0x08017dc0   0x00000064   Code   RO         7348    i.SPIx_ReadWriteByte  ch376.o
    0x08017e24   0x08017e24   0x00000002   Code   RO         5474    i.SVC_Handler       stm32f4xx_it.o
    0x08017e26   0x08017e26   0x00000002   PAD
    0x08017e28   0x08017e28   0x00000020   Code   RO         8166    i.Save_Sflag        history.o
    0x08017e48   0x08017e48   0x00000088   Code   RO         5166    i.Save_flag         main.o
    0x08017ed0   0x08017ed0   0x0000003c   Code   RO         8167    i.Save_history      history.o
    0x08017f0c   0x08017f0c   0x00000040   Code   RO         8168    i.Save_time         history.o
    0x08017f4c   0x08017f4c   0x000000d0   Code   RO         7020    i.SetSTctype        bsp_basic_tim.o
    0x0801801c   0x0801801c   0x000000d0   Code   RO           13    i.SetSysClock       system_stm32f4xx.o
    0x080180ec   0x080180ec   0x000000d0   Code   RO         7021    i.SetTctype         bsp_basic_tim.o
    0x080181bc   0x080181bc   0x00000002   Code   RO         5475    i.SysTick_Handler   stm32f4xx_it.o
    0x080181be   0x080181be   0x00000002   PAD
    0x080181c0   0x080181c0   0x00000038   Code   RO         6941    i.SysTick_Init      bsp_systick.o
    0x080181f8   0x080181f8   0x0000005c   Code   RO           15    i.SystemInit        system_stm32f4xx.o
    0x08018254   0x08018254   0x000001c8   Code   RO         7022    i.TIM6_DAC_IRQHandler  bsp_basic_tim.o
    0x0801841c   0x0801841c   0x00000078   Code   RO         7024    i.TIM8_PWMOUTPUT_Config  bsp_basic_tim.o
    0x08018494   0x08018494   0x00000006   Code   RO         4345    i.TIM_ClearFlag     stm32f4xx_tim.o
    0x0801849a   0x0801849a   0x00000006   Code   RO         4346    i.TIM_ClearITPendingBit  stm32f4xx_tim.o
    0x080184a0   0x080184a0   0x00000014   Code   RO         4351    i.TIM_Cmd           stm32f4xx_tim.o
    0x080184b4   0x080184b4   0x00000016   Code   RO         4353    i.TIM_CtrlPWMOutputs  stm32f4xx_tim.o
    0x080184ca   0x080184ca   0x00000002   PAD
    0x080184cc   0x080184cc   0x00000150   Code   RO         4356    i.TIM_DeInit        stm32f4xx_tim.o
    0x0801861c   0x0801861c   0x00000018   Code   RO         4372    i.TIM_GetITStatus   stm32f4xx_tim.o
    0x08018634   0x08018634   0x00000010   Code   RO         4376    i.TIM_ITConfig      stm32f4xx_tim.o
    0x08018644   0x08018644   0x00000060   Code   RO         4380    i.TIM_OC1Init       stm32f4xx_tim.o
    0x080186a4   0x080186a4   0x0000000c   Code   RO         4383    i.TIM_OC1PreloadConfig  stm32f4xx_tim.o
    0x080186b0   0x080186b0   0x0000007c   Code   RO         4390    i.TIM_OC3Init       stm32f4xx_tim.o
    0x0801872c   0x0801872c   0x00000064   Code   RO         7025    i.TIM_PWMOUTPUT_Config  bsp_basic_tim.o
    0x08018790   0x08018790   0x0000007c   Code   RO         4423    i.TIM_TimeBaseInit  stm32f4xx_tim.o
    0x0801880c   0x0801880c   0x000000e4   Code   RO         7026    i.TIMx_Configuration  bsp_basic_tim.o
    0x080188f0   0x080188f0   0x00000002   Code   RO         7194    i.TP_Adj_Info_Show  touchscreen.o
    0x080188f2   0x080188f2   0x00000002   PAD
    0x080188f4   0x080188f4   0x00000452   Code   RO         7195    i.TP_Adjust         touchscreen.o
    0x08018d46   0x08018d46   0x00000074   Code   RO         7197    i.TP_Drow_Touch_Point  touchscreen.o
    0x08018dba   0x08018dba   0x00000002   PAD
    0x08018dbc   0x08018dbc   0x00000054   Code   RO         7198    i.TP_Get_Adjdata    touchscreen.o
    0x08018e10   0x08018e10   0x00000040   Code   RO         7199    i.TP_Init           touchscreen.o
    0x08018e50   0x08018e50   0x00000078   Code   RO         7200    i.TP_Read_AD        touchscreen.o
    0x08018ec8   0x08018ec8   0x0000005a   Code   RO         7201    i.TP_Read_XOY       touchscreen.o
    0x08018f22   0x08018f22   0x00000002   PAD
    0x08018f24   0x08018f24   0x00000034   Code   RO         7202    i.TP_Read_XY        touchscreen.o
    0x08018f58   0x08018f58   0x0000007c   Code   RO         7203    i.TP_Read_XY2       touchscreen.o
    0x08018fd4   0x08018fd4   0x0000003c   Code   RO         7204    i.TP_Save_Adjdata   touchscreen.o
    0x08019010   0x08019010   0x0000010c   Code   RO         7205    i.TP_Scan           touchscreen.o
    0x0801911c   0x0801911c   0x000036e8   Code   RO         5167    i.TempDisplay       main.o
    0x0801c804   0x0801c804   0x00002734   Code   RO         7206    i.TouchHandle       touchscreen.o
    0x0801ef38   0x0801ef38   0x00000074   Code   RO         7207    i.Touch_GPIO_Config  touchscreen.o
    0x0801efac   0x0801efac   0x00000414   Code   RO         5168    i.UARTRECHANDLE     main.o
    0x0801f3c0   0x0801f3c0   0x00002980   Code   RO         6505    i.UP_HANDLE         bsp_key.o
    0x08021d40   0x08021d40   0x000000a8   Code   RO         5476    i.USART1_IRQHandler  stm32f4xx_it.o
    0x08021de8   0x08021de8   0x0000000c   Code   RO         4889    i.USART_ClearITPendingBit  stm32f4xx_usart.o
    0x08021df4   0x08021df4   0x00000014   Code   RO         4892    i.USART_Cmd         stm32f4xx_usart.o
    0x08021e08   0x08021e08   0x000000ac   Code   RO         4894    i.USART_DeInit      stm32f4xx_usart.o
    0x08021eb4   0x08021eb4   0x0000000e   Code   RO         4895    i.USART_GetFlagStatus  stm32f4xx_usart.o
    0x08021ec2   0x08021ec2   0x0000003e   Code   RO         4896    i.USART_GetITStatus  stm32f4xx_usart.o
    0x08021f00   0x08021f00   0x00000030   Code   RO         4898    i.USART_ITConfig    stm32f4xx_usart.o
    0x08021f30   0x08021f30   0x000000ac   Code   RO         4899    i.USART_Init        stm32f4xx_usart.o
    0x08021fdc   0x08021fdc   0x00000008   Code   RO         4906    i.USART_ReceiveData  stm32f4xx_usart.o
    0x08021fe4   0x08021fe4   0x00000008   Code   RO         4909    i.USART_SendData    stm32f4xx_usart.o
    0x08021fec   0x08021fec   0x0000000e   Code   RO         8734    i.USBD_ClrCfg       usbd_core.o
    0x08021ffa   0x08021ffa   0x00000012   Code   RO         8845    i.USBD_CtlContinueRx  usbd_ioreq.o
    0x0802200c   0x0802200c   0x00000012   Code   RO         8846    i.USBD_CtlContinueSendData  usbd_ioreq.o
    0x0802201e   0x0802201e   0x0000001c   Code   RO         8905    i.USBD_CtlError     usbd_req.o
    0x0802203a   0x0802203a   0x00000022   Code   RO         8848    i.USBD_CtlReceiveStatus  usbd_ioreq.o
    0x0802205c   0x0802205c   0x00000020   Code   RO         8849    i.USBD_CtlSendData  usbd_ioreq.o
    0x0802207c   0x0802207c   0x00000022   Code   RO         8850    i.USBD_CtlSendStatus  usbd_ioreq.o
    0x0802209e   0x0802209e   0x00000002   PAD
    0x080220a0   0x080220a0   0x000000b0   Code   RO         8735    i.USBD_DataInStage  usbd_core.o
    0x08022150   0x08022150   0x00000074   Code   RO         8736    i.USBD_DataOutStage  usbd_core.o
    0x080221c4   0x080221c4   0x00000016   Code   RO         8738    i.USBD_DevConnected  usbd_core.o
    0x080221da   0x080221da   0x00000020   Code   RO         8739    i.USBD_DevDisconnected  usbd_core.o
    0x080221fa   0x080221fa   0x00000002   PAD
    0x080221fc   0x080221fc   0x00000124   Code   RO         8906    i.USBD_GetDescriptor  usbd_req.o
    0x08022320   0x08022320   0x00000046   Code   RO         8907    i.USBD_GetString    usbd_req.o
    0x08022366   0x08022366   0x0000000c   Code   RO         9049    i.USBD_HID_DataIn   usbd_hid_core.o
    0x08022372   0x08022372   0x00000002   PAD
    0x08022374   0x08022374   0x00000010   Code   RO         9050    i.USBD_HID_DataOut  usbd_hid_core.o
    0x08022384   0x08022384   0x00000016   Code   RO         9051    i.USBD_HID_DeInit   usbd_hid_core.o
    0x0802239a   0x0802239a   0x00000002   PAD
    0x0802239c   0x0802239c   0x0000000c   Code   RO         9052    i.USBD_HID_GetCfgDesc  usbd_hid_core.o
    0x080223a8   0x080223a8   0x0000001e   Code   RO         9053    i.USBD_HID_Init     usbd_hid_core.o
    0x080223c6   0x080223c6   0x00000018   Code   RO         9054    i.USBD_HID_SendReport  usbd_hid_core.o
    0x080223de   0x080223de   0x00000002   PAD
    0x080223e0   0x080223e0   0x000000a4   Code   RO         9055    i.USBD_HID_Setup    usbd_hid_core.o
    0x08022484   0x08022484   0x00000034   Code   RO         8740    i.USBD_Init         usbd_core.o
    0x080224b8   0x080224b8   0x0000000e   Code   RO         8741    i.USBD_IsoINIncomplete  usbd_core.o
    0x080224c6   0x080224c6   0x0000000e   Code   RO         8742    i.USBD_IsoOUTIncomplete  usbd_core.o
    0x080224d4   0x080224d4   0x00000078   Code   RO         8670    i.USBD_OTG_EP1IN_ISR_Handler  usb_dcd_int.o
    0x0802254c   0x0802254c   0x00000050   Code   RO         8671    i.USBD_OTG_EP1OUT_ISR_Handler  usb_dcd_int.o
    0x0802259c   0x0802259c   0x00000178   Code   RO         8672    i.USBD_OTG_ISR_Handler  usb_dcd_int.o
    0x08022714   0x08022714   0x00000044   Code   RO         8908    i.USBD_ParseSetupRequest  usbd_req.o
    0x08022758   0x08022758   0x0000002e   Code   RO         8743    i.USBD_Reset        usbd_core.o
    0x08022786   0x08022786   0x00000016   Code   RO         8744    i.USBD_Resume       usbd_core.o
    0x0802279c   0x0802279c   0x00000010   Code   RO         8745    i.USBD_SOF          usbd_core.o
    0x080227ac   0x080227ac   0x0000001a   Code   RO         8746    i.USBD_SetCfg       usbd_core.o
    0x080227c6   0x080227c6   0x00000002   PAD
    0x080227c8   0x080227c8   0x00000074   Code   RO         8909    i.USBD_SetConfig    usbd_req.o
    0x0802283c   0x0802283c   0x0000007c   Code   RO         8910    i.USBD_SetFeature   usbd_req.o
    0x080228b8   0x080228b8   0x00000048   Code   RO         8747    i.USBD_SetupStage   usbd_core.o
    0x08022900   0x08022900   0x000000f0   Code   RO         8911    i.USBD_StdDevReq    usbd_req.o
    0x080229f0   0x080229f0   0x000000d4   Code   RO         8912    i.USBD_StdEPReq     usbd_req.o
    0x08022ac4   0x08022ac4   0x00000036   Code   RO         8913    i.USBD_StdItfReq    usbd_req.o
    0x08022afa   0x08022afa   0x0000001c   Code   RO         8748    i.USBD_Suspend      usbd_core.o
    0x08022b16   0x08022b16   0x00000002   PAD
    0x08022b18   0x08022b18   0x00000020   Code   RO         9112    i.USBD_USR_ConfigStrDescriptor  usbd_desc.o
    0x08022b38   0x08022b38   0x00000002   Code   RO         8982    i.USBD_USR_DeviceConfigured  usbd_usr.o
    0x08022b3a   0x08022b3a   0x00000002   Code   RO         8983    i.USBD_USR_DeviceConnected  usbd_usr.o
    0x08022b3c   0x08022b3c   0x0000000c   Code   RO         9113    i.USBD_USR_DeviceDescriptor  usbd_desc.o
    0x08022b48   0x08022b48   0x00000002   Code   RO         8984    i.USBD_USR_DeviceDisconnected  usbd_usr.o
    0x08022b4a   0x08022b4a   0x00000002   Code   RO         8985    i.USBD_USR_DeviceReset  usbd_usr.o
    0x08022b4c   0x08022b4c   0x00000002   Code   RO         8986    i.USBD_USR_DeviceResumed  usbd_usr.o
    0x08022b4e   0x08022b4e   0x00000002   Code   RO         8987    i.USBD_USR_DeviceSuspended  usbd_usr.o
    0x08022b50   0x08022b50   0x00000034   Code   RO         8988    i.USBD_USR_Init     usbd_usr.o
    0x08022b84   0x08022b84   0x00000024   Code   RO         9114    i.USBD_USR_InterfaceStrDescriptor  usbd_desc.o
    0x08022ba8   0x08022ba8   0x0000000c   Code   RO         9115    i.USBD_USR_LangIDStrDescriptor  usbd_desc.o
    0x08022bb4   0x08022bb4   0x00000028   Code   RO         9116    i.USBD_USR_ManufacturerStrDescriptor  usbd_desc.o
    0x08022bdc   0x08022bdc   0x0000004c   Code   RO         9117    i.USBD_USR_ProductStrDescriptor  usbd_desc.o
    0x08022c28   0x08022c28   0x0000003c   Code   RO         9118    i.USBD_USR_SerialStrDescriptor  usbd_desc.o
    0x08022c64   0x08022c64   0x00000068   Code   RO         9184    i.USB_OTG_BSP_EnableInterrupt  usb_bsp.o
    0x08022ccc   0x08022ccc   0x00000070   Code   RO         9185    i.USB_OTG_BSP_Init  usb_bsp.o
    0x08022d3c   0x08022d3c   0x0000000a   Code   RO         9186    i.USB_OTG_BSP_mDelay  usb_bsp.o
    0x08022d46   0x08022d46   0x0000001e   Code   RO         9187    i.USB_OTG_BSP_uDelay  usb_bsp.o
    0x08022d64   0x08022d64   0x00000080   Code   RO         8340    i.USB_OTG_CoreInit  usb_core.o
    0x08022de4   0x08022de4   0x00000166   Code   RO         8341    i.USB_OTG_CoreInitDev  usb_core.o
    0x08022f4a   0x08022f4a   0x00000002   PAD
    0x08022f4c   0x08022f4c   0x00000058   Code   RO         8342    i.USB_OTG_CoreReset  usb_core.o
    0x08022fa4   0x08022fa4   0x00000010   Code   RO         8343    i.USB_OTG_DisableGlobalInt  usb_core.o
    0x08022fb4   0x08022fb4   0x0000003a   Code   RO         8344    i.USB_OTG_EP0Activate  usb_core.o
    0x08022fee   0x08022fee   0x000000b8   Code   RO         8345    i.USB_OTG_EP0StartXfer  usb_core.o
    0x080230a6   0x080230a6   0x00000002   PAD
    0x080230a8   0x080230a8   0x00000024   Code   RO         8346    i.USB_OTG_EP0_OutStart  usb_core.o
    0x080230cc   0x080230cc   0x00000068   Code   RO         8347    i.USB_OTG_EPActivate  usb_core.o
    0x08023134   0x08023134   0x00000032   Code   RO         8348    i.USB_OTG_EPClearStall  usb_core.o
    0x08023166   0x08023166   0x0000004e   Code   RO         8349    i.USB_OTG_EPDeactivate  usb_core.o
    0x080231b4   0x080231b4   0x00000030   Code   RO         8350    i.USB_OTG_EPSetStall  usb_core.o
    0x080231e4   0x080231e4   0x0000012a   Code   RO         8351    i.USB_OTG_EPStartXfer  usb_core.o
    0x0802330e   0x0802330e   0x00000002   PAD
    0x08023310   0x08023310   0x00000050   Code   RO         8352    i.USB_OTG_EnableDevInt  usb_core.o
    0x08023360   0x08023360   0x00000010   Code   RO         8353    i.USB_OTG_EnableGlobalInt  usb_core.o
    0x08023370   0x08023370   0x0000003c   Code   RO         8354    i.USB_OTG_FlushRxFifo  usb_core.o
    0x080233ac   0x080233ac   0x00000044   Code   RO         8355    i.USB_OTG_FlushTxFifo  usb_core.o
    0x080233f0   0x080233f0   0x00000026   Code   RO         8356    i.USB_OTG_GetDeviceSpeed  usb_core.o
    0x08023416   0x08023416   0x0000000c   Code   RO         8359    i.USB_OTG_InitDevSpeed  usb_core.o
    0x08023422   0x08023422   0x00000012   Code   RO         8360    i.USB_OTG_IsDeviceMode  usb_core.o
    0x08023434   0x08023434   0x0000000a   Code   RO         8362    i.USB_OTG_ReadCoreItr  usb_core.o
    0x0802343e   0x0802343e   0x0000000c   Code   RO         8363    i.USB_OTG_ReadDevAllInEPItr  usb_core.o
    0x0802344a   0x0802344a   0x0000000c   Code   RO         8364    i.USB_OTG_ReadDevAllOutEp_itr  usb_core.o
    0x08023456   0x08023456   0x00000010   Code   RO         8365    i.USB_OTG_ReadDevOutEP_itr  usb_core.o
    0x08023466   0x08023466   0x00000020   Code   RO         8367    i.USB_OTG_ReadPacket  usb_core.o
    0x08023486   0x08023486   0x00000002   PAD
    0x08023488   0x08023488   0x000000c0   Code   RO         8368    i.USB_OTG_SelectCore  usb_core.o
    0x08023548   0x08023548   0x0000002a   Code   RO         8369    i.USB_OTG_SetCurrentMode  usb_core.o
    0x08023572   0x08023572   0x00000028   Code   RO         8373    i.USB_OTG_WritePacket  usb_core.o
    0x0802359a   0x0802359a   0x00000002   Code   RO         5477    i.UsageFault_Handler  stm32f4xx_it.o
    0x0802359c   0x0802359c   0x00000016   Code   RO         6292    i.Usart_SendByte    bsp_debug_usart.o
    0x080235b2   0x080235b2   0x00000002   PAD
    0x080235b4   0x080235b4   0x00000876   Code   RO         5169    i.UsbDataHandle     main.o
    0x08023e2a   0x08023e2a   0x00000002   PAD
    0x08023e2c   0x08023e2c   0x00000330   Code   RO         6506    i.Utest             bsp_key.o
    0x0802415c   0x0802415c   0x00000024   Code   RO         7468    i.Wait376Interrupt  filesys.o
    0x08024180   0x08024180   0x00000160   Code   RO         7208    i.XYCAL             touchscreen.o
    0x080242e0   0x080242e0   0x00000020   Code   RO         9883    i.__0printf         mc_w.l(printfa.o)
    0x08024300   0x08024300   0x00000028   Code   RO         9885    i.__0sprintf        mc_w.l(printfa.o)
    0x08024328   0x08024328   0x00000008   Code   RO         9984    i.__aeabi_errno_addr  mc_w.l(errno.o)
    0x08024330   0x08024330   0x00000038   Code   RO         9611    i.__hardfp_atof     m_wm.l(atof.o)
    0x08024368   0x08024368   0x0000007a   Code   RO         9617    i.__hardfp_sqrt     m_wm.l(sqrt.o)
    0x080243e2   0x080243e2   0x00000002   PAD
    0x080243e4   0x080243e4   0x0000000c   Code   RO         9985    i.__read_errno      mc_w.l(errno.o)
    0x080243f0   0x080243f0   0x0000000e   Code   RO        10053    i.__scatterload_copy  mc_w.l(handlers.o)
    0x080243fe   0x080243fe   0x00000002   Code   RO        10054    i.__scatterload_null  mc_w.l(handlers.o)
    0x08024400   0x08024400   0x0000000e   Code   RO        10055    i.__scatterload_zeroinit  mc_w.l(handlers.o)
    0x0802440e   0x0802440e   0x00000002   PAD
    0x08024410   0x08024410   0x0000000c   Code   RO         9986    i.__set_errno       mc_w.l(errno.o)
    0x0802441c   0x0802441c   0x00000184   Code   RO         9890    i._fp_digits        mc_w.l(printfa.o)
    0x080245a0   0x080245a0   0x0000000e   Code   RO        10038    i._is_digit         mc_w.l(scanf_fp.o)
    0x080245ae   0x080245ae   0x00000002   PAD
    0x080245b0   0x080245b0   0x000006dc   Code   RO         9891    i._printf_core      mc_w.l(printfa.o)
    0x08024c8c   0x08024c8c   0x00000024   Code   RO         9892    i._printf_post_padding  mc_w.l(printfa.o)
    0x08024cb0   0x08024cb0   0x0000002e   Code   RO         9893    i._printf_pre_padding  mc_w.l(printfa.o)
    0x08024cde   0x08024cde   0x0000000a   Code   RO         9895    i._sputc            mc_w.l(printfa.o)
    0x08024ce8   0x08024ce8   0x000000e8   Code   RO         6507    i.brt_set           bsp_key.o
    0x08024dd0   0x08024dd0   0x00000114   Code   RO         6508    i.cal_disp          bsp_key.o
    0x08024ee4   0x08024ee4   0x0000005c   Code   RO         9305    i.check_fs          ff.o
    0x08024f40   0x08024f40   0x00000010   Code   RO         9306    i.chk_chr           ff.o
    0x08024f50   0x08024f50   0x00000038   Code   RO         6509    i.clear_input       bsp_key.o
    0x08024f88   0x08024f88   0x00000018   Code   RO         9307    i.clust2sect        ff.o
    0x08024fa0   0x08024fa0   0x0000007c   Code   RO         9308    i.cmp_lfn           ff.o
    0x0802501c   0x0802501c   0x0000009e   Code   RO         9309    i.create_chain      ff.o
    0x080250ba   0x080250ba   0x00000002   PAD
    0x080250bc   0x080250bc   0x00000218   Code   RO         9310    i.create_name       ff.o
    0x080252d4   0x080252d4   0x00000090   Code   RO         6510    i.del_num           bsp_key.o
    0x08025364   0x08025364   0x00000022   Code   RO         6943    i.delay_1us         bsp_systick.o
    0x08025386   0x08025386   0x0000000a   Code   RO         6944    i.delay_us          bsp_systick.o
    0x08025390   0x08025390   0x0000019c   Code   RO         6512    i.dim_set           bsp_key.o
    0x0802552c   0x0802552c   0x000000c4   Code   RO         9311    i.dir_find          ff.o
    0x080255f0   0x080255f0   0x000000fa   Code   RO         9312    i.dir_next          ff.o
    0x080256ea   0x080256ea   0x00000002   PAD
    0x080256ec   0x080256ec   0x00000108   Code   RO         9313    i.dir_read          ff.o
    0x080257f4   0x080257f4   0x0000019c   Code   RO         9314    i.dir_register      ff.o
    0x08025990   0x08025990   0x00000090   Code   RO         9316    i.dir_sdi           ff.o
    0x08025a20   0x08025a20   0x00000012   Code   RO         9241    i.disk_initialize   diskio.o
    0x08025a32   0x08025a32   0x00000002   PAD
    0x08025a34   0x08025a34   0x0000003c   Code   RO         9242    i.disk_ioctl        diskio.o
    0x08025a70   0x08025a70   0x0000007a   Code   RO         9243    i.disk_read         diskio.o
    0x08025aea   0x08025aea   0x0000000c   Code   RO         9244    i.disk_status       diskio.o
    0x08025af6   0x08025af6   0x00000076   Code   RO         9245    i.disk_write        diskio.o
    0x08025b6c   0x08025b6c   0x0000001c   Code   RO         9318    i.f_close           ff.o
    0x08025b88   0x08025b88   0x0000016a   Code   RO         9322    i.f_mkdir           ff.o
    0x08025cf2   0x08025cf2   0x00000002   PAD
    0x08025cf4   0x08025cf4   0x00000570   Code   RO         9323    i.f_mkfs            ff.o
    0x08026264   0x08026264   0x0000004c   Code   RO         9324    i.f_mount           ff.o
    0x080262b0   0x080262b0   0x00000148   Code   RO         9325    i.f_open            ff.o
    0x080263f8   0x080263f8   0x00000068   Code   RO         9326    i.f_opendir         ff.o
    0x08026460   0x08026460   0x0000005a   Code   RO         9328    i.f_readdir         ff.o
    0x080264ba   0x080264ba   0x00000098   Code   RO         9331    i.f_sync            ff.o
    0x08026552   0x08026552   0x00000194   Code   RO         9335    i.f_write           ff.o
    0x080266e6   0x080266e6   0x00000002   PAD
    0x080266e8   0x080266e8   0x0000004c   Code   RO         9582    i.ff_convert        cc936.o
    0x08026734   0x08026734   0x00000050   Code   RO         9583    i.ff_wtoupper       cc936.o
    0x08026784   0x08026784   0x00000260   Code   RO         9336    i.find_volume       ff.o
    0x080269e4   0x080269e4   0x00000044   Code   RO         6513    i.focus_off         bsp_key.o
    0x08026a28   0x08026a28   0x0000002c   Code   RO         6514    i.focus_off1        bsp_key.o
    0x08026a54   0x08026a54   0x00000020   Code   RO         6515    i.focus_on          bsp_key.o
    0x08026a74   0x08026a74   0x0000002c   Code   RO         6516    i.focus_on1         bsp_key.o
    0x08026aa0   0x08026aa0   0x00000066   Code   RO         9337    i.follow_path       ff.o
    0x08026b06   0x08026b06   0x00000002   PAD
    0x08026b08   0x08026b08   0x00000024   Code   RO         6296    i.fputc             bsp_debug_usart.o
    0x08026b2c   0x08026b2c   0x00000050   Code   RO         9911    i.free              mc_w.l(malloc.o)
    0x08026b7c   0x08026b7c   0x0000008c   Code   RO         9338    i.gen_numname       ff.o
    0x08026c08   0x08026c08   0x000000e8   Code   RO         9339    i.get_fat           ff.o
    0x08026cf0   0x08026cf0   0x00000008   Code   RO         9246    i.get_fattime       diskio.o
    0x08026cf8   0x08026cf8   0x000000c2   Code   RO         9340    i.get_fileinfo      ff.o
    0x08026dba   0x08026dba   0x0000003c   Code   RO         9341    i.get_ldnumber      ff.o
    0x08026df6   0x08026df6   0x00000016   Code   RO         8169    i.hispage           history.o
    0x08026e0c   0x08026e0c   0x00000128   Code   RO         6517    i.input_num         bsp_key.o
    0x08026f34   0x08026f34   0x00000128   Code   RO         6518    i.input_pass        bsp_key.o
    0x0802705c   0x0802705c   0x00000012   Code   RO         9342    i.ld_clust          ff.o
    0x0802706e   0x0802706e   0x00000002   PAD
    0x08027070   0x08027070   0x0000027c   Code   RO         5171    i.main              main.o
    0x080272ec   0x080272ec   0x0000006c   Code   RO         9912    i.malloc            mc_w.l(malloc.o)
    0x08027358   0x08027358   0x0000012c   Code   RO         6520    i.maxfocus_off      bsp_key.o
    0x08027484   0x08027484   0x00000164   Code   RO         6521    i.maxfocus_on       bsp_key.o
    0x080275e8   0x080275e8   0x00000010   Code   RO         9343    i.mem_cpy           ff.o
    0x080275f8   0x080275f8   0x0000000e   Code   RO         9344    i.mem_set           ff.o
    0x08027606   0x08027606   0x00000002   PAD
    0x08027608   0x08027608   0x0000011c   Code   RO         6522    i.minfocus_off      bsp_key.o
    0x08027724   0x08027724   0x00000154   Code   RO         6523    i.minfocus_on       bsp_key.o
    0x08027878   0x08027878   0x00000040   Code   RO         6524    i.minus_day         bsp_key.o
    0x080278b8   0x080278b8   0x00000044   Code   RO         6525    i.minus_hour        bsp_key.o
    0x080278fc   0x080278fc   0x00000044   Code   RO         6526    i.minus_min         bsp_key.o
    0x08027940   0x08027940   0x00000040   Code   RO         6527    i.minus_mon         bsp_key.o
    0x08027980   0x08027980   0x00000044   Code   RO         6528    i.minus_sec         bsp_key.o
    0x080279c4   0x080279c4   0x00000040   Code   RO         6529    i.minus_year        bsp_key.o
    0x08027a04   0x08027a04   0x00000032   Code   RO         9345    i.move_window       ff.o
    0x08027a36   0x08027a36   0x00000002   PAD
    0x08027a38   0x08027a38   0x00000080   Code   RO         6530    i.multifocus_off    bsp_key.o
    0x08027ab8   0x08027ab8   0x000000b0   Code   RO         6531    i.multifocus_on     bsp_key.o
    0x08027b68   0x08027b68   0x0000049c   Code   RO         8237    i.page_cal          calibarate.o
    0x08028004   0x08028004   0x000000e4   Code   RO         8300    i.page_factory      factory.o
    0x080280e8   0x080280e8   0x000015a4   Code   RO         8100    i.page_graph        graph.o
    0x0802968c   0x0802968c   0x0000019c   Code   RO         8138    i.page_gset         graphset.o
    0x08029828   0x08029828   0x00000098   Code   RO         8170    i.page_his          history.o
    0x080298c0   0x080298c0   0x00001098   Code   RO         7959    i.page_home         home.o
    0x0802a958   0x0802a958   0x00000460   Code   RO         8042    i.page_sep          separation.o
    0x0802adb8   0x0802adb8   0x000004f0   Code   RO         8017    i.page_set          settings.o
    0x0802b2a8   0x0802b2a8   0x000003b4   Code   RO         7992    i.page_sys          system.o
    0x0802b65c   0x0802b65c   0x00000394   Code   RO         8074    i.page_sysinfo      sysinfo.o
    0x0802b9f0   0x0802b9f0   0x00000040   Code   RO         6532    i.plus_day          bsp_key.o
    0x0802ba30   0x0802ba30   0x00000044   Code   RO         6533    i.plus_hour         bsp_key.o
    0x0802ba74   0x0802ba74   0x00000044   Code   RO         6534    i.plus_min          bsp_key.o
    0x0802bab8   0x0802bab8   0x00000040   Code   RO         6535    i.plus_mon          bsp_key.o
    0x0802baf8   0x0802baf8   0x00000044   Code   RO         6536    i.plus_sec          bsp_key.o
    0x0802bb3c   0x0802bb3c   0x00000040   Code   RO         6537    i.plus_year         bsp_key.o
    0x0802bb7c   0x0802bb7c   0x000000c4   Code   RO         8270    i.power_on          power_on.o
    0x0802bc40   0x0802bc40   0x00000120   Code   RO         9346    i.put_fat           ff.o
    0x0802bd60   0x0802bd60   0x00000062   Code   RO         9347    i.remove_chain      ff.o
    0x0802bdc2   0x0802bdc2   0x00000002   PAD
    0x0802bdc4   0x0802bdc4   0x00000234   Code   RO         5172    i.sdtest            main.o
    0x0802bff8   0x0802bff8   0x00000010   Code   RO         9348    i.st_clust          ff.o
    0x0802c008   0x0802c008   0x00000080   Code   RO         6538    i.stimefocus_off    bsp_key.o
    0x0802c088   0x0802c088   0x000000bc   Code   RO         6539    i.stimefocus_on     bsp_key.o
    0x0802c144   0x0802c144   0x0000001a   Code   RO         9349    i.sum_sfn           ff.o
    0x0802c15e   0x0802c15e   0x000000b0   Code   RO         9350    i.sync_fs           ff.o
    0x0802c20e   0x0802c20e   0x00000052   Code   RO         9351    i.sync_window       ff.o
    0x0802c260   0x0802c260   0x000000b8   Code   RO         6540    i.touch_set         bsp_key.o
    0x0802c318   0x0802c318   0x0000004c   Code   RO         5173    i.udisk_scan        main.o
    0x0802c364   0x0802c364   0x00000022   Code   RO         9352    i.validate          ff.o
    0x0802c386   0x0802c386   0x00000002   PAD
    0x0802c388   0x0802c388   0x0000000c   Code   RO         7351    i.xEndCH376Cmd      ch376.o
    0x0802c394   0x0802c394   0x00000012   Code   RO         7352    i.xReadCH376Data    ch376.o
    0x0802c3a6   0x0802c3a6   0x00000002   PAD
    0x0802c3a8   0x0802c3a8   0x00000048   Code   RO         7353    i.xWriteCH376Cmd    ch376.o
    0x0802c3f0   0x0802c3f0   0x00000010   Code   RO         7354    i.xWriteCH376Data   ch376.o
    0x0802c400   0x0802c400   0x00000108   Code   RO         6541    i.yhfocus_off       bsp_key.o
    0x0802c508   0x0802c508   0x00000140   Code   RO         6542    i.yhfocus_on        bsp_key.o
    0x0802c648   0x0802c648   0x00000108   Code   RO         6543    i.ylfocus_off       bsp_key.o
    0x0802c750   0x0802c750   0x0000013c   Code   RO         6544    i.ylfocus_on        bsp_key.o
    0x0802c88c   0x0802c88c   0x000011d0   Data   RO         6217    .constdata          fonts.o
    0x0802da5c   0x0802da5c   0x00003046   Data   RO         6221    .constdata          fonts.o
    0x08030aa2   0x08030aa2   0x00000b06   Data   RO         6222    .constdata          fonts.o
    0x080315a8   0x080315a8   0x00001d45   Data   RO         6224    .constdata          fonts.o
    0x080332ed   0x080332ed   0x000000a8   Data   RO         6225    .constdata          fonts.o
    0x08033395   0x08033395   0x00000001   PAD
    0x08033396   0x08033396   0x00002e04   Data   RO         6226    .constdata          fonts.o
    0x0803619a   0x0803619a   0x00001c34   Data   RO         6227    .constdata          fonts.o
    0x08037dce   0x08037dce   0x00000ed8   Data   RO         6228    .constdata          fonts.o
    0x08038ca6   0x08038ca6   0x00000a64   Data   RO         6229    .constdata          fonts.o
    0x0803970a   0x0803970a   0x00000ed8   Data   RO         6230    .constdata          fonts.o
    0x0803a5e2   0x0803a5e2   0x000023a0   Data   RO         6232    .constdata          fonts.o
    0x0803c982   0x0803c982   0x00005820   Data   RO         6234    .constdata          fonts.o
    0x080421a2   0x080421a2   0x00002990   Data   RO         6235    .constdata          fonts.o
    0x08044b32   0x08044b32   0x000017c0   Data   RO         6237    .constdata          fonts.o
    0x080462f2   0x080462f2   0x000000ee   Data   RO         6238    .constdata          fonts.o
    0x080463e0   0x080463e0   0x00000033   Data   RO         7960    .constdata          home.o
    0x08046413   0x08046413   0x00000001   PAD
    0x08046414   0x08046414   0x0000003a   Data   RO         9353    .constdata          ff.o
    0x0804644e   0x0804644e   0x0002b0c0   Data   RO         9584    .constdata          cc936.o
    0x0807150e   0x0807150e   0x00000081   Data   RO        10009    .constdata          mc_w.l(ctype_o.o)
    0x0807158f   0x0807158f   0x00000001   PAD
    0x08071590   0x08071590   0x00000004   Data   RO        10010    .constdata          mc_w.l(ctype_o.o)
    0x08071594   0x08071594   0x00000072   Data   RO         6547    .conststring        bsp_key.o
    0x08071606   0x08071606   0x00000002   PAD
    0x08071608   0x08071608   0x00000020   Data   RO        10051    Region$$Table       anon$$obj.o


    Execution Region RW_IRAM1 (Exec base: 0x20000000, Load base: 0x08071628, Size: 0x000133e0, Max: 0x00030000, ABSOLUTE, COMPRESSED[0x000001b4])

    Exec Addr    Load Addr    Size         Type   Attr      Idx    E Section Name        Object

    0x20000000   COMPRESSED   0x00000014   Data   RW           16    .data               system_stm32f4xx.o
    0x20000014   COMPRESSED   0x00000010   Data   RW         3013    .data               stm32f4xx_rcc.o
    0x20000024   COMPRESSED   0x00000082   Data   RW         5177    .data               main.o
    0x200000a6   COMPRESSED   0x00000005   Data   RW         5480    .data               stm32f4xx_it.o
    0x200000ab   COMPRESSED   0x00000001   Data   RW         5482    .data               stm32f4xx_it.o
    0x200000ac   COMPRESSED   0x00000001   Data   RW         5483    .data               stm32f4xx_it.o
    0x200000ad   COMPRESSED   0x00000001   Data   RW         5484    .data               stm32f4xx_it.o
    0x200000ae   COMPRESSED   0x00000002   PAD
    0x200000b0   COMPRESSED   0x0000001c   Data   RW         5737    .data               bsp_lcd.o
    0x200000cc   COMPRESSED   0x00000008   Data   RW         6239    .data               fonts.o
    0x200000d4   COMPRESSED   0x00000008   Data   RW         6240    .data               fonts.o
    0x200000dc   COMPRESSED   0x00000008   Data   RW         6241    .data               fonts.o
    0x200000e4   COMPRESSED   0x00000008   Data   RW         6242    .data               fonts.o
    0x200000ec   COMPRESSED   0x00000008   Data   RW         6243    .data               fonts.o
    0x200000f4   COMPRESSED   0x00000008   Data   RW         6245    .data               fonts.o
    0x200000fc   COMPRESSED   0x00000008   Data   RW         6246    .data               fonts.o
    0x20000104   COMPRESSED   0x00000008   Data   RW         6248    .data               fonts.o
    0x2000010c   COMPRESSED   0x00000008   Data   RW         6249    .data               fonts.o
    0x20000114   COMPRESSED   0x00000008   Data   RW         6250    .data               fonts.o
    0x2000011c   COMPRESSED   0x00000008   Data   RW         6255    .data               fonts.o
    0x20000124   COMPRESSED   0x00000008   Data   RW         6256    .data               fonts.o
    0x2000012c   COMPRESSED   0x00000008   Data   RW         6257    .data               fonts.o
    0x20000134   COMPRESSED   0x00000008   Data   RW         6259    .data               fonts.o
    0x2000013c   COMPRESSED   0x00000008   Data   RW         6260    .data               fonts.o
    0x20000144   COMPRESSED   0x00000004   Data   RW         6363    .data               bsp_spi_flash.o
    0x20000148   COMPRESSED   0x00000022   Data   RW         6548    .data               bsp_key.o
    0x2000016a   COMPRESSED   0x00000002   PAD
    0x2000016c   COMPRESSED   0x00000029   Data   RW         7028    .data               bsp_basic_tim.o
    0x20000195   COMPRESSED   0x00000003   PAD
    0x20000198   COMPRESSED   0x0000000f   Data   RW         7110    .data               bsp_rtc.o
    0x200001a7   COMPRESSED   0x00000001   PAD
    0x200001a8   COMPRESSED   0x00000058   Data   RW         7212    .data               touchscreen.o
    0x20000200   COMPRESSED   0x00000004   Data   RW         7355    .data               ch376.o
    0x20000204   COMPRESSED   0x00000018   Data   RW         7747    .data               bsp_sdio_sd.o
    0x2000021c   COMPRESSED   0x00000008   Data   RW         8102    .data               graph.o
    0x20000224   COMPRESSED   0x00000009   Data   RW         8302    .data               factory.o
    0x2000022d   COMPRESSED   0x00000003   PAD
    0x20000230   COMPRESSED   0x0000002c   Data   RW         8749    .data               usbd_core.o
    0x2000025c   COMPRESSED   0x00000004   Data   RW         8750    .data               usbd_core.o
    0x20000260   COMPRESSED   0x00000004   Data   RW         8751    .data               usbd_core.o
    0x20000264   COMPRESSED   0x00000010   Data   RW         8915    .data               usbd_req.o
    0x20000274   COMPRESSED   0x0000001c   Data   RW         8989    .data               usbd_usr.o
    0x20000290   COMPRESSED   0x00000030   Data   RW         9057    .data               usbd_hid_core.o
    0x200002c0   COMPRESSED   0x0000005a   Data   RW         9058    .data               usbd_hid_core.o
    0x2000031a   COMPRESSED   0x00000002   PAD
    0x2000031c   COMPRESSED   0x0000001c   Data   RW         9119    .data               usbd_desc.o
    0x20000338   COMPRESSED   0x00000016   Data   RW         9120    .data               usbd_desc.o
    0x2000034e   COMPRESSED   0x0000000a   Data   RW         9121    .data               usbd_desc.o
    0x20000358   COMPRESSED   0x0000000c   Data   RW         9354    .data               ff.o
    0x20000364   COMPRESSED   0x00000004   Data   RW         9973    .data               mc_w.l(stdout.o)
    0x20000368   COMPRESSED   0x00000004   Data   RW         9982    .data               mc_w.l(mvars.o)
    0x2000036c   COMPRESSED   0x00000004   Data   RW         9983    .data               mc_w.l(mvars.o)
    0x20000370   COMPRESSED   0x00000004   Data   RW         9987    .data               mc_w.l(errno.o)
    0x20000374        -       0x000029f0   Zero   RW         5175    .bss                main.o
    0x20002d64        -       0x00000027   Zero   RW         5478    .bss                stm32f4xx_it.o
    0x20002d8b        -       0x00000091   Zero   RW         6545    .bss                bsp_key.o
    0x20002e1c        -       0x00000046   Zero   RW         7109    .bss                bsp_rtc.o
    0x20002e62   COMPRESSED   0x00000002   PAD
    0x20002e64        -       0x00000060   Zero   RW         7209    .bss                touchscreen.o
    0x20002ec4   COMPRESSED   0x00000004   PAD
    0x20002ec8        -       0x000000cc   Zero   RW         7746    .bss                bsp_sdio_sd.o
    0x20002f94        -       0x00000140   Zero   RW         8043    .bss                separation.o
    0x200030d4        -       0x00007d00   Zero   RW         8101    .bss                graph.o
    0x2000add4        -       0x00007e68   Zero   RW         8171    .bss                history.o
    0x20012c3c        -       0x000000a0   Zero   RW         8238    .bss                calibarate.o
    0x20012cdc        -       0x000000ff   Zero   RW         8914    .bss                usbd_req.o
    0x20012ddb   COMPRESSED   0x00000005   PAD
    0x20012de0        -       0x00000200   Zero   RW            2    HEAP                startup_stm32f429_439xx.o
    0x20012fe0        -       0x00000400   Zero   RW            1    STACK               startup_stm32f429_439xx.o


==============================================================================

Image component sizes


      Code (inc. data)   RO Data    RW Data    ZI Data      Debug   Object Name

      1320        124          0         41          0       8492   bsp_basic_tim.o
        44          6          0          0          0        535   bsp_beep.o
       254         14          0          0          0       2374   bsp_debug_usart.o
     67436       6240        114         34        145      91411   bsp_key.o
      8298       1542          0         28          0      39292   bsp_lcd.o
      1224        142          0         15         70       3821   bsp_rtc.o
      4114        194          0         24        204      29811   bsp_sdio_sd.o
      1178         28          0          0          0       2585   bsp_sdram.o
      1052        158          0          4          0       7835   bsp_spi_flash.o
       100         10          0          0          0      28381   bsp_systick.o
      1180        194          0          0        160       1814   calibarate.o
       156         18     176320          0          0       2735   cc936.o
       650         96          0          4          0       5872   ch376.o
       338          8          0          0          0       6025   diskio.o
       296         96          0          9          0       1944   factory.o
      7306        134         58         12          0      41660   ff.o
       842          6          0          0          0      13424   filesys.o
         0          0     105299        120          0       4053   fonts.o
      9390        258          0          8      32000       5012   graph.o
       412        142          0          0          0        680   graphset.o
       534         94          0          0      32360       5474   history.o
      5658        454         51          0          0       6346   home.o
     20362       1220          0        130      10736      94901   main.o
       140         22          0          0          0       2313   misc.o
      7350         96          0          0          0       2882   power_on.o
      1120        194          0          0        320       1859   separation.o
      1264        414          0          0          0       1167   settings.o
        36          8        428          0       1536        956   startup_stm32f429_439xx.o
       306         20          0          0          0       5983   stm32f4xx_adc.o
       504         36          0          0          0       5564   stm32f4xx_dma.o
       240         18          0          0          0       3200   stm32f4xx_dma2d.o
        36          8          0          0          0        538   stm32f4xx_exti.o
       394          6          0          0          0       3727   stm32f4xx_fmc.o
       174          0          0          0          0       3843   stm32f4xx_gpio.o
       224         30          0          8         39       6254   stm32f4xx_it.o
       382         24          0          0          0       4462   stm32f4xx_ltdc.o
        12          6          0          0          0        574   stm32f4xx_pwr.o
       592        116          0         16          0      12541   stm32f4xx_rcc.o
      1110         86          0          0          0      11782   stm32f4xx_rtc.o
       336         76          0          0          0      11478   stm32f4xx_sdio.o
        98          0          0          0          0       3814   stm32f4xx_spi.o
       786         96          0          0          0       9702   stm32f4xx_tim.o
       516         42          0          0          0       7506   stm32f4xx_usart.o
       916        376          0          0          0        827   sysinfo.o
       948        254          0          0          0        995   system.o
       300         36          0         20          0     381993   system_stm32f4xx.o
     18622       1332          0         88         96      44528   touchscreen.o
       292         24          0          0          0       4130   usb_bsp.o
      2094         32          0          0          0      20710   usb_core.o
       532          0          0          0          0       6543   usb_dcd.o
      1470         52          0          0          0       9102   usb_dcd_int.o
       650          4          0         52          0      10184   usbd_core.o
       268        160          0         60          0       5600   usbd_desc.o
       280         14          0        138          0       5303   usbd_hid_core.o
       136          0          0          0          0       3536   usbd_ioreq.o
      1204         52          0         16        255       8501   usbd_req.o
        64          8          0         28          0       3701   usbd_usr.o

    ----------------------------------------------------------------------
    175644      14820     282306        868      77932    1010275   Object Totals
         0          0         32          0          0          0   (incl. Generated)
       104          0          4         13         11          0   (incl. Padding)

    ----------------------------------------------------------------------

      Code (inc. data)   RO Data    RW Data    ZI Data      Debug   Library Member Name

        56         12          0          0          0        132   atof.o
       122          0          0          0          0        148   sqrt.o
        86          0          0          0          0          0   __dczerorl2.o
        28          0          0          0          0         68   _chval.o
        64          0          0          0          0         84   _sgetc.o
       158          0          0          0          0         92   _strtoul.o
        26          0          0          0          0         80   atoi.o
         8          4        133          0          0         68   ctype_o.o
         0          0          0          0          0          0   entry.o
         0          0          0          0          0          0   entry10a.o
         0          0          0          0          0          0   entry11a.o
         8          4          0          0          0          0   entry2.o
         4          0          0          0          0          0   entry5.o
         0          0          0          0          0          0   entry7b.o
         0          0          0          0          0          0   entry8b.o
         8          4          0          0          0          0   entry9a.o
        32         16          0          4          0        204   errno.o
        30          0          0          0          0          0   handlers.o
        36          8          0          0          0         68   init.o
        18          0          0          0          0         76   isspace_o.o
         0          0          0          0          0          0   iusefp.o
        30          0          0          0          0         68   llshl.o
        36          0          0          0          0         68   llsshr.o
        32          0          0          0          0         68   llushr.o
       188         20          0          0          0        160   malloc.o
        36          0          0          0          0         68   memcpya.o
        36          0          0          0          0        108   memseta.o
         0          0          0          8          0          0   mvars.o
      2308         96          0          0          0        604   printfa.o
       878         12          0          0          0        216   scanf_fp.o
         0          0          0          4          0          0   stdout.o
        24          0          0          0          0         68   strcat.o
        28          0          0          0          0         76   strcmp.o
        18          0          0          0          0         68   strcpy.o
        14          0          0          0          0         68   strlen.o
        24          0          0          0          0         76   strncpy.o
       156         12          0          0          0        120   strtod.o
       112          0          0          0          0         88   strtol.o
        44          0          0          0          0         80   uidiv.o
        98          0          0          0          0         92   uldiv.o
        48          0          0          0          0         68   cdcmple.o
        48          0          0          0          0         68   cdrcmple.o
        56          0          0          0          0         88   d2f.o
       334          0          0          0          0        148   dadd.o
       222          0          0          0          0        100   ddiv.o
       186          0          0          0          0        176   depilogue.o
        50          0          0          0          0         76   dfixui.o
        48          0          0          0          0         68   dfixul.o
        26          0          0          0          0         76   dfltui.o
        24          0          0          0          0         76   dfltul.o
       228          0          0          0          0         96   dmul.o
       162          0          0          0          0        100   dsqrt.o
        38          0          0          0          0         68   f2d.o
       110          0          0          0          0        168   fepilogue.o

    ----------------------------------------------------------------------
      6340        188        134         16          0       4492   Library Totals
        14          0          1          0          0          0   (incl. Padding)

    ----------------------------------------------------------------------

      Code (inc. data)   RO Data    RW Data    ZI Data      Debug   Library Name

       178         12          0          0          0        280   m_wm.l
      4568        176        133         16          0       2836   mc_w.l
      1580          0          0          0          0       1376   mf_w.l

    ----------------------------------------------------------------------
      6340        188        134         16          0       4492   Library Totals

    ----------------------------------------------------------------------

==============================================================================


      Code (inc. data)   RO Data    RW Data    ZI Data      Debug   

    181984      15008     282440        884      77932     959711   Grand Totals
    181984      15008     282440        436      77932     959711   ELF Image Totals (compressed)
    181984      15008     282440        436          0          0   ROM Totals

==============================================================================

    Total RO  Size (Code + RO Data)               464424 ( 453.54kB)
    Total RW  Size (RW Data + ZI Data)             78816 (  76.97kB)
    Total ROM Size (Code + RO Data + RW Data)     464860 ( 453.96kB)

==============================================================================

