Component: ARM Compiler 5.06 update 6 (build 750) Tool: armlink [4d35ed]

==============================================================================

Section Cross References

    startup_stm32f429_439xx.o(RESET) refers to startup_stm32f429_439xx.o(STACK) for __initial_sp
    startup_stm32f429_439xx.o(RESET) refers to startup_stm32f429_439xx.o(.text) for Reset_Handler
    startup_stm32f429_439xx.o(RESET) refers to stm32f4xx_it.o(i.NMI_Handler) for NMI_Handler
    startup_stm32f429_439xx.o(RESET) refers to stm32f4xx_it.o(i.HardFault_Handler) for HardFault_Handler
    startup_stm32f429_439xx.o(RESET) refers to stm32f4xx_it.o(i.MemManage_Handler) for MemManage_Handler
    startup_stm32f429_439xx.o(RESET) refers to stm32f4xx_it.o(i.BusFault_Handler) for BusFault_Handler
    startup_stm32f429_439xx.o(RESET) refers to stm32f4xx_it.o(i.UsageFault_Handler) for UsageFault_Handler
    startup_stm32f429_439xx.o(RESET) refers to stm32f4xx_it.o(i.SVC_Handler) for SVC_Handler
    startup_stm32f429_439xx.o(RESET) refers to stm32f4xx_it.o(i.DebugMon_Handler) for DebugMon_Handler
    startup_stm32f429_439xx.o(RESET) refers to stm32f4xx_it.o(i.PendSV_Handler) for PendSV_Handler
    startup_stm32f429_439xx.o(RESET) refers to stm32f4xx_it.o(i.SysTick_Handler) for SysTick_Handler
    startup_stm32f429_439xx.o(RESET) refers to stm32f4xx_it.o(i.USART1_IRQHandler) for USART1_IRQHandler
    startup_stm32f429_439xx.o(RESET) refers to bsp_basic_tim.o(i.TIM6_DAC_IRQHandler) for TIM6_DAC_IRQHandler
    startup_stm32f429_439xx.o(RESET) refers to bsp_basic_tim.o(i.TIM7_IRQHandler) for TIM7_IRQHandler
    startup_stm32f429_439xx.o(RESET) refers to stm32f4xx_it.o(i.OTG_FS_IRQHandler) for OTG_FS_IRQHandler
    startup_stm32f429_439xx.o(RESET) refers to usb_bsp.o(i.OTG_HS_EP1_OUT_IRQHandler) for OTG_HS_EP1_OUT_IRQHandler
    startup_stm32f429_439xx.o(RESET) refers to usb_bsp.o(i.OTG_HS_EP1_IN_IRQHandler) for OTG_HS_EP1_IN_IRQHandler
    startup_stm32f429_439xx.o(RESET) refers to usb_bsp.o(i.OTG_HS_IRQHandler) for OTG_HS_IRQHandler
    startup_stm32f429_439xx.o(.text) refers to system_stm32f4xx.o(i.SystemInit) for SystemInit
    startup_stm32f429_439xx.o(.text) refers to entry.o(.ARM.Collect$$$$00000000) for __main
    system_stm32f4xx.o(i.SystemCoreClockUpdate) refers to system_stm32f4xx.o(.data) for .data
    system_stm32f4xx.o(i.SystemInit) refers to system_stm32f4xx.o(i.SetSysClock) for SetSysClock
    stm32f4xx_adc.o(i.ADC_DeInit) refers to stm32f4xx_rcc.o(i.RCC_APB2PeriphResetCmd) for RCC_APB2PeriphResetCmd
    stm32f4xx_can.o(i.CAN_DeInit) refers to stm32f4xx_rcc.o(i.RCC_APB1PeriphResetCmd) for RCC_APB1PeriphResetCmd
    stm32f4xx_can.o(i.CAN_GetITStatus) refers to stm32f4xx_can.o(i.CheckITStatus) for CheckITStatus
    stm32f4xx_cryp.o(i.CRYP_DeInit) refers to stm32f4xx_rcc.o(i.RCC_AHB2PeriphResetCmd) for RCC_AHB2PeriphResetCmd
    stm32f4xx_cryp_aes.o(i.CRYP_AES_CBC) refers to stm32f4xx_cryp.o(i.CRYP_KeyStructInit) for CRYP_KeyStructInit
    stm32f4xx_cryp_aes.o(i.CRYP_AES_CBC) refers to stm32f4xx_cryp.o(i.CRYP_KeyInit) for CRYP_KeyInit
    stm32f4xx_cryp_aes.o(i.CRYP_AES_CBC) refers to stm32f4xx_cryp.o(i.CRYP_Init) for CRYP_Init
    stm32f4xx_cryp_aes.o(i.CRYP_AES_CBC) refers to stm32f4xx_cryp.o(i.CRYP_IVInit) for CRYP_IVInit
    stm32f4xx_cryp_aes.o(i.CRYP_AES_CBC) refers to stm32f4xx_cryp.o(i.CRYP_FIFOFlush) for CRYP_FIFOFlush
    stm32f4xx_cryp_aes.o(i.CRYP_AES_CBC) refers to stm32f4xx_cryp.o(i.CRYP_Cmd) for CRYP_Cmd
    stm32f4xx_cryp_aes.o(i.CRYP_AES_CBC) refers to stm32f4xx_cryp.o(i.CRYP_GetCmdStatus) for CRYP_GetCmdStatus
    stm32f4xx_cryp_aes.o(i.CRYP_AES_CBC) refers to stm32f4xx_cryp.o(i.CRYP_GetFlagStatus) for CRYP_GetFlagStatus
    stm32f4xx_cryp_aes.o(i.CRYP_AES_CBC) refers to stm32f4xx_cryp.o(i.CRYP_DataIn) for CRYP_DataIn
    stm32f4xx_cryp_aes.o(i.CRYP_AES_CBC) refers to stm32f4xx_cryp.o(i.CRYP_DataOut) for CRYP_DataOut
    stm32f4xx_cryp_aes.o(i.CRYP_AES_CCM) refers to stm32f4xx_cryp.o(i.CRYP_KeyStructInit) for CRYP_KeyStructInit
    stm32f4xx_cryp_aes.o(i.CRYP_AES_CCM) refers to stm32f4xx_cryp.o(i.CRYP_FIFOFlush) for CRYP_FIFOFlush
    stm32f4xx_cryp_aes.o(i.CRYP_AES_CCM) refers to stm32f4xx_cryp.o(i.CRYP_KeyInit) for CRYP_KeyInit
    stm32f4xx_cryp_aes.o(i.CRYP_AES_CCM) refers to stm32f4xx_cryp.o(i.CRYP_IVInit) for CRYP_IVInit
    stm32f4xx_cryp_aes.o(i.CRYP_AES_CCM) refers to stm32f4xx_cryp.o(i.CRYP_Init) for CRYP_Init
    stm32f4xx_cryp_aes.o(i.CRYP_AES_CCM) refers to stm32f4xx_cryp.o(i.CRYP_PhaseConfig) for CRYP_PhaseConfig
    stm32f4xx_cryp_aes.o(i.CRYP_AES_CCM) refers to stm32f4xx_cryp.o(i.CRYP_DataIn) for CRYP_DataIn
    stm32f4xx_cryp_aes.o(i.CRYP_AES_CCM) refers to stm32f4xx_cryp.o(i.CRYP_Cmd) for CRYP_Cmd
    stm32f4xx_cryp_aes.o(i.CRYP_AES_CCM) refers to stm32f4xx_cryp.o(i.CRYP_GetCmdStatus) for CRYP_GetCmdStatus
    stm32f4xx_cryp_aes.o(i.CRYP_AES_CCM) refers to stm32f4xx_cryp.o(i.CRYP_GetFlagStatus) for CRYP_GetFlagStatus
[...]
    USBD_USR_DeviceReset                     0x080203ef   Thumb Code     2  usbd_usr.o(i.USBD_USR_DeviceReset)
    USBD_USR_DeviceResumed                   0x080203f1   Thumb Code     2  usbd_usr.o(i.USBD_USR_DeviceResumed)
    USBD_USR_DeviceSuspended                 0x080203f3   Thumb Code     2  usbd_usr.o(i.USBD_USR_DeviceSuspended)
    USBD_USR_Init                            0x080203f5   Thumb Code    44  usbd_usr.o(i.USBD_USR_Init)
    USBD_USR_InterfaceStrDescriptor          0x08020429   Thumb Code    16  usbd_desc.o(i.USBD_USR_InterfaceStrDescriptor)
    USBD_USR_LangIDStrDescriptor             0x0802044d   Thumb Code     8  usbd_desc.o(i.USBD_USR_LangIDStrDescriptor)
    USBD_USR_ManufacturerStrDescriptor       0x08020459   Thumb Code    16  usbd_desc.o(i.USBD_USR_ManufacturerStrDescriptor)
    USBD_USR_ProductStrDescriptor            0x08020481   Thumb Code    22  usbd_desc.o(i.USBD_USR_ProductStrDescriptor)
    USBD_USR_SerialStrDescriptor             0x080204cd   Thumb Code    22  usbd_desc.o(i.USBD_USR_SerialStrDescriptor)
    USB_OTG_BSP_EnableInterrupt              0x08020509   Thumb Code   104  usb_bsp.o(i.USB_OTG_BSP_EnableInterrupt)
    USB_OTG_BSP_Init                         0x08020571   Thumb Code   106  usb_bsp.o(i.USB_OTG_BSP_Init)
    USB_OTG_BSP_mDelay                       0x080205e1   Thumb Code    10  usb_bsp.o(i.USB_OTG_BSP_mDelay)
    USB_OTG_BSP_uDelay                       0x080205eb   Thumb Code    30  usb_bsp.o(i.USB_OTG_BSP_uDelay)
    USB_OTG_CoreInit                         0x08020609   Thumb Code   128  usb_core.o(i.USB_OTG_CoreInit)
    USB_OTG_CoreInitDev                      0x08020689   Thumb Code   358  usb_core.o(i.USB_OTG_CoreInitDev)
    USB_OTG_DisableGlobalInt                 0x08020849   Thumb Code    16  usb_core.o(i.USB_OTG_DisableGlobalInt)
    USB_OTG_EP0Activate                      0x08020859   Thumb Code    58  usb_core.o(i.USB_OTG_EP0Activate)
    USB_OTG_EP0StartXfer                     0x08020893   Thumb Code   184  usb_core.o(i.USB_OTG_EP0StartXfer)
    USB_OTG_EP0_OutStart                     0x0802094d   Thumb Code    32  usb_core.o(i.USB_OTG_EP0_OutStart)
    USB_OTG_EPActivate                       0x08020971   Thumb Code   104  usb_core.o(i.USB_OTG_EPActivate)
    USB_OTG_EPClearStall                     0x080209d9   Thumb Code    50  usb_core.o(i.USB_OTG_EPClearStall)
    USB_OTG_EPDeactivate                     0x08020a0b   Thumb Code    78  usb_core.o(i.USB_OTG_EPDeactivate)
    USB_OTG_EPSetStall                       0x08020a59   Thumb Code    48  usb_core.o(i.USB_OTG_EPSetStall)
    USB_OTG_EPStartXfer                      0x08020a89   Thumb Code   298  usb_core.o(i.USB_OTG_EPStartXfer)
    USB_OTG_EnableDevInt                     0x08020bb5   Thumb Code    74  usb_core.o(i.USB_OTG_EnableDevInt)
    USB_OTG_EnableGlobalInt                  0x08020c05   Thumb Code    16  usb_core.o(i.USB_OTG_EnableGlobalInt)
    USB_OTG_FlushRxFifo                      0x08020c15   Thumb Code    54  usb_core.o(i.USB_OTG_FlushRxFifo)
    USB_OTG_FlushTxFifo                      0x08020c51   Thumb Code    62  usb_core.o(i.USB_OTG_FlushTxFifo)
    USB_OTG_GetDeviceSpeed                   0x08020c95   Thumb Code    38  usb_core.o(i.USB_OTG_GetDeviceSpeed)
    USB_OTG_InitDevSpeed                     0x08020cbb   Thumb Code    12  usb_core.o(i.USB_OTG_InitDevSpeed)
    USB_OTG_IsDeviceMode                     0x08020cc7   Thumb Code    18  usb_core.o(i.USB_OTG_IsDeviceMode)
    USB_OTG_ReadCoreItr                      0x08020cd9   Thumb Code    10  usb_core.o(i.USB_OTG_ReadCoreItr)
    USB_OTG_ReadDevAllInEPItr                0x08020ce3   Thumb Code    12  usb_core.o(i.USB_OTG_ReadDevAllInEPItr)
    USB_OTG_ReadDevAllOutEp_itr              0x08020cef   Thumb Code    12  usb_core.o(i.USB_OTG_ReadDevAllOutEp_itr)
    USB_OTG_ReadDevOutEP_itr                 0x08020cfb   Thumb Code    16  usb_core.o(i.USB_OTG_ReadDevOutEP_itr)
    USB_OTG_ReadPacket                       0x08020d0b   Thumb Code    32  usb_core.o(i.USB_OTG_ReadPacket)
    USB_OTG_SelectCore                       0x08020d2d   Thumb Code   186  usb_core.o(i.USB_OTG_SelectCore)
    USB_OTG_SetCurrentMode                   0x08020ded   Thumb Code    42  usb_core.o(i.USB_OTG_SetCurrentMode)
    USB_OTG_WritePacket                      0x08020e17   Thumb Code    40  usb_core.o(i.USB_OTG_WritePacket)
    UsageFault_Handler                       0x08020e3f   Thumb Code     2  stm32f4xx_it.o(i.UsageFault_Handler)
    Usart_SendByte                           0x08020e41   Thumb Code    22  bsp_debug_usart.o(i.Usart_SendByte)
    UsbDataHandle                            0x08020e59   Thumb Code  2148  main.o(i.UsbDataHandle)
    Utest                                    0x080216bd   Thumb Code   462  bsp_key.o(i.Utest)
    Wait376Interrupt                         0x080219ed   Thumb Code    30  filesys.o(i.Wait376Interrupt)
    XYCAL                                    0x08021a11   Thumb Code   342  touchscreen.o(i.XYCAL)
    __0printf                                0x08021b71   Thumb Code    22  printfa.o(i.__0printf)
    __1printf                                0x08021b71   Thumb Code     0  printfa.o(i.__0printf)
    __2printf                                0x08021b71   Thumb Code     0  printfa.o(i.__0printf)
    __c89printf                              0x08021b71   Thumb Code     0  printfa.o(i.__0printf)
    printf                                   0x08021b71   Thumb Code     0  printfa.o(i.__0printf)
    __0sprintf                               0x08021b91   Thumb Code    34  printfa.o(i.__0sprintf)
    __1sprintf                               0x08021b91   Thumb Code     0  printfa.o(i.__0sprintf)
    __2sprintf                               0x08021b91   Thumb Code     0  printfa.o(i.__0sprintf)
    __c89sprintf                             0x08021b91   Thumb Code     0  printfa.o(i.__0sprintf)
    sprintf                                  0x08021b91   Thumb Code     0  printfa.o(i.__0sprintf)
    __aeabi_errno_addr                       0x08021bb9   Thumb Code     4  errno.o(i.__aeabi_errno_addr)
    __rt_errno_addr                          0x08021bb9   Thumb Code     0  errno.o(i.__aeabi_errno_addr)
    __hardfp_atof                            0x08021bc1   Thumb Code    44  atof.o(i.__hardfp_atof)
    __read_errno                             0x08021bf9   Thumb Code     6  errno.o(i.__read_errno)
    __scatterload_copy                       0x08021c05   Thumb Code    14  handlers.o(i.__scatterload_copy)
    __scatterload_null                       0x08021c13   Thumb Code     2  handlers.o(i.__scatterload_null)
    __scatterload_zeroinit                   0x08021c15   Thumb Code    14  handlers.o(i.__scatterload_zeroinit)
    __set_errno                              0x08021c25   Thumb Code     6  errno.o(i.__set_errno)
    _is_digit                                0x08021db5   Thumb Code    14  scanf_fp.o(i._is_digit)
    brt_set                                  0x080224fd   Thumb Code   196  bsp_key.o(i.brt_set)
    cal_disp                                 0x080225e5   Thumb Code   254  bsp_key.o(i.cal_disp)
    clear_input                              0x080226f9   Thumb Code    48  bsp_key.o(i.clear_input)
    del_num                                  0x08022731   Thumb Code   126  bsp_key.o(i.del_num)
    dim_set                                  0x080227c1   Thumb Code   364  bsp_key.o(i.dim_set)
    focus_off                                0x0802295d   Thumb Code    56  bsp_key.o(i.focus_off)
    focus_off1                               0x080229a1   Thumb Code    36  bsp_key.o(i.focus_off1)
    focus_on                                 0x080229cd   Thumb Code    26  bsp_key.o(i.focus_on)
    focus_on1                                0x080229ed   Thumb Code    34  bsp_key.o(i.focus_on1)
    fputc                                    0x08022a19   Thumb Code    30  bsp_debug_usart.o(i.fputc)
    free                                     0x08022a3d   Thumb Code    76  malloc.o(i.free)
    hispage                                  0x08022a8d   Thumb Code    22  history.o(i.hispage)
    input_num                                0x08022aa5   Thumb Code   262  bsp_key.o(i.input_num)
    main                                     0x08022bcd   Thumb Code   458  main.o(i.main)
    malloc                                   0x08022e21   Thumb Code    92  malloc.o(i.malloc)
    maxfocus_off                             0x08022e8d   Thumb Code   288  bsp_key.o(i.maxfocus_off)
    maxfocus_on                              0x08022fb9   Thumb Code   316  bsp_key.o(i.maxfocus_on)
    minfocus_off                             0x0802311d   Thumb Code   270  bsp_key.o(i.minfocus_off)
    minfocus_on                              0x08023239   Thumb Code   298  bsp_key.o(i.minfocus_on)
    minus_day                                0x0802338d   Thumb Code    58  bsp_key.o(i.minus_day)
    minus_hour                               0x080233cd   Thumb Code    64  bsp_key.o(i.minus_hour)
    minus_min                                0x08023411   Thumb Code    64  bsp_key.o(i.minus_min)
    minus_mon                                0x08023455   Thumb Code    58  bsp_key.o(i.minus_mon)
    minus_sec                                0x08023495   Thumb Code    64  bsp_key.o(i.minus_sec)
    minus_year                               0x080234d9   Thumb Code    58  bsp_key.o(i.minus_year)
    multifocus_off                           0x08023519   Thumb Code   120  bsp_key.o(i.multifocus_off)
    multifocus_on                            0x08023599   Thumb Code   144  bsp_key.o(i.multifocus_on)
    page_cal                                 0x08023649   Thumb Code   986  calibarate.o(i.page_cal)
    page_graph                               0x08023ae5   Thumb Code  5448  graph.o(i.page_graph)
    page_gset                                0x08025089   Thumb Code   270  graphset.o(i.page_gset)
    page_his                                 0x08025225   Thumb Code  3916  history.o(i.page_his)
    page_home                                0x080261d9   Thumb Code  4156  home.o(i.page_home)
    page_sep                                 0x08027269   Thumb Code   926  separation.o(i.page_sep)
    page_set                                 0x080276c9   Thumb Code   850  settings.o(i.page_set)
    page_sys                                 0x08027bc5   Thumb Code   694  system.o(i.page_sys)
    page_sysinfo                             0x08027f79   Thumb Code   504  sysinfo.o(i.page_sysinfo)
    plus_day                                 0x080282d9   Thumb Code    58  bsp_key.o(i.plus_day)
    plus_hour                                0x08028319   Thumb Code    62  bsp_key.o(i.plus_hour)
    plus_min                                 0x0802835d   Thumb Code    62  bsp_key.o(i.plus_min)
    plus_mon                                 0x080283a1   Thumb Code    58  bsp_key.o(i.plus_mon)
    plus_sec                                 0x080283e1   Thumb Code    62  bsp_key.o(i.plus_sec)
    plus_year                                0x08028425   Thumb Code    58  bsp_key.o(i.plus_year)
    power_on                                 0x08028465   Thumb Code    84  power_on.o(i.power_on)
    stimefocus_off                           0x080284f1   Thumb Code   120  bsp_key.o(i.stimefocus_off)
    stimefocus_on                            0x08028571   Thumb Code   144  bsp_key.o(i.stimefocus_on)
    touch_set                                0x0802862d   Thumb Code   148  bsp_key.o(i.touch_set)
    udisk_scan                               0x080286e5   Thumb Code    66  main.o(i.udisk_scan)
    xEndCH376Cmd                             0x08028731   Thumb Code     8  ch376.o(i.xEndCH376Cmd)
    xReadCH376Data                           0x0802873d   Thumb Code    18  ch376.o(i.xReadCH376Data)
    xWriteCH376Cmd                           0x08028751   Thumb Code    68  ch376.o(i.xWriteCH376Cmd)
    xWriteCH376Data                          0x08028799   Thumb Code    16  ch376.o(i.xWriteCH376Data)
    yhfocus_off                              0x080287a9   Thumb Code   252  bsp_key.o(i.yhfocus_off)
    yhfocus_on                               0x080288b1   Thumb Code   280  bsp_key.o(i.yhfocus_on)
    ylfocus_off                              0x080289f1   Thumb Code   252  bsp_key.o(i.ylfocus_off)
    ylfocus_on                               0x08028af9   Thumb Code   280  bsp_key.o(i.ylfocus_on)
    ASCII16x24_Table                         0x08028c34   Data        4560  fonts.o(.constdata)
    Chinese24x24_Table                       0x08029e04   Data       11248  fonts.o(.constdata)
    Chinese24x27_Table                       0x0802c9f4   Data        2822  fonts.o(.constdata)
    Chinese24x19_Table                       0x0802d4fa   Data        5900  fonts.o(.constdata)
    Chinese16x20_Table                       0x0802ec06   Data         168  fonts.o(.constdata)
    ASCII16x31_Table                         0x0802ecae   Data       11780  fonts.o(.constdata)
    INS_Table                                0x08031ab2   Data        7220  fonts.o(.constdata)
    Channel_8x20B_Table                      0x080336e6   Data        3800  fonts.o(.constdata)
    Channel_8x14_Table                       0x080345be   Data        2660  fonts.o(.constdata)
    Channel_8x20_Table                       0x08035022   Data        3800  fonts.o(.constdata)
    Channel_16x24_Table                      0x08035efa   Data        9120  fonts.o(.constdata)
    Temp_24x40_Table                         0x0803829a   Data       22560  fonts.o(.constdata)
    Temp_16x28_Table                         0x0803daba   Data       10640  fonts.o(.constdata)
    SYS_16x16_Table                          0x0804044a   Data        6080  fonts.o(.constdata)
    SONG_16x16_Table                         0x08041c0a   Data         238  fonts.o(.constdata)
    TC_Type                                  0x08041cf8   Data          18  home.o(.constdata)
    __ctype_table                            0x08041d0a   Data         129  ctype_o.o(.constdata)
    Region$$Table$$Base                      0x08041e04   Number         0  anon$$obj.o(Region$$Table)
    Region$$Table$$Limit                     0x08041e24   Number         0  anon$$obj.o(Region$$Table)
    SystemCoreClock                          0x20000000   Data           4  system_stm32f4xx.o(.data)
    AHBPrescTable                            0x20000004   Data          16  system_stm32f4xx.o(.data)
    usbstatus                                0x20000024   Data           1  main.o(.data)
    eqmtstatus                               0x2000002c   Data           1  main.o(.data)
    count                                    0x2000002e   Data           2  main.o(.data)
    crcwatch                                 0x2000003c   Data           2  main.o(.data)
    readcrc                                  0x2000003e   Data           2  main.o(.data)
    watch                                    0x20000040   Data           2  main.o(.data)
    ureadcrc                                 0x20000042   Data           2  main.o(.data)
    DeviceID                                 0x20000044   Data           4  main.o(.data)
    FlashID                                  0x20000048   Data           4  main.o(.data)
    crec                                     0x2000004c   Data           4  main.o(.data)
    csend                                    0x20000050   Data           4  main.o(.data)
    ucrc                                     0x20000054   Data           4  main.o(.data)
    ReCount                                  0x20000058   Data           1  stm32f4xx_it.o(.data)
    uartflag                                 0x2000005c   Data           1  stm32f4xx_it.o(.data)
    charge                                   0x2000005d   Data           1  stm32f4xx_it.o(.data)
    battery                                  0x2000005e   Data           1  stm32f4xx_it.o(.data)
    reflag                                   0x2000005f   Data           1  stm32f4xx_it.o(.data)
    Font16x24                                0x2000007c   Data           8  fonts.o(.data)
    Font16x31                                0x20000084   Data           8  fonts.o(.data)
    FontC_8x20                               0x2000008c   Data           8  fonts.o(.data)
    FontC_8x20B                              0x20000094   Data           8  fonts.o(.data)
    FontC_16x24                              0x2000009c   Data           8  fonts.o(.data)
    FontC_8x14                               0x200000a4   Data           8  fonts.o(.data)
    FontT_24x40                              0x200000ac   Data           8  fonts.o(.data)
    FontT_16x28                              0x200000b4   Data           8  fonts.o(.data)
    FontT_INS                                0x200000bc   Data           8  fonts.o(.data)
    FontT_SYS                                0x200000c4   Data           8  fonts.o(.data)
    Font24x24                                0x200000cc   Data           8  fonts.o(.data)
    C_Font24x27                              0x200000d4   Data           8  fonts.o(.data)
    C_Font24x19                              0x200000dc   Data           8  fonts.o(.data)
    SONG_Font16x16                           0x200000e4   Data           8  fonts.o(.data)
    C_Font16x20                              0x200000ec   Data           8  fonts.o(.data)
    count_flag                               0x200000f8   Data           1  bsp_key.o(.data)
    bit_flag                                 0x200000f9   Data           1  bsp_key.o(.data)
    dot_flag                                 0x200000fa   Data           1  bsp_key.o(.data)
    neg_flag                                 0x200000fb   Data           1  bsp_key.o(.data)
    input_flag                               0x200000fc   Data           1  bsp_key.o(.data)
    key_value                                0x20000100   Data           1  bsp_key.o(.data)
    page_flag                                0x20000101   Data           1  bsp_key.o(.data)
    op_flag                                  0x20000102   Data           1  bsp_key.o(.data)
    ch_page                                  0x20000103   Data           1  bsp_key.o(.data)
    op_sw                                    0x20000104   Data           1  bsp_key.o(.data)
    spt_page                                 0x20000105   Data           1  bsp_key.o(.data)
    cor_page                                 0x20000106   Data           1  bsp_key.o(.data)
    date_page                                0x20000107   Data           1  bsp_key.o(.data)
    time_page                                0x20000108   Data           1  bsp_key.o(.data)
    keystat                                  0x20000109   Data           1  bsp_key.o(.data)
    tcpage                                   0x2000010a   Data           1  bsp_key.o(.data)
    fileflag                                 0x2000010b   Data           1  bsp_key.o(.data)
    hpage                                    0x2000010c   Data           2  bsp_key.o(.data)
    date_time                                0x20000114   Data           6  bsp_key.o(.data)
    brightness                               0x20000120   Data           1  bsp_basic_tim.o(.data)
    Tick_10ms                                0x2000012c   Data           4  bsp_basic_tim.o(.data)
    OldTick                                  0x20000138   Data           4  bsp_basic_tim.o(.data)
    tempreq                                  0x2000013c   Data           9  bsp_basic_tim.o(.data)
    trigflag                                 0x20000148   Data           1  bsp_rtc.o(.data)
    rec_num                                  0x2000014c   Data           4  bsp_rtc.o(.data)
    usbreadtime                              0x20000150   Data           7  bsp_rtc.o(.data)
    touchflag                                0x2000015a   Data           1  touchscreen.o(.data)
    press                                    0x2000015b   Data           1  touchscreen.o(.data)
    Xconvert                                 0x2000015c   Data           2  touchscreen.o(.data)
    Yconvert                                 0x2000015e   Data           2  touchscreen.o(.data)
    XCOOR                                    0x20000160   Data           2  touchscreen.o(.data)
    YCOOR                                    0x20000162   Data           2  touchscreen.o(.data)
    ADC_ConvertedValue                       0x20000164   Data           4  touchscreen.o(.data)
    range                                    0x20000184   Data           4  graph.o(.data)
    enrate                                   0x20000188   Data           4  graph.o(.data)
    USBD_DCD_INT_cb                          0x2000018c   Data          44  usbd_core.o(.data)
    USBD_DCD_INT_fops                        0x200001b8   Data           4  usbd_core.o(.data)
    SET_TEST_MODE                            0x200001bc   Data           4  usbd_core.o(.data)
    USBD_ep_status                           0x200001c4   Data           4  usbd_req.o(.data)
    USBD_default_cfg                         0x200001c8   Data           4  usbd_req.o(.data)
    USBD_cfg_status                          0x200001cc   Data           4  usbd_req.o(.data)
    USR_cb                                   0x200001d0   Data          28  usbd_usr.o(.data)
    USBD_HID_cb                              0x200001ec   Data          48  usbd_hid_core.o(.data)
    UsbHidReceiveComplete                    0x2000021c   Data           1  usbd_hid_core.o(.data)
    USR_desc                                 0x20000278   Data          28  usbd_desc.o(.data)
    USBD_LangIDDesc                          0x20000294   Data           4  usbd_desc.o(.data)
    USBD_DeviceDesc                          0x20000298   Data          18  usbd_desc.o(.data)
    USBD_DeviceQualifierDesc                 0x200002aa   Data          10  usbd_desc.o(.data)
    __stdout                                 0x200002b4   Data           4  stdout.o(.data)
    __microlib_freelist                      0x200002b8   Data           4  mvars.o(.data)
    __microlib_freelist_initialised          0x200002bc   Data           4  mvars.o(.data)
    usbbuf                                   0x20000304   Data          64  main.o(.bss)
    usbsendbuf                               0x20000344   Data          64  main.o(.bss)
    savedata                                 0x20000384   Data          80  main.o(.bss)
    USB_OTG_dev                              0x200003d4   Data        1524  main.o(.bss)
    ch_temp                                  0x200009c8   Data         160  main.o(.bss)
    avg_data                                 0x20000a68   Data          12  main.o(.bss)
    RecBuff                                  0x20000a74   Data          39  stm32f4xx_it.o(.bss)
    data                                     0x20000b1b   Data          17  bsp_key.o(.bss)
    time_buf                                 0x20000b2c   Data          70  bsp_rtc.o(.bss)
    corpara                                  0x20000b74   Data          80  touchscreen.o(.bss)
    TempHLimits                              0x20000bc4   Data         160  separation.o(.bss)
    TempLLimits                              0x20000c64   Data         160  separation.o(.bss)
    G_Data                                   0x20000d04   Data       32000  graph.o(.bss)
    Data_buf                                 0x20008a04   Data         256  history.o(.bss)
    hisdata                                  0x20008b04   Data       32000  history.o(.bss)
    histime                                  0x20010804   Data          70  history.o(.bss)
    YLIMIT                                   0x2001084c   Data          12  history.o(.bss)
    his_config                               0x20010858   Data          20  history.o(.bss)
    Correction                               0x2001086c   Data         160  calibarate.o(.bss)
    USBD_StrDesc                             0x2001090c   Data         255  usbd_req.o(.bss)
    __heap_base                              0x20010a10   Data           0  startup_stm32f429_439xx.o(HEAP)
    __heap_limit                             0x20010c10   Data           0  startup_stm32f429_439xx.o(HEAP)
    __initial_sp                             0x20011010   Data           0  startup_stm32f429_439xx.o(STACK)



==============================================================================

Memory Map of the image

  Image Entry point : 0x080001ad

  Load Region LR_IROM1 (Base: 0x08000000, Size: 0x000420e8, Max: 0x00100000, ABSOLUTE, COMPRESSED[0x00041f84])

    Execution Region ER_IROM1 (Exec base: 0x08000000, Load base: 0x08000000, Size: 0x00041e24, Max: 0x00100000, ABSOLUTE)

    Exec Addr    Load Addr    Size         Type   Attr      Idx    E Section Name        Object

    0x08000000   0x08000000   0x000001ac   Data   RO            3    RESET               startup_stm32f429_439xx.o
    0x080001ac   0x080001ac   0x00000000   Code   RO         8720  * .ARM.Collect$$$$00000000  mc_w.l(entry.o)
    0x080001ac   0x080001ac   0x00000004   Code   RO         9040    .ARM.Collect$$$$00000001  mc_w.l(entry2.o)
    0x080001b0   0x080001b0   0x00000004   Code   RO         9043    .ARM.Collect$$$$00000004  mc_w.l(entry5.o)
    0x080001b4   0x080001b4   0x00000000   Code   RO         9045    .ARM.Collect$$$$00000008  mc_w.l(entry7b.o)
    0x080001b4   0x080001b4   0x00000000   Code   RO         9047    .ARM.Collect$$$$0000000A  mc_w.l(entry8b.o)
    0x080001b4   0x080001b4   0x00000008   Code   RO         9048    .ARM.Collect$$$$0000000B  mc_w.l(entry9a.o)
    0x080001bc   0x080001bc   0x00000000   Code   RO         9050    .ARM.Collect$$$$0000000D  mc_w.l(entry10a.o)
    0x080001bc   0x080001bc   0x00000000   Code   RO         9052    .ARM.Collect$$$$0000000F  mc_w.l(entry11a.o)
    0x080001bc   0x080001bc   0x00000004   Code   RO         9041    .ARM.Collect$$$$00002712  mc_w.l(entry2.o)
    0x080001c0   0x080001c0   0x00000024   Code   RO            4    .text               startup_stm32f429_439xx.o
    0x080001e4   0x080001e4   0x00000024   Code   RO         8723    .text               mc_w.l(memseta.o)
    0x08000208   0x08000208   0x00000018   Code   RO         8725    .text               mc_w.l(strcat.o)
    0x08000220   0x08000220   0x00000018   Code   RO         8727    .text               mc_w.l(strncpy.o)
    0x08000238   0x08000238   0x0000000e   Code   RO         8729    .text               mc_w.l(strlen.o)
    0x08000246   0x08000246   0x0000001c   Code   RO         8731    .text               mc_w.l(strcmp.o)
    0x08000262   0x08000262   0x00000012   Code   RO         8733    .text               mc_w.l(strcpy.o)
    0x08000274   0x08000274   0x0000001a   Code   RO         9024    .text               mc_w.l(atoi.o)
    0x0800028e   0x0800028e   0x0000014e   Code   RO         9026    .text               mf_w.l(dadd.o)
    0x080003dc   0x080003dc   0x000000e4   Code   RO         9028    .text               mf_w.l(dmul.o)
    0x080004c0   0x080004c0   0x000000de   Code   RO         9030    .text               mf_w.l(ddiv.o)
    0x0800059e   0x0800059e   0x0000001a   Code   RO         9032    .text               mf_w.l(dfltui.o)
    0x080005b8   0x080005b8   0x0000003e   Code   RO         9034    .text               mf_w.l(dfixi.o)
    0x080005f6   0x080005f6   0x00000026   Code   RO         9036    .text               mf_w.l(f2d.o)
    0x0800061c   0x0800061c   0x00000038   Code   RO         9038    .text               mf_w.l(d2f.o)
    0x08000654   0x08000654   0x0000002c   Code   RO         9055    .text               mc_w.l(uidiv.o)
    0x08000680   0x08000680   0x00000062   Code   RO         9057    .text               mc_w.l(uldiv.o)
    0x080006e2   0x080006e2   0x0000001e   Code   RO         9059    .text               mc_w.l(llshl.o)
    0x08000700   0x08000700   0x00000020   Code   RO         9061    .text               mc_w.l(llushr.o)
    0x08000720   0x08000720   0x00000024   Code   RO         9063    .text               mc_w.l(llsshr.o)
    0x08000744   0x08000744   0x0000009c   Code   RO         9078    .text               mc_w.l(strtod.o)
    0x080007e0   0x080007e0   0x00000070   Code   RO         9080    .text               mc_w.l(strtol.o)
    0x08000850   0x08000850   0x00000000   Code   RO         9082    .text               mc_w.l(iusefp.o)
    0x08000850   0x08000850   0x0000006e   Code   RO         9083    .text               mf_w.l(fepilogue.o)
    0x080008be   0x080008be   0x000000ba   Code   RO         9085    .text               mf_w.l(depilogue.o)
    0x08000978   0x08000978   0x00000030   Code   RO         9087    .text               mf_w.l(dfixul.o)
    0x080009a8   0x080009a8   0x00000030   Code   RO         9089    .text               mf_w.l(cdrcmple.o)
    0x080009d8   0x080009d8   0x00000024   Code   RO         9091    .text               mc_w.l(init.o)
    0x080009fc   0x080009fc   0x00000008   Code   RO         9095    .text               mc_w.l(ctype_o.o)
    0x08000a04   0x08000a04   0x00000012   Code   RO         9117    .text               mc_w.l(isspace_o.o)
    0x08000a16   0x08000a16   0x00000002   PAD
    0x08000a18   0x08000a18   0x00000360   Code   RO         9123    .text               mc_w.l(scanf_fp.o)
    0x08000d78   0x08000d78   0x00000040   Code   RO         9127    .text               mc_w.l(_sgetc.o)
    0x08000db8   0x08000db8   0x0000009e   Code   RO         9129    .text               mc_w.l(_strtoul.o)
    0x08000e56   0x08000e56   0x0000001c   Code   RO         9134    .text               mc_w.l(_chval.o)
    0x08000e72   0x08000e72   0x00000018   Code   RO         9136    .text               mf_w.l(dfltul.o)
    0x08000e8a   0x08000e8a   0x00000056   Code   RO         9146    .text               mc_w.l(__dczerorl2.o)
    0x08000ee0   0x08000ee0   0x00000054   Code   RO         6393    i.ACC_HANDLE        bsp_key.o
    0x08000f34   0x08000f34   0x00000014   Code   RO          222    i.ADC_Cmd           stm32f4xx_adc.o
    0x08000f48   0x08000f48   0x0000002c   Code   RO          223    i.ADC_CommonInit    stm32f4xx_adc.o
    0x08000f74   0x08000f74   0x00000014   Code   RO          226    i.ADC_DMACmd        stm32f4xx_adc.o
    0x08000f88   0x08000f88   0x00000014   Code   RO          227    i.ADC_DMARequestAfterLastTransferCmd  stm32f4xx_adc.o
    0x08000f9c   0x08000f9c   0x0000004c   Code   RO          242    i.ADC_Init          stm32f4xx_adc.o
    0x08000fe8   0x08000fe8   0x00000074   Code   RO          247    i.ADC_RegularChannelConfig  stm32f4xx_adc.o
    0x0800105c   0x0800105c   0x0000000a   Code   RO          249    i.ADC_SoftwareStartConv  stm32f4xx_adc.o
    0x08001066   0x08001066   0x00000002   PAD
    0x08001068   0x08001068   0x000000dc   Code   RO         5146    i.AVGCAL            main.o
    0x08001144   0x08001144   0x00000024   Code   RO         6394    i.BACK_HANDLE       bsp_key.o
    0x08001168   0x08001168   0x00000060   Code   RO         6879    i.Beep_GPIO_Config  bsp_beep.o
    0x080011c8   0x080011c8   0x00000002   Code   RO         5394    i.BusFault_Handler  stm32f4xx_it.o
    0x080011ca   0x080011ca   0x00000002   PAD
    0x080011cc   0x080011cc   0x00000024   Code   RO         6395    i.ButtonSound       bsp_key.o
    0x080011f0   0x080011f0   0x00000032   Code   RO         7247    i.CH376ByteLocate   filesys.o
    0x08001222   0x08001222   0x0000004e   Code   RO         7249    i.CH376ByteWrite    filesys.o
    0x08001270   0x08001270   0x00000016   Code   RO         7254    i.CH376DiskConnect  filesys.o
    0x08001286   0x08001286   0x00000006   Code   RO         7255    i.CH376DiskMount    filesys.o
    0x0800128c   0x0800128c   0x00000008   Code   RO         7259    i.CH376FileClose    filesys.o
    0x08001294   0x08001294   0x00000012   Code   RO         7260    i.CH376FileCreate   filesys.o
    0x080012a6   0x080012a6   0x00000032   Code   RO         7261    i.CH376FileCreatePath  filesys.o
    0x080012d8   0x080012d8   0x00000024   Code   RO         7263    i.CH376FileOpen     filesys.o
    0x080012fc   0x080012fc   0x0000004c   Code   RO         7264    i.CH376FileOpenDir  filesys.o
    0x08001348   0x08001348   0x00000006   Code   RO         7265    i.CH376FileOpenPath  filesys.o
    0x0800134e   0x0800134e   0x0000001c   Code   RO         7268    i.CH376GetIntStatus  filesys.o
    0x0800136a   0x0800136a   0x00000030   Code   RO         7269    i.CH376Read32bitDat  filesys.o
    0x0800139a   0x0800139a   0x00000018   Code   RO         7271    i.CH376ReadVar32    filesys.o
    0x080013b2   0x080013b2   0x0000001e   Code   RO         7272    i.CH376ReadVar8     filesys.o
    0x080013d0   0x080013d0   0x0000001a   Code   RO         7274    i.CH376SendCmdDatWaitInt  filesys.o
    0x080013ea   0x080013ea   0x00000012   Code   RO         7275    i.CH376SendCmdWaitInt  filesys.o
    0x080013fc   0x080013fc   0x0000002a   Code   RO         7276    i.CH376SeparatePath  filesys.o
    0x08001426   0x08001426   0x0000008e   Code   RO         7277    i.CH376SetFileName  filesys.o
    0x080014b4   0x080014b4   0x0000002c   Code   RO         7280    i.CH376WriteReqBlock  filesys.o
    0x080014e0   0x080014e0   0x00000036   Code   RO         7281    i.CH376WriteVar32   filesys.o
    0x08001516   0x08001516   0x00000002   PAD
    0x08001518   0x08001518   0x000000ec   Code   RO         7159    i.CH376_GPIO_Init   ch376.o
    0x08001604   0x08001604   0x00000046   Code   RO         5147    i.CRC16             main.o
    0x0800164a   0x0800164a   0x00000002   PAD
    0x0800164c   0x0800164c   0x0000073c   Code   RO         7068    i.ChannelSwtichBig  touchscreen.o
    0x08001d88   0x08001d88   0x000007a0   Code   RO         7069    i.ChannelSwtichMid  touchscreen.o
    0x08002528   0x08002528   0x000007b4   Code   RO         7070    i.ChannelSwtichSml  touchscreen.o
    0x08002cdc   0x08002cdc   0x00000070   Code   RO         5148    i.Check_limits      main.o
    0x08002d4c   0x08002d4c   0x0000002c   Code   RO         8046    i.DCD_EP_Close      usb_dcd.o
    0x08002d78   0x08002d78   0x00000038   Code   RO         8047    i.DCD_EP_ClrStall   usb_dcd.o
    0x08002db0   0x08002db0   0x00000018   Code   RO         8048    i.DCD_EP_Flush      usb_dcd.o
    0x08002dc8   0x08002dc8   0x0000003c   Code   RO         8049    i.DCD_EP_Open       usb_dcd.o
    0x08002e04   0x08002e04   0x00000044   Code   RO         8050    i.DCD_EP_PrepareRx  usb_dcd.o
    0x08002e48   0x08002e48   0x00000010   Code   RO         8051    i.DCD_EP_SetAddress  usb_dcd.o
    0x08002e58   0x08002e58   0x00000038   Code   RO         8052    i.DCD_EP_Stall      usb_dcd.o
    0x08002e90   0x08002e90   0x0000003e   Code   RO         8053    i.DCD_EP_Tx         usb_dcd.o
    0x08002ece   0x08002ece   0x00000002   PAD
    0x08002ed0   0x08002ed0   0x000000cc   Code   RO         8140    i.DCD_HandleInEP_ISR  usb_dcd_int.o
    0x08002f9c   0x08002f9c   0x000000ac   Code   RO         8141    i.DCD_HandleOutEP_ISR  usb_dcd_int.o
    0x08003048   0x08003048   0x0000007c   Code   RO         8142    i.DCD_HandleRxStatusQueueLevel_ISR  usb_dcd_int.o
    0x080030c4   0x080030c4   0x00000070   Code   RO         8143    i.DCD_HandleUSBSuspend_ISR  usb_dcd_int.o
    0x08003134   0x08003134   0x00000090   Code   RO         8144    i.DCD_HandleUsbReset_ISR  usb_dcd_int.o
    0x080031c4   0x080031c4   0x00000092   Code   RO         8055    i.DCD_Init          usb_dcd.o
    0x08003256   0x08003256   0x0000008a   Code   RO         8145    i.DCD_WriteEmptyTxFifo  usb_dcd_int.o
    0x080032e0   0x080032e0   0x0000006c   Code   RO         5571    i.DISP_AVG          bsp_lcd.o
    0x0800334c   0x0800334c   0x0000006c   Code   RO         5572    i.DISP_CNL_M        bsp_lcd.o
    0x080033b8   0x080033b8   0x0000006c   Code   RO         5573    i.DISP_CNL_S        bsp_lcd.o
    0x08003424   0x08003424   0x00000048   Code   RO         5574    i.DISP_INPUT        bsp_lcd.o
    0x0800346c   0x0800346c   0x0000006c   Code   RO         5575    i.DISP_INS          bsp_lcd.o
    0x080034d8   0x080034d8   0x00000044   Code   RO         5576    i.DISP_SINS         bsp_lcd.o
    0x0800351c   0x0800351c   0x0000006c   Code   RO         5577    i.DISP_SYS          bsp_lcd.o
    0x08003588   0x08003588   0x00000094   Code   RO         5578    i.DISP_TEMP_L       bsp_lcd.o
    0x0800361c   0x0800361c   0x00000094   Code   RO         5579    i.DISP_TEMP_M       bsp_lcd.o
    0x080036b0   0x080036b0   0x00000094   Code   RO         5580    i.DISP_TEMP_S       bsp_lcd.o
    0x08003744   0x08003744   0x00000018   Code   RO         1358    i.DMA2D_DeInit      stm32f4xx_dma2d.o
    0x0800375c   0x0800375c   0x00000014   Code   RO         1363    i.DMA2D_GetFlagStatus  stm32f4xx_dma2d.o
    0x08003770   0x08003770   0x000000b4   Code   RO         1366    i.DMA2D_Init        stm32f4xx_dma2d.o
    0x08003824   0x08003824   0x00000010   Code   RO         1368    i.DMA2D_StartTransfer  stm32f4xx_dma2d.o
    0x08003834   0x08003834   0x00000014   Code   RO         1222    i.DMA_Cmd           stm32f4xx_dma.o
    0x08003848   0x08003848   0x00000054   Code   RO         1234    i.DMA_Init          stm32f4xx_dma.o
    0x0800389c   0x0800389c   0x00000020   Code   RO         6396    i.DOT_HANDLE        bsp_key.o
    0x080038bc   0x080038bc   0x00002980   Code   RO         6397    i.DOWN_HANDLE       bsp_key.o
    0x0800623c   0x0800623c   0x00000002   Code   RO         5395    i.DebugMon_Handler  stm32f4xx_it.o
    0x0800623e   0x0800623e   0x00000002   PAD
    0x08006240   0x08006240   0x000000c4   Code   RO         6212    i.Debug_USART_Config  bsp_debug_usart.o
    0x08006304   0x08006304   0x00000010   Code   RO         5149    i.Delay             main.o
    0x08006314   0x08006314   0x000004f6   Code   RO         7474    i.Disp_Type         home.o
    0x0800680a   0x0800680a   0x00000002   PAD
    0x0800680c   0x0800680c   0x00000124   Code   RO         5581    i.DrawBattery       bsp_lcd.o
    0x08006930   0x08006930   0x00000068   Code   RO         5582    i.DrawBrt           bsp_lcd.o
    0x08006998   0x08006998   0x00000076   Code   RO         5584    i.DrawCharge        bsp_lcd.o
    0x08006a0e   0x08006a0e   0x00000002   PAD
    0x08006a10   0x08006a10   0x00000094   Code   RO         5585    i.DrawDim           bsp_lcd.o
    0x08006aa4   0x08006aa4   0x000000b8   Code   RO         5586    i.DrawGridLine      bsp_lcd.o
    0x08006b5c   0x08006b5c   0x0000003c   Code   RO         5587    i.DrawInstruction   bsp_lcd.o
    0x08006b98   0x08006b98   0x00001bf2   Code   RO         7785    i.DrawLogo          power_on.o
    0x0800878a   0x0800878a   0x00000002   PAD
    0x0800878c   0x0800878c   0x00000088   Code   RO         5588    i.DrawMenu          bsp_lcd.o
    0x08008814   0x08008814   0x000000a4   Code   RO         5589    i.DrawPowOff        bsp_lcd.o
    0x080088b8   0x080088b8   0x00000130   Code   RO         6983    i.DrawTime          bsp_rtc.o
    0x080089e8   0x080089e8   0x00000070   Code   RO         5592    i.DrawTouch         bsp_lcd.o
    0x08008a58   0x08008a58   0x0000012c   Code   RO         6398    i.DrawType          bsp_key.o
    0x08008b84   0x08008b84   0x000000b8   Code   RO         5593    i.DrawUdisk1        bsp_lcd.o
    0x08008c3c   0x08008c3c   0x000000b2   Code   RO         5594    i.DrawUdisk2        bsp_lcd.o
    0x08008cee   0x08008cee   0x00000002   PAD
    0x08008cf0   0x08008cf0   0x00000060   Code   RO         5595    i.DrawUnit          bsp_lcd.o
    0x08008d50   0x08008d50   0x00000f0a   Code   RO         7615    i.Draw_graph        graph.o
    0x08009c5a   0x08009c5a   0x00000002   PAD
    0x08009c5c   0x08009c5c   0x000000e4   Code   RO         5596    i.Drawcalmenu       bsp_lcd.o
    0x08009d40   0x08009d40   0x000000d4   Code   RO         5597    i.Drawdate          bsp_lcd.o
    0x08009e14   0x08009e14   0x0000008c   Code   RO         5598    i.Drawdate2         bsp_lcd.o
    0x08009ea0   0x08009ea0   0x000000e8   Code   RO         5599    i.Drawgraphmenu     bsp_lcd.o
    0x08009f88   0x08009f88   0x000000e4   Code   RO         5600    i.Drawgsethmenu     bsp_lcd.o
    0x0800a06c   0x0800a06c   0x000000e4   Code   RO         5601    i.Drawhishmenu      bsp_lcd.o
    0x0800a150   0x0800a150   0x000000e8   Code   RO         5602    i.Drawhomemenu      bsp_lcd.o
    0x0800a238   0x0800a238   0x00000038   Code   RO         5603    i.Drawlang          bsp_lcd.o
    0x0800a270   0x0800a270   0x000000e4   Code   RO         5604    i.Drawsetmenu       bsp_lcd.o
    0x0800a354   0x0800a354   0x000000e4   Code   RO         5605    i.Drawsptmenu       bsp_lcd.o
    0x0800a438   0x0800a438   0x000000e8   Code   RO         5606    i.Drawsysinfomenu   bsp_lcd.o
    0x0800a520   0x0800a520   0x000000e8   Code   RO         5607    i.Drawsysmenu       bsp_lcd.o
    0x0800a608   0x0800a608   0x000000d4   Code   RO         5608    i.Drawtime          bsp_lcd.o
    0x0800a6dc   0x0800a6dc   0x0000008c   Code   RO         5609    i.Drawtime2         bsp_lcd.o
    0x0800a768   0x0800a768   0x00002840   Code   RO         6399    i.ENTER_HANDLE      bsp_key.o
    0x0800cfa8   0x0800cfa8   0x00000048   Code   RO         6400    i.ESC_HANDLE        bsp_key.o
    0x0800cff0   0x0800cff0   0x00000044   Code   RO         5150    i.Erase_all         main.o
    0x0800d034   0x0800d034   0x00000036   Code   RO         1844    i.FMC_GetFlagStatus  stm32f4xx_fmc.o
    0x0800d06a   0x0800d06a   0x00000022   Code   RO         1861    i.FMC_SDRAMCmdConfig  stm32f4xx_fmc.o
    0x0800d08c   0x0800d08c   0x00000120   Code   RO         1863    i.FMC_SDRAMInit     stm32f4xx_fmc.o
    0x0800d1ac   0x0800d1ac   0x00000012   Code   RO         1867    i.FMC_SetRefreshCount  stm32f4xx_fmc.o
    0x0800d1be   0x0800d1be   0x00000002   PAD
    0x0800d1c0   0x0800d1c0   0x00000704   Code   RO         6401    i.FUNC1_HANDLE      bsp_key.o
    0x0800d8c4   0x0800d8c4   0x00000678   Code   RO         6402    i.FUNC2_HANDLE      bsp_key.o
    0x0800df3c   0x0800df3c   0x00000544   Code   RO         6403    i.FUNC3_HANDLE      bsp_key.o
    0x0800e480   0x0800e480   0x0000045c   Code   RO         6404    i.FUNC4_HANDLE      bsp_key.o
    0x0800e8dc   0x0800e8dc   0x00001fdc   Code   RO         6405    i.FUNC5_HANDLE      bsp_key.o
    0x080108b8   0x080108b8   0x00000078   Code   RO         2046    i.GPIO_Init         stm32f4xx_gpio.o
    0x08010930   0x08010930   0x00000020   Code   RO         2047    i.GPIO_PinAFConfig  stm32f4xx_gpio.o
    0x08010950   0x08010950   0x0000000e   Code   RO         2050    i.GPIO_ReadInputDataBit  stm32f4xx_gpio.o
    0x0801095e   0x0801095e   0x00000004   Code   RO         2053    i.GPIO_ResetBits    stm32f4xx_gpio.o
    0x08010962   0x08010962   0x00000004   Code   RO         2054    i.GPIO_SetBits      stm32f4xx_gpio.o
    0x08010966   0x08010966   0x00000002   PAD
    0x08010968   0x08010968   0x0000001c   Code   RO         5396    i.HardFault_Handler  stm32f4xx_it.o
    0x08010984   0x08010984   0x00000038   Code   RO         5153    i.InitBrt           main.o
    0x080109bc   0x080109bc   0x0000006c   Code   RO         7160    i.Init_CH376        ch376.o
    0x08010a28   0x08010a28   0x000000b0   Code   RO         6406    i.Input_end         bsp_key.o
    0x08010ad8   0x08010ad8   0x000000b0   Code   RO         6407    i.Input_start       bsp_key.o
    0x08010b88   0x08010b88   0x00000040   Code   RO         6408    i.KEY0_HANDLE       bsp_key.o
    0x08010bc8   0x08010bc8   0x00000050   Code   RO         6409    i.KEY1_HANDLE       bsp_key.o
    0x08010c18   0x08010c18   0x00000048   Code   RO         6410    i.KEY2_HANDLE       bsp_key.o
    0x08010c60   0x08010c60   0x00000048   Code   RO         6411    i.KEY3_HANDLE       bsp_key.o
    0x08010ca8   0x08010ca8   0x00000048   Code   RO         6412    i.KEY4_HANDLE       bsp_key.o
    0x08010cf0   0x08010cf0   0x00000048   Code   RO         6413    i.KEY5_HANDLE       bsp_key.o
    0x08010d38   0x08010d38   0x00000048   Code   RO         6414    i.KEY6_HANDLE       bsp_key.o
    0x08010d80   0x08010d80   0x00000048   Code   RO         6415    i.KEY7_HANDLE       bsp_key.o
    0x08010dc8   0x08010dc8   0x00000048   Code   RO         6416    i.KEY8_HANDLE       bsp_key.o
    0x08010e10   0x08010e10   0x00000040   Code   RO         6417    i.KEY9_HANDLE       bsp_key.o
    0x08010e50   0x08010e50   0x00000010   Code   RO         6418    i.Key_Delay         bsp_key.o
    0x08010e60   0x08010e60   0x000000e8   Code   RO         6419    i.Key_Function      bsp_key.o
    0x08010f48   0x08010f48   0x00000084   Code   RO         6420    i.Key_GPIO_Config   bsp_key.o
    0x08010fcc   0x08010fcc   0x00000588   Code   RO         6421    i.Key_Scan          bsp_key.o
    0x08011554   0x08011554   0x00000058   Code   RO         5610    i.LCD_Clear         bsp_lcd.o
    0x080115ac   0x080115ac   0x0000002c   Code   RO         5618    i.LCD_DisplayChar_48  bsp_lcd.o
    0x080115d8   0x080115d8   0x00000048   Code   RO         5619    i.LCD_DisplayChinese  bsp_lcd.o
    0x08011620   0x08011620   0x0000006c   Code   RO         5620    i.LCD_DisplayStringLine  bsp_lcd.o
    0x0801168c   0x0801168c   0x0000006c   Code   RO         5622    i.LCD_DisplayStringLine_48  bsp_lcd.o
    0x080116f8   0x080116f8   0x00000078   Code   RO         5624    i.LCD_DrawChar      bsp_lcd.o
    0x08011770   0x08011770   0x00000078   Code   RO         5626    i.LCD_DrawChinese   bsp_lcd.o
    0x080117e8   0x080117e8   0x0000009c   Code   RO         5627    i.LCD_DrawCircle    bsp_lcd.o
    0x08011884   0x08011884   0x00000068   Code   RO         5631    i.LCD_DrawFullRect  bsp_lcd.o
    0x080118ec   0x080118ec   0x00000080   Code   RO         5632    i.LCD_DrawLine      bsp_lcd.o
    0x0801196c   0x0801196c   0x0000003e   Code   RO         5634    i.LCD_DrawRect      bsp_lcd.o
    0x080119aa   0x080119aa   0x000000b4   Code   RO         5635    i.LCD_DrawUniLine   bsp_lcd.o
    0x08011a5e   0x08011a5e   0x00000002   PAD
    0x08011a60   0x08011a60   0x000002b4   Code   RO         5638    i.LCD_GPIO_Config   bsp_lcd.o
    0x08011d14   0x08011d14   0x00000088   Code   RO         5641    i.LCD_Init          bsp_lcd.o
    0x08011d9c   0x08011d9c   0x00000094   Code   RO         5642    i.LCD_LayerInit     bsp_lcd.o
    0x08011e30   0x08011e30   0x0000000c   Code   RO         5647    i.LCD_SetBackColor  bsp_lcd.o
    0x08011e3c   0x08011e3c   0x0000000c   Code   RO         5649    i.LCD_SetColors     bsp_lcd.o
    0x08011e48   0x08011e48   0x00000020   Code   RO         5653    i.LCD_SetLayer      bsp_lcd.o
    0x08011e68   0x08011e68   0x0000000c   Code   RO         5654    i.LCD_SetTextColor  bsp_lcd.o
    0x08011e74   0x08011e74   0x0000002c   Code   RO         5655    i.LCD_SetTransparency  bsp_lcd.o
    0x08011ea0   0x08011ea0   0x000015ac   Code   RO         6422    i.LEFT_HANDLE       bsp_key.o
    0x0801344c   0x0801344c   0x0000001c   Code   RO         2620    i.LTDC_Cmd          stm32f4xx_ltdc.o
    0x08013468   0x08013468   0x000000a8   Code   RO         2631    i.LTDC_Init         stm32f4xx_ltdc.o
    0x08013510   0x08013510   0x00000004   Code   RO         2634    i.LTDC_LayerAlpha   stm32f4xx_ltdc.o
    0x08013514   0x08013514   0x00000014   Code   RO         2635    i.LTDC_LayerCmd     stm32f4xx_ltdc.o
    0x08013528   0x08013528   0x00000096   Code   RO         2636    i.LTDC_LayerInit    stm32f4xx_ltdc.o
    0x080135be   0x080135be   0x00000002   PAD
    0x080135c0   0x080135c0   0x0000000c   Code   RO         2643    i.LTDC_ReloadConfig  stm32f4xx_ltdc.o
    0x080135cc   0x080135cc   0x00000002   Code   RO         5397    i.MemManage_Handler  stm32f4xx_it.o
    0x080135ce   0x080135ce   0x00000002   Code   RO         5398    i.NMI_Handler       stm32f4xx_it.o
    0x080135d0   0x080135d0   0x00000064   Code   RO          164    i.NVIC_Init         misc.o
    0x08013634   0x08013634   0x00000014   Code   RO          165    i.NVIC_PriorityGroupConfig  misc.o
    0x08013648   0x08013648   0x0000000c   Code   RO         5399    i.OTG_FS_IRQHandler  stm32f4xx_it.o
    0x08013654   0x08013654   0x0000000c   Code   RO         8657    i.OTG_HS_EP1_IN_IRQHandler  usb_bsp.o
    0x08013660   0x08013660   0x0000000c   Code   RO         8658    i.OTG_HS_EP1_OUT_IRQHandler  usb_bsp.o
    0x0801366c   0x0801366c   0x0000000c   Code   RO         8659    i.OTG_HS_IRQHandler  usb_bsp.o
    0x08013678   0x08013678   0x0000000c   Code   RO         2813    i.PWR_BackupAccessCmd  stm32f4xx_pwr.o
    0x08013684   0x08013684   0x00000002   Code   RO         5400    i.PendSV_Handler    stm32f4xx_it.o
    0x08013686   0x08013686   0x00000002   PAD
    0x08013688   0x08013688   0x0000004c   Code   RO         5155    i.PowerOffHandle    main.o
    0x080136d4   0x080136d4   0x00000030   Code   RO         5660    i.PutPixel          bsp_lcd.o
    0x08013704   0x08013704   0x00000018   Code   RO         7161    i.Query376Interrupt  ch376.o
    0x0801371c   0x0801371c   0x00000018   Code   RO         2960    i.RCC_AHB1PeriphClockCmd  stm32f4xx_rcc.o
    0x08013734   0x08013734   0x00000018   Code   RO         2962    i.RCC_AHB1PeriphResetCmd  stm32f4xx_rcc.o
    0x0801374c   0x0801374c   0x00000018   Code   RO         2966    i.RCC_AHB3PeriphClockCmd  stm32f4xx_rcc.o
    0x08013764   0x08013764   0x00000018   Code   RO         2969    i.RCC_APB1PeriphClockCmd  stm32f4xx_rcc.o
    0x0801377c   0x0801377c   0x00000018   Code   RO         2972    i.RCC_APB2PeriphClockCmd  stm32f4xx_rcc.o
    0x08013794   0x08013794   0x00000094   Code   RO         2981    i.RCC_GetClocksFreq  stm32f4xx_rcc.o
    0x08013828   0x08013828   0x00000034   Code   RO         2982    i.RCC_GetFlagStatus  stm32f4xx_rcc.o
    0x0801385c   0x0801385c   0x0000001c   Code   RO         2990    i.RCC_LSEConfig     stm32f4xx_rcc.o
    0x08013878   0x08013878   0x00000014   Code   RO         2993    i.RCC_LTDCCLKDivConfig  stm32f4xx_rcc.o
    0x0801388c   0x0801388c   0x0000000c   Code   RO         3002    i.RCC_PLLSAICmd     stm32f4xx_rcc.o
    0x08013898   0x08013898   0x00000014   Code   RO         3003    i.RCC_PLLSAIConfig  stm32f4xx_rcc.o
    0x080138ac   0x080138ac   0x0000000c   Code   RO         3004    i.RCC_RTCCLKCmd     stm32f4xx_rcc.o
    0x080138b8   0x080138b8   0x00000030   Code   RO         3005    i.RCC_RTCCLKConfig  stm32f4xx_rcc.o
    0x080138e8   0x080138e8   0x000015a4   Code   RO         6423    i.RIGHT_HANDLE      bsp_key.o
    0x08014e8c   0x08014e8c   0x00000012   Code   RO         3367    i.RTC_Bcd2ToByte    stm32f4xx_rtc.o
    0x08014e9e   0x08014e9e   0x00000018   Code   RO         3369    i.RTC_ByteToBcd2    stm32f4xx_rtc.o
    0x08014eb6   0x08014eb6   0x00000002   PAD
    0x08014eb8   0x08014eb8   0x0000006c   Code   RO         6984    i.RTC_CLK_Config    bsp_rtc.o
    0x08014f24   0x08014f24   0x0000003c   Code   RO         3379    i.RTC_EnterInitMode  stm32f4xx_rtc.o
    0x08014f60   0x08014f60   0x00000010   Code   RO         3380    i.RTC_ExitInitMode  stm32f4xx_rtc.o
    0x08014f70   0x08014f70   0x0000004c   Code   RO         3383    i.RTC_GetDate       stm32f4xx_rtc.o
    0x08014fbc   0x08014fbc   0x00000050   Code   RO         3388    i.RTC_GetTime       stm32f4xx_rtc.o
    0x0801500c   0x0801500c   0x00000050   Code   RO         3393    i.RTC_Init          stm32f4xx_rtc.o
    0x0801505c   0x0801505c   0x00000014   Code   RO         3396    i.RTC_ReadBackupRegister  stm32f4xx_rtc.o
    0x08015070   0x08015070   0x00000098   Code   RO         3399    i.RTC_SetDate       stm32f4xx_rtc.o
    0x08015108   0x08015108   0x000000a0   Code   RO         3400    i.RTC_SetTime       stm32f4xx_rtc.o
    0x080151a8   0x080151a8   0x00000060   Code   RO         6986    i.RTC_TimeAndDate_Set  bsp_rtc.o
    0x08015208   0x08015208   0x000002d0   Code   RO         6987    i.RTC_TimeAndDate_Show  bsp_rtc.o
    0x080154d8   0x080154d8   0x0000004c   Code   RO         3416    i.RTC_WaitForSynchro  stm32f4xx_rtc.o
    0x08015524   0x08015524   0x00000014   Code   RO         3419    i.RTC_WriteBackupRegister  stm32f4xx_rtc.o
    0x08015538   0x08015538   0x00000090   Code   RO         5156    i.Read_Flash_Init_Handle  main.o
    0x080155c8   0x080155c8   0x00000010   Code   RO         7679    i.Read_Sflag        history.o
    0x080155d8   0x080155d8   0x00000064   Code   RO         5157    i.Read_flag         main.o
    0x0801563c   0x0801563c   0x000000a4   Code   RO         7680    i.Read_history      history.o
    0x080156e0   0x080156e0   0x00000018   Code   RO         7681    i.Read_time         history.o
    0x080156f8   0x080156f8   0x000000d4   Code   RO         7072    i.Rheostat_ADC_Mode_Config  touchscreen.o
    0x080157cc   0x080157cc   0x00000388   Code   RO         5519    i.SDRAM_GPIO_Config  bsp_sdram.o
    0x08015b54   0x08015b54   0x0000005e   Code   RO         5520    i.SDRAM_Init        bsp_sdram.o
    0x08015bb2   0x08015bb2   0x00000002   PAD
    0x08015bb4   0x08015bb4   0x000000b4   Code   RO         5521    i.SDRAM_InitSequence  bsp_sdram.o
    0x08015c68   0x08015c68   0x00000014   Code   RO         4115    i.SPI_Cmd           stm32f4xx_spi.o
    0x08015c7c   0x08015c7c   0x0000004c   Code   RO         6266    i.SPI_FLASH_BufferRead  bsp_spi_flash.o
    0x08015cc8   0x08015cc8   0x000000b8   Code   RO         6267    i.SPI_FLASH_BufferWrite  bsp_spi_flash.o
    0x08015d80   0x08015d80   0x000000d4   Code   RO         6269    i.SPI_FLASH_Init    bsp_spi_flash.o
    0x08015e54   0x08015e54   0x00000094   Code   RO         6270    i.SPI_FLASH_PageWrite  bsp_spi_flash.o
    0x08015ee8   0x08015ee8   0x00000034   Code   RO         6272    i.SPI_FLASH_ReadDeviceID  bsp_spi_flash.o
    0x08015f1c   0x08015f1c   0x0000003c   Code   RO         6273    i.SPI_FLASH_ReadID  bsp_spi_flash.o
    0x08015f58   0x08015f58   0x00000040   Code   RO         6275    i.SPI_FLASH_SectorErase  bsp_spi_flash.o
    0x08015f98   0x08015f98   0x00000064   Code   RO         6276    i.SPI_FLASH_SendByte  bsp_spi_flash.o
    0x08015ffc   0x08015ffc   0x00000040   Code   RO         6279    i.SPI_FLASH_WaitForWriteEnd  bsp_spi_flash.o
    0x0801603c   0x0801603c   0x0000001c   Code   RO         6280    i.SPI_FLASH_WriteEnable  bsp_spi_flash.o
    0x08016058   0x08016058   0x0000000e   Code   RO         4123    i.SPI_I2S_GetFlagStatus  stm32f4xx_spi.o
    0x08016066   0x08016066   0x00000004   Code   RO         4126    i.SPI_I2S_ReceiveData  stm32f4xx_spi.o
    0x0801606a   0x0801606a   0x00000004   Code   RO         4127    i.SPI_I2S_SendData  stm32f4xx_spi.o
    0x0801606e   0x0801606e   0x00000038   Code   RO         4128    i.SPI_Init          stm32f4xx_spi.o
    0x080160a6   0x080160a6   0x00000002   PAD
    0x080160a8   0x080160a8   0x00000040   Code   RO         6283    i.SPI_TIMEOUT_UserCallback  bsp_spi_flash.o
    0x080160e8   0x080160e8   0x00000040   Code   RO         7162    i.SPI_TIMEOUT_UserCallback  ch376.o
    0x08016128   0x08016128   0x00000064   Code   RO         7163    i.SPIx_ReadWriteByte  ch376.o
    0x0801618c   0x0801618c   0x00000002   Code   RO         5401    i.SVC_Handler       stm32f4xx_it.o
    0x0801618e   0x0801618e   0x00000002   PAD
    0x08016190   0x08016190   0x00000020   Code   RO         7682    i.Save_Sflag        history.o
    0x080161b0   0x080161b0   0x00000068   Code   RO         5158    i.Save_flag         main.o
    0x08016218   0x08016218   0x0000003c   Code   RO         7683    i.Save_history      history.o
    0x08016254   0x08016254   0x00000040   Code   RO         7684    i.Save_time         history.o
    0x08016294   0x08016294   0x000000b8   Code   RO         6424    i.Search_Bit        bsp_key.o
    0x0801634c   0x0801634c   0x000000d0   Code   RO         6905    i.SetSTctype        bsp_basic_tim.o
    0x0801641c   0x0801641c   0x000000d0   Code   RO           13    i.SetSysClock       system_stm32f4xx.o
    0x080164ec   0x080164ec   0x000000d0   Code   RO         6906    i.SetTctype         bsp_basic_tim.o
    0x080165bc   0x080165bc   0x00000002   Code   RO         5402    i.SysTick_Handler   stm32f4xx_it.o
    0x080165be   0x080165be   0x00000002   PAD
    0x080165c0   0x080165c0   0x00000038   Code   RO         6838    i.SysTick_Init      bsp_systick.o
    0x080165f8   0x080165f8   0x0000005c   Code   RO           15    i.SystemInit        system_stm32f4xx.o
    0x08016654   0x08016654   0x000001a8   Code   RO         6907    i.TIM6_DAC_IRQHandler  bsp_basic_tim.o
    0x080167fc   0x080167fc   0x00000050   Code   RO         6908    i.TIM7_IRQHandler   bsp_basic_tim.o
    0x0801684c   0x0801684c   0x00000006   Code   RO         4345    i.TIM_ClearFlag     stm32f4xx_tim.o
    0x08016852   0x08016852   0x00000006   Code   RO         4346    i.TIM_ClearITPendingBit  stm32f4xx_tim.o
    0x08016858   0x08016858   0x00000014   Code   RO         4351    i.TIM_Cmd           stm32f4xx_tim.o
    0x0801686c   0x0801686c   0x00000018   Code   RO         4372    i.TIM_GetITStatus   stm32f4xx_tim.o
    0x08016884   0x08016884   0x00000010   Code   RO         4376    i.TIM_ITConfig      stm32f4xx_tim.o
    0x08016894   0x08016894   0x0000000c   Code   RO         4383    i.TIM_OC1PreloadConfig  stm32f4xx_tim.o
    0x080168a0   0x080168a0   0x0000007c   Code   RO         4390    i.TIM_OC3Init       stm32f4xx_tim.o
    0x0801691c   0x0801691c   0x00000064   Code   RO         6909    i.TIM_PWMOUTPUT_Config  bsp_basic_tim.o
    0x08016980   0x08016980   0x0000007c   Code   RO         4423    i.TIM_TimeBaseInit  stm32f4xx_tim.o
    0x080169fc   0x080169fc   0x000000ac   Code   RO         6910    i.TIMx_Configuration  bsp_basic_tim.o
    0x08016aa8   0x08016aa8   0x000036d4   Code   RO         5159    i.TempDisplay       main.o
    0x0801a17c   0x0801a17c   0x000025b4   Code   RO         7074    i.TouchHandle       touchscreen.o
    0x0801c730   0x0801c730   0x00000074   Code   RO         7075    i.Touch_GPIO_Config  touchscreen.o
    0x0801c7a4   0x0801c7a4   0x0000002c   Code   RO         7076    i.Touch_Init        touchscreen.o
    0x0801c7d0   0x0801c7d0   0x00000144   Code   RO         7077    i.Touch_Scan        touchscreen.o
    0x0801c914   0x0801c914   0x0000040c   Code   RO         5160    i.UARTRECHANDLE     main.o
    0x0801cd20   0x0801cd20   0x00002970   Code   RO         6425    i.UP_HANDLE         bsp_key.o
    0x0801f690   0x0801f690   0x000000a8   Code   RO         5403    i.USART1_IRQHandler  stm32f4xx_it.o
    0x0801f738   0x0801f738   0x0000000c   Code   RO         4889    i.USART_ClearITPendingBit  stm32f4xx_usart.o
    0x0801f744   0x0801f744   0x00000014   Code   RO         4892    i.USART_Cmd         stm32f4xx_usart.o
    0x0801f758   0x0801f758   0x0000000e   Code   RO         4895    i.USART_GetFlagStatus  stm32f4xx_usart.o
    0x0801f766   0x0801f766   0x0000003e   Code   RO         4896    i.USART_GetITStatus  stm32f4xx_usart.o
    0x0801f7a4   0x0801f7a4   0x00000030   Code   RO         4898    i.USART_ITConfig    stm32f4xx_usart.o
    0x0801f7d4   0x0801f7d4   0x000000ac   Code   RO         4899    i.USART_Init        stm32f4xx_usart.o
    0x0801f880   0x0801f880   0x00000008   Code   RO         4906    i.USART_ReceiveData  stm32f4xx_usart.o
    0x0801f888   0x0801f888   0x00000008   Code   RO         4909    i.USART_SendData    stm32f4xx_usart.o
    0x0801f890   0x0801f890   0x0000000e   Code   RO         8210    i.USBD_ClrCfg       usbd_core.o
    0x0801f89e   0x0801f89e   0x00000012   Code   RO         8321    i.USBD_CtlContinueRx  usbd_ioreq.o
    0x0801f8b0   0x0801f8b0   0x00000012   Code   RO         8322    i.USBD_CtlContinueSendData  usbd_ioreq.o
    0x0801f8c2   0x0801f8c2   0x0000001c   Code   RO         8381    i.USBD_CtlError     usbd_req.o
    0x0801f8de   0x0801f8de   0x00000022   Code   RO         8324    i.USBD_CtlReceiveStatus  usbd_ioreq.o
    0x0801f900   0x0801f900   0x00000020   Code   RO         8325    i.USBD_CtlSendData  usbd_ioreq.o
    0x0801f920   0x0801f920   0x00000022   Code   RO         8326    i.USBD_CtlSendStatus  usbd_ioreq.o
    0x0801f942   0x0801f942   0x00000002   PAD
    0x0801f944   0x0801f944   0x000000b0   Code   RO         8211    i.USBD_DataInStage  usbd_core.o
    0x0801f9f4   0x0801f9f4   0x00000074   Code   RO         8212    i.USBD_DataOutStage  usbd_core.o
    0x0801fa68   0x0801fa68   0x00000016   Code   RO         8214    i.USBD_DevConnected  usbd_core.o
    0x0801fa7e   0x0801fa7e   0x00000020   Code   RO         8215    i.USBD_DevDisconnected  usbd_core.o
    0x0801fa9e   0x0801fa9e   0x00000002   PAD
    0x0801faa0   0x0801faa0   0x00000124   Code   RO         8382    i.USBD_GetDescriptor  usbd_req.o
    0x0801fbc4   0x0801fbc4   0x00000046   Code   RO         8383    i.USBD_GetString    usbd_req.o
    0x0801fc0a   0x0801fc0a   0x0000000c   Code   RO         8525    i.USBD_HID_DataIn   usbd_hid_core.o
    0x0801fc16   0x0801fc16   0x00000002   PAD
    0x0801fc18   0x0801fc18   0x00000010   Code   RO         8526    i.USBD_HID_DataOut  usbd_hid_core.o
    0x0801fc28   0x0801fc28   0x00000016   Code   RO         8527    i.USBD_HID_DeInit   usbd_hid_core.o
    0x0801fc3e   0x0801fc3e   0x00000002   PAD
    0x0801fc40   0x0801fc40   0x0000000c   Code   RO         8528    i.USBD_HID_GetCfgDesc  usbd_hid_core.o
    0x0801fc4c   0x0801fc4c   0x0000001e   Code   RO         8529    i.USBD_HID_Init     usbd_hid_core.o
    0x0801fc6a   0x0801fc6a   0x00000018   Code   RO         8530    i.USBD_HID_SendReport  usbd_hid_core.o
    0x0801fc82   0x0801fc82   0x00000002   PAD
    0x0801fc84   0x0801fc84   0x000000a4   Code   RO         8531    i.USBD_HID_Setup    usbd_hid_core.o
    0x0801fd28   0x0801fd28   0x00000034   Code   RO         8216    i.USBD_Init         usbd_core.o
    0x0801fd5c   0x0801fd5c   0x0000000e   Code   RO         8217    i.USBD_IsoINIncomplete  usbd_core.o
    0x0801fd6a   0x0801fd6a   0x0000000e   Code   RO         8218    i.USBD_IsoOUTIncomplete  usbd_core.o
    0x0801fd78   0x0801fd78   0x00000078   Code   RO         8146    i.USBD_OTG_EP1IN_ISR_Handler  usb_dcd_int.o
    0x0801fdf0   0x0801fdf0   0x00000050   Code   RO         8147    i.USBD_OTG_EP1OUT_ISR_Handler  usb_dcd_int.o
    0x0801fe40   0x0801fe40   0x00000178   Code   RO         8148    i.USBD_OTG_ISR_Handler  usb_dcd_int.o
    0x0801ffb8   0x0801ffb8   0x00000044   Code   RO         8384    i.USBD_ParseSetupRequest  usbd_req.o
    0x0801fffc   0x0801fffc   0x0000002e   Code   RO         8219    i.USBD_Reset        usbd_core.o
    0x0802002a   0x0802002a   0x00000016   Code   RO         8220    i.USBD_Resume       usbd_core.o
    0x08020040   0x08020040   0x00000010   Code   RO         8221    i.USBD_SOF          usbd_core.o
    0x08020050   0x08020050   0x0000001a   Code   RO         8222    i.USBD_SetCfg       usbd_core.o
    0x0802006a   0x0802006a   0x00000002   PAD
    0x0802006c   0x0802006c   0x00000074   Code   RO         8385    i.USBD_SetConfig    usbd_req.o
    0x080200e0   0x080200e0   0x0000007c   Code   RO         8386    i.USBD_SetFeature   usbd_req.o
    0x0802015c   0x0802015c   0x00000048   Code   RO         8223    i.USBD_SetupStage   usbd_core.o
    0x080201a4   0x080201a4   0x000000f0   Code   RO         8387    i.USBD_StdDevReq    usbd_req.o
    0x08020294   0x08020294   0x000000d4   Code   RO         8388    i.USBD_StdEPReq     usbd_req.o
    0x08020368   0x08020368   0x00000036   Code   RO         8389    i.USBD_StdItfReq    usbd_req.o
    0x0802039e   0x0802039e   0x0000001c   Code   RO         8224    i.USBD_Suspend      usbd_core.o
    0x080203ba   0x080203ba   0x00000002   PAD
    0x080203bc   0x080203bc   0x00000020   Code   RO         8588    i.USBD_USR_ConfigStrDescriptor  usbd_desc.o
    0x080203dc   0x080203dc   0x00000002   Code   RO         8458    i.USBD_USR_DeviceConfigured  usbd_usr.o
    0x080203de   0x080203de   0x00000002   Code   RO         8459    i.USBD_USR_DeviceConnected  usbd_usr.o
    0x080203e0   0x080203e0   0x0000000c   Code   RO         8589    i.USBD_USR_DeviceDescriptor  usbd_desc.o
    0x080203ec   0x080203ec   0x00000002   Code   RO         8460    i.USBD_USR_DeviceDisconnected  usbd_usr.o
    0x080203ee   0x080203ee   0x00000002   Code   RO         8461    i.USBD_USR_DeviceReset  usbd_usr.o
    0x080203f0   0x080203f0   0x00000002   Code   RO         8462    i.USBD_USR_DeviceResumed  usbd_usr.o
    0x080203f2   0x080203f2   0x00000002   Code   RO         8463    i.USBD_USR_DeviceSuspended  usbd_usr.o
    0x080203f4   0x080203f4   0x00000034   Code   RO         8464    i.USBD_USR_Init     usbd_usr.o
    0x08020428   0x08020428   0x00000024   Code   RO         8590    i.USBD_USR_InterfaceStrDescriptor  usbd_desc.o
    0x0802044c   0x0802044c   0x0000000c   Code   RO         8591    i.USBD_USR_LangIDStrDescriptor  usbd_desc.o
    0x08020458   0x08020458   0x00000028   Code   RO         8592    i.USBD_USR_ManufacturerStrDescriptor  usbd_desc.o
    0x08020480   0x08020480   0x0000004c   Code   RO         8593    i.USBD_USR_ProductStrDescriptor  usbd_desc.o
    0x080204cc   0x080204cc   0x0000003c   Code   RO         8594    i.USBD_USR_SerialStrDescriptor  usbd_desc.o
    0x08020508   0x08020508   0x00000068   Code   RO         8660    i.USB_OTG_BSP_EnableInterrupt  usb_bsp.o
    0x08020570   0x08020570   0x00000070   Code   RO         8661    i.USB_OTG_BSP_Init  usb_bsp.o
    0x080205e0   0x080205e0   0x0000000a   Code   RO         8662    i.USB_OTG_BSP_mDelay  usb_bsp.o
    0x080205ea   0x080205ea   0x0000001e   Code   RO         8663    i.USB_OTG_BSP_uDelay  usb_bsp.o
    0x08020608   0x08020608   0x00000080   Code   RO         7816    i.USB_OTG_CoreInit  usb_core.o
    0x08020688   0x08020688   0x00000166   Code   RO         7817    i.USB_OTG_CoreInitDev  usb_core.o
    0x080207ee   0x080207ee   0x00000002   PAD
    0x080207f0   0x080207f0   0x00000058   Code   RO         7818    i.USB_OTG_CoreReset  usb_core.o
    0x08020848   0x08020848   0x00000010   Code   RO         7819    i.USB_OTG_DisableGlobalInt  usb_core.o
    0x08020858   0x08020858   0x0000003a   Code   RO         7820    i.USB_OTG_EP0Activate  usb_core.o
    0x08020892   0x08020892   0x000000b8   Code   RO         7821    i.USB_OTG_EP0StartXfer  usb_core.o
    0x0802094a   0x0802094a   0x00000002   PAD
    0x0802094c   0x0802094c   0x00000024   Code   RO         7822    i.USB_OTG_EP0_OutStart  usb_core.o
    0x08020970   0x08020970   0x00000068   Code   RO         7823    i.USB_OTG_EPActivate  usb_core.o
    0x080209d8   0x080209d8   0x00000032   Code   RO         7824    i.USB_OTG_EPClearStall  usb_core.o
    0x08020a0a   0x08020a0a   0x0000004e   Code   RO         7825    i.USB_OTG_EPDeactivate  usb_core.o
    0x08020a58   0x08020a58   0x00000030   Code   RO         7826    i.USB_OTG_EPSetStall  usb_core.o
    0x08020a88   0x08020a88   0x0000012a   Code   RO         7827    i.USB_OTG_EPStartXfer  usb_core.o
    0x08020bb2   0x08020bb2   0x00000002   PAD
    0x08020bb4   0x08020bb4   0x00000050   Code   RO         7828    i.USB_OTG_EnableDevInt  usb_core.o
    0x08020c04   0x08020c04   0x00000010   Code   RO         7829    i.USB_OTG_EnableGlobalInt  usb_core.o
    0x08020c14   0x08020c14   0x0000003c   Code   RO         7830    i.USB_OTG_FlushRxFifo  usb_core.o
    0x08020c50   0x08020c50   0x00000044   Code   RO         7831    i.USB_OTG_FlushTxFifo  usb_core.o
    0x08020c94   0x08020c94   0x00000026   Code   RO         7832    i.USB_OTG_GetDeviceSpeed  usb_core.o
    0x08020cba   0x08020cba   0x0000000c   Code   RO         7835    i.USB_OTG_InitDevSpeed  usb_core.o
    0x08020cc6   0x08020cc6   0x00000012   Code   RO         7836    i.USB_OTG_IsDeviceMode  usb_core.o
    0x08020cd8   0x08020cd8   0x0000000a   Code   RO         7838    i.USB_OTG_ReadCoreItr  usb_core.o
    0x08020ce2   0x08020ce2   0x0000000c   Code   RO         7839    i.USB_OTG_ReadDevAllInEPItr  usb_core.o
    0x08020cee   0x08020cee   0x0000000c   Code   RO         7840    i.USB_OTG_ReadDevAllOutEp_itr  usb_core.o
    0x08020cfa   0x08020cfa   0x00000010   Code   RO         7841    i.USB_OTG_ReadDevOutEP_itr  usb_core.o
    0x08020d0a   0x08020d0a   0x00000020   Code   RO         7843    i.USB_OTG_ReadPacket  usb_core.o
    0x08020d2a   0x08020d2a   0x00000002   PAD
    0x08020d2c   0x08020d2c   0x000000c0   Code   RO         7844    i.USB_OTG_SelectCore  usb_core.o
    0x08020dec   0x08020dec   0x0000002a   Code   RO         7845    i.USB_OTG_SetCurrentMode  usb_core.o
    0x08020e16   0x08020e16   0x00000028   Code   RO         7849    i.USB_OTG_WritePacket  usb_core.o
    0x08020e3e   0x08020e3e   0x00000002   Code   RO         5404    i.UsageFault_Handler  stm32f4xx_it.o
    0x08020e40   0x08020e40   0x00000016   Code   RO         6213    i.Usart_SendByte    bsp_debug_usart.o
    0x08020e56   0x08020e56   0x00000002   PAD
    0x08020e58   0x08020e58   0x00000864   Code   RO         5161    i.UsbDataHandle     main.o
    0x080216bc   0x080216bc   0x00000330   Code   RO         6426    i.Utest             bsp_key.o
    0x080219ec   0x080219ec   0x00000024   Code   RO         7283    i.Wait376Interrupt  filesys.o
    0x08021a10   0x08021a10   0x00000160   Code   RO         7078    i.XYCAL             touchscreen.o
    0x08021b70   0x08021b70   0x00000020   Code   RO         8968    i.__0printf         mc_w.l(printfa.o)
    0x08021b90   0x08021b90   0x00000028   Code   RO         8970    i.__0sprintf        mc_w.l(printfa.o)
    0x08021bb8   0x08021bb8   0x00000008   Code   RO         9071    i.__aeabi_errno_addr  mc_w.l(errno.o)
    0x08021bc0   0x08021bc0   0x00000038   Code   RO         8714    i.__hardfp_atof     m_wm.l(atof.o)
    0x08021bf8   0x08021bf8   0x0000000c   Code   RO         9072    i.__read_errno      mc_w.l(errno.o)
    0x08021c04   0x08021c04   0x0000000e   Code   RO         9140    i.__scatterload_copy  mc_w.l(handlers.o)
    0x08021c12   0x08021c12   0x00000002   Code   RO         9141    i.__scatterload_null  mc_w.l(handlers.o)
    0x08021c14   0x08021c14   0x0000000e   Code   RO         9142    i.__scatterload_zeroinit  mc_w.l(handlers.o)
    0x08021c22   0x08021c22   0x00000002   PAD
    0x08021c24   0x08021c24   0x0000000c   Code   RO         9073    i.__set_errno       mc_w.l(errno.o)
    0x08021c30   0x08021c30   0x00000184   Code   RO         8975    i._fp_digits        mc_w.l(printfa.o)
    0x08021db4   0x08021db4   0x0000000e   Code   RO         9125    i._is_digit         mc_w.l(scanf_fp.o)
    0x08021dc2   0x08021dc2   0x00000002   PAD
    0x08021dc4   0x08021dc4   0x000006dc   Code   RO         8976    i._printf_core      mc_w.l(printfa.o)
    0x080224a0   0x080224a0   0x00000024   Code   RO         8977    i._printf_post_padding  mc_w.l(printfa.o)
    0x080224c4   0x080224c4   0x0000002e   Code   RO         8978    i._printf_pre_padding  mc_w.l(printfa.o)
    0x080224f2   0x080224f2   0x0000000a   Code   RO         8980    i._sputc            mc_w.l(printfa.o)
    0x080224fc   0x080224fc   0x000000e8   Code   RO         6427    i.brt_set           bsp_key.o
    0x080225e4   0x080225e4   0x00000114   Code   RO         6428    i.cal_disp          bsp_key.o
    0x080226f8   0x080226f8   0x00000038   Code   RO         6429    i.clear_input       bsp_key.o
    0x08022730   0x08022730   0x00000090   Code   RO         6430    i.del_num           bsp_key.o
    0x080227c0   0x080227c0   0x0000019c   Code   RO         6431    i.dim_set           bsp_key.o
    0x0802295c   0x0802295c   0x00000044   Code   RO         6432    i.focus_off         bsp_key.o
    0x080229a0   0x080229a0   0x0000002c   Code   RO         6433    i.focus_off1        bsp_key.o
    0x080229cc   0x080229cc   0x00000020   Code   RO         6434    i.focus_on          bsp_key.o
    0x080229ec   0x080229ec   0x0000002c   Code   RO         6435    i.focus_on1         bsp_key.o
    0x08022a18   0x08022a18   0x00000024   Code   RO         6217    i.fputc             bsp_debug_usart.o
    0x08022a3c   0x08022a3c   0x00000050   Code   RO         8996    i.free              mc_w.l(malloc.o)
    0x08022a8c   0x08022a8c   0x00000016   Code   RO         7685    i.hispage           history.o
    0x08022aa2   0x08022aa2   0x00000002   PAD
    0x08022aa4   0x08022aa4   0x00000128   Code   RO         6436    i.input_num         bsp_key.o
    0x08022bcc   0x08022bcc   0x00000254   Code   RO         5163    i.main              main.o
    0x08022e20   0x08022e20   0x0000006c   Code   RO         8997    i.malloc            mc_w.l(malloc.o)
    0x08022e8c   0x08022e8c   0x0000012c   Code   RO         6437    i.maxfocus_off      bsp_key.o
    0x08022fb8   0x08022fb8   0x00000164   Code   RO         6438    i.maxfocus_on       bsp_key.o
    0x0802311c   0x0802311c   0x0000011c   Code   RO         6439    i.minfocus_off      bsp_key.o
    0x08023238   0x08023238   0x00000154   Code   RO         6440    i.minfocus_on       bsp_key.o
    0x0802338c   0x0802338c   0x00000040   Code   RO         6441    i.minus_day         bsp_key.o
    0x080233cc   0x080233cc   0x00000044   Code   RO         6442    i.minus_hour        bsp_key.o
    0x08023410   0x08023410   0x00000044   Code   RO         6443    i.minus_min         bsp_key.o
    0x08023454   0x08023454   0x00000040   Code   RO         6444    i.minus_mon         bsp_key.o
    0x08023494   0x08023494   0x00000044   Code   RO         6445    i.minus_sec         bsp_key.o
    0x080234d8   0x080234d8   0x00000040   Code   RO         6446    i.minus_year        bsp_key.o
    0x08023518   0x08023518   0x00000080   Code   RO         6447    i.multifocus_off    bsp_key.o
    0x08023598   0x08023598   0x000000b0   Code   RO         6448    i.multifocus_on     bsp_key.o
    0x08023648   0x08023648   0x0000049c   Code   RO         7753    i.page_cal          calibarate.o
    0x08023ae4   0x08023ae4   0x000015a4   Code   RO         7616    i.page_graph        graph.o
    0x08025088   0x08025088   0x0000019c   Code   RO         7654    i.page_gset         graphset.o
    0x08025224   0x08025224   0x00000fb4   Code   RO         7686    i.page_his          history.o
    0x080261d8   0x080261d8   0x00001090   Code   RO         7475    i.page_home         home.o
    0x08027268   0x08027268   0x00000460   Code   RO         7558    i.page_sep          separation.o
    0x080276c8   0x080276c8   0x000004fc   Code   RO         7533    i.page_set          settings.o
    0x08027bc4   0x08027bc4   0x000003b4   Code   RO         7508    i.page_sys          system.o
    0x08027f78   0x08027f78   0x00000360   Code   RO         7590    i.page_sysinfo      sysinfo.o
    0x080282d8   0x080282d8   0x00000040   Code   RO         6449    i.plus_day          bsp_key.o
    0x08028318   0x08028318   0x00000044   Code   RO         6450    i.plus_hour         bsp_key.o
    0x0802835c   0x0802835c   0x00000044   Code   RO         6451    i.plus_min          bsp_key.o
    0x080283a0   0x080283a0   0x00000040   Code   RO         6452    i.plus_mon          bsp_key.o
    0x080283e0   0x080283e0   0x00000044   Code   RO         6453    i.plus_sec          bsp_key.o
    0x08028424   0x08028424   0x00000040   Code   RO         6454    i.plus_year         bsp_key.o
    0x08028464   0x08028464   0x0000008c   Code   RO         7786    i.power_on          power_on.o
    0x080284f0   0x080284f0   0x00000080   Code   RO         6455    i.stimefocus_off    bsp_key.o
    0x08028570   0x08028570   0x000000bc   Code   RO         6456    i.stimefocus_on     bsp_key.o
    0x0802862c   0x0802862c   0x000000b8   Code   RO         6457    i.touch_set         bsp_key.o
    0x080286e4   0x080286e4   0x0000004c   Code   RO         5164    i.udisk_scan        main.o
    0x08028730   0x08028730   0x0000000c   Code   RO         7166    i.xEndCH376Cmd      ch376.o
    0x0802873c   0x0802873c   0x00000012   Code   RO         7167    i.xReadCH376Data    ch376.o
    0x0802874e   0x0802874e   0x00000002   PAD
    0x08028750   0x08028750   0x00000048   Code   RO         7168    i.xWriteCH376Cmd    ch376.o
    0x08028798   0x08028798   0x00000010   Code   RO         7169    i.xWriteCH376Data   ch376.o
    0x080287a8   0x080287a8   0x00000108   Code   RO         6458    i.yhfocus_off       bsp_key.o
    0x080288b0   0x080288b0   0x00000140   Code   RO         6459    i.yhfocus_on        bsp_key.o
    0x080289f0   0x080289f0   0x00000108   Code   RO         6460    i.ylfocus_off       bsp_key.o
    0x08028af8   0x08028af8   0x0000013c   Code   RO         6461    i.ylfocus_on        bsp_key.o
    0x08028c34   0x08028c34   0x000011d0   Data   RO         6138    .constdata          fonts.o
    0x08029e04   0x08029e04   0x00002bf0   Data   RO         6142    .constdata          fonts.o
    0x0802c9f4   0x0802c9f4   0x00000b06   Data   RO         6143    .constdata          fonts.o
    0x0802d4fa   0x0802d4fa   0x0000170c   Data   RO         6145    .constdata          fonts.o
    0x0802ec06   0x0802ec06   0x000000a8   Data   RO         6146    .constdata          fonts.o
    0x0802ecae   0x0802ecae   0x00002e04   Data   RO         6147    .constdata          fonts.o
    0x08031ab2   0x08031ab2   0x00001c34   Data   RO         6148    .constdata          fonts.o
    0x080336e6   0x080336e6   0x00000ed8   Data   RO         6149    .constdata          fonts.o
    0x080345be   0x080345be   0x00000a64   Data   RO         6150    .constdata          fonts.o
    0x08035022   0x08035022   0x00000ed8   Data   RO         6151    .constdata          fonts.o
    0x08035efa   0x08035efa   0x000023a0   Data   RO         6153    .constdata          fonts.o
    0x0803829a   0x0803829a   0x00005820   Data   RO         6155    .constdata          fonts.o
    0x0803daba   0x0803daba   0x00002990   Data   RO         6156    .constdata          fonts.o
    0x0804044a   0x0804044a   0x000017c0   Data   RO         6158    .constdata          fonts.o
    0x08041c0a   0x08041c0a   0x000000ee   Data   RO         6159    .constdata          fonts.o
    0x08041cf8   0x08041cf8   0x00000012   Data   RO         7476    .constdata          home.o
    0x08041d0a   0x08041d0a   0x00000081   Data   RO         9096    .constdata          mc_w.l(ctype_o.o)
    0x08041d8b   0x08041d8b   0x00000001   PAD
    0x08041d8c   0x08041d8c   0x00000004   Data   RO         9097    .constdata          mc_w.l(ctype_o.o)
    0x08041d90   0x08041d90   0x00000072   Data   RO         6464    .conststring        bsp_key.o
    0x08041e02   0x08041e02   0x00000002   PAD
    0x08041e04   0x08041e04   0x00000020   Data   RO         9138    Region$$Table       anon$$obj.o


    Execution Region RW_IRAM1 (Exec base: 0x20000000, Load base: 0x08041e24, Size: 0x00011010, Max: 0x00030000, ABSOLUTE, COMPRESSED[0x00000160])

    Exec Addr    Load Addr    Size         Type   Attr      Idx    E Section Name        Object

    0x20000000   COMPRESSED   0x00000014   Data   RW           16    .data               system_stm32f4xx.o
    0x20000014   COMPRESSED   0x00000010   Data   RW         3013    .data               stm32f4xx_rcc.o
    0x20000024   COMPRESSED   0x00000034   Data   RW         5167    .data               main.o
    0x20000058   COMPRESSED   0x00000005   Data   RW         5407    .data               stm32f4xx_it.o
    0x2000005d   COMPRESSED   0x00000001   Data   RW         5409    .data               stm32f4xx_it.o
    0x2000005e   COMPRESSED   0x00000001   Data   RW         5410    .data               stm32f4xx_it.o
    0x2000005f   COMPRESSED   0x00000001   Data   RW         5411    .data               stm32f4xx_it.o
    0x20000060   COMPRESSED   0x0000001c   Data   RW         5663    .data               bsp_lcd.o
    0x2000007c   COMPRESSED   0x00000008   Data   RW         6160    .data               fonts.o
    0x20000084   COMPRESSED   0x00000008   Data   RW         6161    .data               fonts.o
    0x2000008c   COMPRESSED   0x00000008   Data   RW         6162    .data               fonts.o
    0x20000094   COMPRESSED   0x00000008   Data   RW         6163    .data               fonts.o
    0x2000009c   COMPRESSED   0x00000008   Data   RW         6164    .data               fonts.o
    0x200000a4   COMPRESSED   0x00000008   Data   RW         6166    .data               fonts.o
    0x200000ac   COMPRESSED   0x00000008   Data   RW         6167    .data               fonts.o
    0x200000b4   COMPRESSED   0x00000008   Data   RW         6169    .data               fonts.o
    0x200000bc   COMPRESSED   0x00000008   Data   RW         6170    .data               fonts.o
    0x200000c4   COMPRESSED   0x00000008   Data   RW         6171    .data               fonts.o
    0x200000cc   COMPRESSED   0x00000008   Data   RW         6176    .data               fonts.o
    0x200000d4   COMPRESSED   0x00000008   Data   RW         6177    .data               fonts.o
    0x200000dc   COMPRESSED   0x00000008   Data   RW         6178    .data               fonts.o
    0x200000e4   COMPRESSED   0x00000008   Data   RW         6180    .data               fonts.o
    0x200000ec   COMPRESSED   0x00000008   Data   RW         6181    .data               fonts.o
    0x200000f4   COMPRESSED   0x00000004   Data   RW         6284    .data               bsp_spi_flash.o
    0x200000f8   COMPRESSED   0x00000022   Data   RW         6465    .data               bsp_key.o
    0x2000011a   COMPRESSED   0x00000002   PAD
    0x2000011c   COMPRESSED   0x00000029   Data   RW         6912    .data               bsp_basic_tim.o
    0x20000145   COMPRESSED   0x00000003   PAD
    0x20000148   COMPRESSED   0x0000000f   Data   RW         6989    .data               bsp_rtc.o
    0x20000157   COMPRESSED   0x00000001   PAD
    0x20000158   COMPRESSED   0x00000028   Data   RW         7080    .data               touchscreen.o
    0x20000180   COMPRESSED   0x00000004   Data   RW         7170    .data               ch376.o
    0x20000184   COMPRESSED   0x00000008   Data   RW         7618    .data               graph.o
    0x2000018c   COMPRESSED   0x0000002c   Data   RW         8225    .data               usbd_core.o
    0x200001b8   COMPRESSED   0x00000004   Data   RW         8226    .data               usbd_core.o
    0x200001bc   COMPRESSED   0x00000004   Data   RW         8227    .data               usbd_core.o
    0x200001c0   COMPRESSED   0x00000010   Data   RW         8391    .data               usbd_req.o
    0x200001d0   COMPRESSED   0x0000001c   Data   RW         8465    .data               usbd_usr.o
    0x200001ec   COMPRESSED   0x00000030   Data   RW         8533    .data               usbd_hid_core.o
    0x2000021c   COMPRESSED   0x0000005a   Data   RW         8534    .data               usbd_hid_core.o
    0x20000276   COMPRESSED   0x00000002   PAD
    0x20000278   COMPRESSED   0x0000001c   Data   RW         8595    .data               usbd_desc.o
    0x20000294   COMPRESSED   0x00000016   Data   RW         8596    .data               usbd_desc.o
    0x200002aa   COMPRESSED   0x0000000a   Data   RW         8597    .data               usbd_desc.o
    0x200002b4   COMPRESSED   0x00000004   Data   RW         9054    .data               mc_w.l(stdout.o)
    0x200002b8   COMPRESSED   0x00000004   Data   RW         9069    .data               mc_w.l(mvars.o)
    0x200002bc   COMPRESSED   0x00000004   Data   RW         9070    .data               mc_w.l(mvars.o)
    0x200002c0   COMPRESSED   0x00000004   Data   RW         9074    .data               mc_w.l(errno.o)
    0x200002c4        -       0x000007b0   Zero   RW         5165    .bss                main.o
    0x20000a74        -       0x00000027   Zero   RW         5405    .bss                stm32f4xx_it.o
    0x20000a9b        -       0x00000091   Zero   RW         6462    .bss                bsp_key.o
    0x20000b2c        -       0x00000046   Zero   RW         6988    .bss                bsp_rtc.o
    0x20000b72   COMPRESSED   0x00000002   PAD
    0x20000b74        -       0x00000050   Zero   RW         7079    .bss                touchscreen.o
    0x20000bc4        -       0x00000140   Zero   RW         7559    .bss                separation.o
    0x20000d04        -       0x00007d00   Zero   RW         7617    .bss                graph.o
    0x20008a04        -       0x00007e68   Zero   RW         7687    .bss                history.o
    0x2001086c        -       0x000000a0   Zero   RW         7754    .bss                calibarate.o
    0x2001090c        -       0x000000ff   Zero   RW         8390    .bss                usbd_req.o
    0x20010a0b   COMPRESSED   0x00000005   PAD
    0x20010a10        -       0x00000200   Zero   RW            2    HEAP                startup_stm32f429_439xx.o
    0x20010c10        -       0x00000400   Zero   RW            1    STACK               startup_stm32f429_439xx.o


==============================================================================

Image component sizes


      Code (inc. data)   RO Data    RW Data    ZI Data      Debug   Object Name

      1192        126          0         41          0       7784   bsp_basic_tim.o
        96         10          0          0          0        595   bsp_beep.o
       254         14          0          0          0       2374   bsp_debug_usart.o
     66760       6120        114         34        145      90920   bsp_key.o
      8154       1542          0         28          0      39176   bsp_lcd.o
      1228        144          0         15         70       3817   bsp_rtc.o
      1178         28          0          0          0       2585   bsp_sdram.o
      1052        158          0          4          0       7835   bsp_spi_flash.o
        56         10          0          0          0      27042   bsp_systick.o
      1180        194          0          0        160       1814   calibarate.o
       650         96          0          4          0       5872   ch376.o
       842          6          0          0          0      13424   filesys.o
         0          0     102596        120          0       4053   fonts.o
      9390        258          0          8      32000       5012   graph.o
       412        142          0          0          0        680   graphset.o
      4402        278          0          0      32360       6786   history.o
      5510        462         18          0          0       6262   home.o
     18858        770          0         52       1968      45964   main.o
       120         14          0          0          0       1715   misc.o
      7294         60          0          0          0       2862   power_on.o
      1120        194          0          0        320       1859   separation.o
      1276        426          0          0          0       1167   settings.o
        36          8        428          0       1536        956   startup_stm32f429_439xx.o
       306         20          0          0          0       5983   stm32f4xx_adc.o
       104          4          0          0          0       2537   stm32f4xx_dma.o
       240         18          0          0          0       3200   stm32f4xx_dma2d.o
       394          6          0          0          0       3727   stm32f4xx_fmc.o
       174          0          0          0          0       3843   stm32f4xx_gpio.o
       224         30          0          8         39       6254   stm32f4xx_it.o
       382         24          0          0          0       4462   stm32f4xx_ltdc.o
        12          6          0          0          0        574   stm32f4xx_pwr.o
       460         88          0         16          0      10682   stm32f4xx_rcc.o
       782         70          0          0          0       9462   stm32f4xx_rtc.o
        98          0          0          0          0       3814   stm32f4xx_spi.o
       332         36          0          0          0       7194   stm32f4xx_tim.o
       344          8          0          0          0       6715   stm32f4xx_usart.o
       864        360          0          0          0        823   sysinfo.o
       948        254          0          0          0        995   system.o
       300         36          0         20          0     372685   system_stm32f4xx.o
     16476       1272          0         40         80      21848   touchscreen.o
       292         24          0          0          0       4130   usb_bsp.o
      2094         32          0          0          0      20710   usb_core.o
       532          0          0          0          0       6543   usb_dcd.o
      1470         52          0          0          0       9102   usb_dcd_int.o
       650          4          0         52          0      10184   usbd_core.o
       268        160          0         60          0       5600   usbd_desc.o
       280         14          0        138          0       5303   usbd_hid_core.o
       136          0          0          0          0       3536   usbd_ioreq.o
      1204         52          0         16        255       8501   usbd_req.o
        64          8          0         28          0       3701   usbd_usr.o

    ----------------------------------------------------------------------
    160560      13638     103190        692      68940     822662   Object Totals
         0          0         32          0          0          0   (incl. Generated)
        70          0          2          8          7          0   (incl. Padding)

    ----------------------------------------------------------------------

      Code (inc. data)   RO Data    RW Data    ZI Data      Debug   Library Member Name

        56         12          0          0          0        132   atof.o
        86          0          0          0          0          0   __dczerorl2.o
        28          0          0          0          0         68   _chval.o
        64          0          0          0          0         84   _sgetc.o
       158          0          0          0          0         92   _strtoul.o
        26          0          0          0          0         80   atoi.o
         8          4        133          0          0         68   ctype_o.o
         0          0          0          0          0          0   entry.o
         0          0          0          0          0          0   entry10a.o
         0          0          0          0          0          0   entry11a.o
         8          4          0          0          0          0   entry2.o
         4          0          0          0          0          0   entry5.o
         0          0          0          0          0          0   entry7b.o
         0          0          0          0          0          0   entry8b.o
         8          4          0          0          0          0   entry9a.o
        32         16          0          4          0        204   errno.o
        30          0          0          0          0          0   handlers.o
        36          8          0          0          0         68   init.o
        18          0          0          0          0         76   isspace_o.o
         0          0          0          0          0          0   iusefp.o
        30          0          0          0          0         68   llshl.o
        36          0          0          0          0         68   llsshr.o
        32          0          0          0          0         68   llushr.o
       188         20          0          0          0        160   malloc.o
        36          0          0          0          0        108   memseta.o
         0          0          0          8          0          0   mvars.o
      2308         96          0          0          0        604   printfa.o
       878         12          0          0          0        216   scanf_fp.o
         0          0          0          4          0          0   stdout.o
        24          0          0          0          0         68   strcat.o
        28          0          0          0          0         76   strcmp.o
        18          0          0          0          0         68   strcpy.o
        14          0          0          0          0         68   strlen.o
        24          0          0          0          0         76   strncpy.o
       156         12          0          0          0        120   strtod.o
       112          0          0          0          0         88   strtol.o
        44          0          0          0          0         80   uidiv.o
        98          0          0          0          0         92   uldiv.o
        48          0          0          0          0         68   cdrcmple.o
        56          0          0          0          0         88   d2f.o
       334          0          0          0          0        148   dadd.o
       222          0          0          0          0        100   ddiv.o
       186          0          0          0          0        176   depilogue.o
        62          0          0          0          0         80   dfixi.o
        48          0          0          0          0         68   dfixul.o
        26          0          0          0          0         76   dfltui.o
        24          0          0          0          0         76   dfltul.o
       228          0          0          0          0         96   dmul.o
        38          0          0          0          0         68   f2d.o
       110          0          0          0          0        168   fepilogue.o

    ----------------------------------------------------------------------
      5976        188        134         16          0       4112   Library Totals
         6          0          1          0          0          0   (incl. Padding)

    ----------------------------------------------------------------------

      Code (inc. data)   RO Data    RW Data    ZI Data      Debug   Library Name

        56         12          0          0          0        132   m_wm.l
      4532        176        133         16          0       2768   mc_w.l
      1382          0          0          0          0       1212   mf_w.l

    ----------------------------------------------------------------------
      5976        188        134         16          0       4112   Library Totals

    ----------------------------------------------------------------------

==============================================================================


      Code (inc. data)   RO Data    RW Data    ZI Data      Debug   

    166536      13826     103324        708      68940     783974   Grand Totals
    166536      13826     103324        352      68940     783974   ELF Image Totals (compressed)
    166536      13826     103324        352          0          0   ROM Totals

==============================================================================

    Total RO  Size (Code + RO Data)               269860 ( 263.54kB)
    Total RW  Size (RW Data + ZI Data)             69648 (  68.02kB)
    Total ROM Size (Code + RO Data + RW Data)     270212 ( 263.88kB)

==============================================================================

